<DeviceMap
	Release = "11.0"
	Description = ""
	UserData = ""
	SetupFile = ""
	Interface = ""
	Separator = ""
	StartInterfaceNum = "0"
	Username = "">
	<Device
		<General
			Name = "192.168.127.1"
			MultiHome = "1"
			DHCP = "0"
			SubnetMask = "255.255.255.0"
			MacAddress = ""
			Interface = ""
			UserData = ""
			TopologyData = ""
			DisplayTag = "case110525-000004.txt.var"
			ModelingFile = ""
		/>
		<Snmp
			ReadCommunity = "public"
			WriteCommunity = "private"
			MibFile = "mib2.cmf"
			AgentFile = "C:\Workspace\SNMP\Walkfiles\ForSNMPUpdateToolTest\Foundry\case110525-000004.txt.var"
			TrapMgr = ""
			ResponseDelay = "0"
			SnmpStr = "V1V2V3"
			MtuSize = "1500"
			SnmpPort = "161"
			SecurityLevel = "NoAuthNoPriv"
		/>
	/>
	<Device
		<General
			Name = "192.168.127.2"
			MultiHome = "1"
			DHCP = "0"
			SubnetMask = "255.255.255.0"
			MacAddress = ""
			Interface = ""
			UserData = ""
			TopologyData = ""
			DisplayTag = "fcx648_ip_60_147.txt.var"
			ModelingFile = ""
		/>
		<Snmp
			ReadCommunity = "public"
			WriteCommunity = "private"
			MibFile = "mib2.cmf"
			AgentFile = "C:\Workspace\SNMP\Walkfiles\ForSNMPUpdateToolTest\Foundry\fcx648_ip_60_147.txt.var"
			TrapMgr = ""
			ResponseDelay = "0"
			SnmpStr = "V1V2V3"
			MtuSize = "1500"
			SnmpPort = "161"
			SecurityLevel = "NoAuthNoPriv"
		/>
	/>
	<Device
		<General
			Name = "192.168.127.3"
			MultiHome = "1"
			DHCP = "0"
			SubnetMask = "255.255.255.0"
			MacAddress = ""
			Interface = ""
			UserData = ""
			TopologyData = ""
			DisplayTag = "fesx448.txt.var"
			ModelingFile = ""
		/>
		<Snmp
			ReadCommunity = "public"
			WriteCommunity = "private"
			MibFile = "mib2.cmf"
			AgentFile = "C:\Workspace\SNMP\Walkfiles\ForSNMPUpdateToolTest\Foundry\fesx448.txt.var"
			TrapMgr = ""
			ResponseDelay = "0"
			SnmpStr = "V1V2V3"
			MtuSize = "1500"
			SnmpPort = "161"
			SecurityLevel = "NoAuthNoPriv"
		/>
	/>
	<Device
		<General
			Name = "192.168.127.4"
			MultiHome = "1"
			DHCP = "0"
			SubnetMask = "255.255.255.0"
			MacAddress = ""
			Interface = ""
			UserData = ""
			TopologyData = ""
			DisplayTag = "fesx448_ip_60_18.txt.var"
			ModelingFile = ""
		/>
		<Snmp
			ReadCommunity = "public"
			WriteCommunity = "private"
			MibFile = "mib2.cmf"
			AgentFile = "C:\Workspace\SNMP\Walkfiles\ForSNMPUpdateToolTest\Foundry\fesx448_ip_60_18.txt.var"
			TrapMgr = ""
			ResponseDelay = "0"
			SnmpStr = "V1V2V3"
			MtuSize = "1500"
			SnmpPort = "161"
			SecurityLevel = "NoAuthNoPriv"
		/>
	/>
	<Device
		<General
			Name = "192.168.127.5"
			MultiHome = "1"
			DHCP = "0"
			SubnetMask = "255.255.255.0"
			MacAddress = ""
			Interface = ""
			UserData = ""
			TopologyData = ""
			DisplayTag = "FGS648-LAB1.var"
			ModelingFile = ""
		/>
		<Snmp
			ReadCommunity = "public"
			WriteCommunity = "private"
			MibFile = "mib2.cmf"
			AgentFile = "C:\Workspace\SNMP\Walkfiles\ForSNMPUpdateToolTest\Foundry\FGS648-LAB1.var"
			TrapMgr = ""
			ResponseDelay = "0"
			SnmpStr = "V1V2V3"
			MtuSize = "1500"
			SnmpPort = "161"
			SecurityLevel = "NoAuthNoPriv"
		/>
	/>
	<Device
		<General
			Name = "192.168.127.6"
			MultiHome = "1"
			DHCP = "0"
			SubnetMask = "255.255.255.0"
			MacAddress = ""
			Interface = ""
			UserData = ""
			TopologyData = ""
			DisplayTag = "fgs648.var"
			ModelingFile = ""
		/>
		<Snmp
			ReadCommunity = "public"
			WriteCommunity = "private"
			MibFile = "mib2.cmf"
			AgentFile = "C:\Workspace\SNMP\Walkfiles\ForSNMPUpdateToolTest\Foundry\fgs648.var"
			TrapMgr = ""
			ResponseDelay = "0"
			SnmpStr = "V1V2V3"
			MtuSize = "1500"
			SnmpPort = "161"
			SecurityLevel = "NoAuthNoPriv"
		/>
	/>
	<Device
		<General
			Name = "192.168.127.7"
			MultiHome = "1"
			DHCP = "0"
			SubnetMask = "255.255.255.0"
			MacAddress = ""
			Interface = ""
			UserData = ""
			TopologyData = ""
			DisplayTag = "fgs648P_ip_60_103.txt.var"
			ModelingFile = ""
		/>
		<Snmp
			ReadCommunity = "public"
			WriteCommunity = "private"
			MibFile = "mib2.cmf"
			AgentFile = "C:\Workspace\SNMP\Walkfiles\ForSNMPUpdateToolTest\Foundry\fgs648P_ip_60_103.txt.var"
			TrapMgr = ""
			ResponseDelay = "0"
			SnmpStr = "V1V2V3"
			MtuSize = "1500"
			SnmpPort = "161"
			SecurityLevel = "NoAuthNoPriv"
		/>
	/>
	<Device
		<General
			Name = "192.168.127.8"
			MultiHome = "1"
			DHCP = "0"
			SubnetMask = "255.255.255.0"
			MacAddress = ""
			Interface = ""
			UserData = ""
			TopologyData = ""
			DisplayTag = "FLS648.txt.var"
			ModelingFile = ""
		/>
		<Snmp
			ReadCommunity = "public"
			WriteCommunity = "private"
			MibFile = "mib2.cmf"
			AgentFile = "C:\Workspace\SNMP\Walkfiles\ForSNMPUpdateToolTest\Foundry\FLS648.txt.var"
			TrapMgr = ""
			ResponseDelay = "0"
			SnmpStr = "V1V2V3"
			MtuSize = "1500"
			SnmpPort = "161"
			SecurityLevel = "NoAuthNoPriv"
		/>
	/>
	<Device
		<General
			Name = "192.168.127.9"
			MultiHome = "1"
			DHCP = "0"
			SubnetMask = "255.255.255.0"
			MacAddress = ""
			Interface = ""
			UserData = ""
			TopologyData = ""
			DisplayTag = "fls648_ip_60_13.txt.var"
			ModelingFile = ""
		/>
		<Snmp
			ReadCommunity = "public"
			WriteCommunity = "private"
			MibFile = "mib2.cmf"
			AgentFile = "C:\Workspace\SNMP\Walkfiles\ForSNMPUpdateToolTest\Foundry\fls648_ip_60_13.txt.var"
			TrapMgr = ""
			ResponseDelay = "0"
			SnmpStr = "V1V2V3"
			MtuSize = "1500"
			SnmpPort = "161"
			SecurityLevel = "NoAuthNoPriv"
		/>
	/>
	<Device
		<General
			Name = "192.168.127.10"
			MultiHome = "1"
			DHCP = "0"
			SubnetMask = "255.255.255.0"
			MacAddress = ""
			Interface = ""
			UserData = ""
			TopologyData = ""
			DisplayTag = "Foundry 3R-Stack13.var"
			ModelingFile = ""
		/>
		<Snmp
			ReadCommunity = "public"
			WriteCommunity = "private"
			MibFile = "mib2.cmf"
			AgentFile = "C:\Workspace\SNMP\Walkfiles\ForSNMPUpdateToolTest\Foundry\Foundry 3R-Stack13.var"
			TrapMgr = ""
			ResponseDelay = "0"
			SnmpStr = "V1V2V3"
			MtuSize = "1500"
			SnmpPort = "161"
			SecurityLevel = "NoAuthNoPriv"
		/>
	/>
	<Device
		<General
			Name = "192.168.127.11"
			MultiHome = "1"
			DHCP = "0"
			SubnetMask = "255.255.255.0"
			MacAddress = ""
			Interface = ""
			UserData = ""
			TopologyData = ""
			DisplayTag = "Foundry FastIRON Super X.txt.var"
			ModelingFile = ""
		/>
		<Snmp
			ReadCommunity = "public"
			WriteCommunity = "private"
			MibFile = "mib2.cmf"
			AgentFile = "C:\Workspace\SNMP\Walkfiles\ForSNMPUpdateToolTest\Foundry\Foundry FastIRON Super X.txt.var"
			TrapMgr = ""
			ResponseDelay = "0"
			SnmpStr = "V1V2V3"
			MtuSize = "1500"
			SnmpPort = "161"
			SecurityLevel = "NoAuthNoPriv"
		/>
	/>
	<Device
		<General
			Name = "192.168.127.12"
			MultiHome = "1"
			DHCP = "0"
			SubnetMask = "255.255.255.0"
			MacAddress = ""
			Interface = ""
			UserData = ""
			TopologyData = ""
			DisplayTag = "Foundry FCX648POE-1R-S.txt.var"
			ModelingFile = ""
		/>
		<Snmp
			ReadCommunity = "public"
			WriteCommunity = "private"
			MibFile = "mib2.cmf"
			AgentFile = "C:\Workspace\SNMP\Walkfiles\ForSNMPUpdateToolTest\Foundry\Foundry FCX648POE-1R-S.txt.var"
			TrapMgr = ""
			ResponseDelay = "0"
			SnmpStr = "V1V2V3"
			MtuSize = "1500"
			SnmpPort = "161"
			SecurityLevel = "NoAuthNoPriv"
		/>
	/>
	<Device
		<General
			Name = "192.168.127.13"
			MultiHome = "1"
			DHCP = "0"
			SubnetMask = "255.255.255.0"
			MacAddress = ""
			Interface = ""
			UserData = ""
			TopologyData = ""
			DisplayTag = "Foundry FCX648POE-2B-1.var"
			ModelingFile = ""
		/>
		<Snmp
			ReadCommunity = "public"
			WriteCommunity = "private"
			MibFile = "mib2.cmf"
			AgentFile = "C:\Workspace\SNMP\Walkfiles\ForSNMPUpdateToolTest\Foundry\Foundry FCX648POE-2B-1.var"
			TrapMgr = ""
			ResponseDelay = "0"
			SnmpStr = "V1V2V3"
			MtuSize = "1500"
			SnmpPort = "161"
			SecurityLevel = "NoAuthNoPriv"
		/>
	/>
	<Device
		<General
			Name = "192.168.127.14"
			MultiHome = "1"
			DHCP = "0"
			SubnetMask = "255.255.255.0"
			MacAddress = ""
			Interface = ""
			UserData = ""
			TopologyData = ""
			DisplayTag = "Foundry FCX648POE-3R-S.var"
			ModelingFile = ""
		/>
		<Snmp
			ReadCommunity = "public"
			WriteCommunity = "private"
			MibFile = "mib2.cmf"
			AgentFile = "C:\Workspace\SNMP\Walkfiles\ForSNMPUpdateToolTest\Foundry\Foundry FCX648POE-3R-S.var"
			TrapMgr = ""
			ResponseDelay = "0"
			SnmpStr = "V1V2V3"
			MtuSize = "1500"
			SnmpPort = "161"
			SecurityLevel = "NoAuthNoPriv"
		/>
	/>
	<Device
		<General
			Name = "192.168.127.15"
			MultiHome = "1"
			DHCP = "0"
			SubnetMask = "255.255.255.0"
			MacAddress = ""
			Interface = ""
			UserData = ""
			TopologyData = ""
			DisplayTag = "Foundry FGS624POE-QR1-Electrical.var"
			ModelingFile = ""
		/>
		<Snmp
			ReadCommunity = "public"
			WriteCommunity = "private"
			MibFile = "mib2.cmf"
			AgentFile = "C:\Workspace\SNMP\Walkfiles\ForSNMPUpdateToolTest\Foundry\Foundry FGS624POE-QR1-Electrical.var"
			TrapMgr = ""
			ResponseDelay = "0"
			SnmpStr = "V1V2V3"
			MtuSize = "1500"
			SnmpPort = "161"
			SecurityLevel = "NoAuthNoPriv"
		/>
	/>
	<Device
		<General
			Name = "192.168.127.16"
			MultiHome = "1"
			DHCP = "0"
			SubnetMask = "255.255.255.0"
			MacAddress = ""
			Interface = ""
			UserData = ""
			TopologyData = ""
			DisplayTag = "Foundry FGS648POE-1B-1 (2).var"
			ModelingFile = ""
		/>
		<Snmp
			ReadCommunity = "public"
			WriteCommunity = "private"
			MibFile = "mib2.cmf"
			AgentFile = "C:\Workspace\SNMP\Walkfiles\ForSNMPUpdateToolTest\Foundry\Foundry FGS648POE-1B-1 (2).var"
			TrapMgr = ""
			ResponseDelay = "0"
			SnmpStr = "V1V2V3"
			MtuSize = "1500"
			SnmpPort = "161"
			SecurityLevel = "NoAuthNoPriv"
		/>
	/>
	<Device
		<General
			Name = "192.168.127.17"
			MultiHome = "1"
			DHCP = "0"
			SubnetMask = "255.255.255.0"
			MacAddress = ""
			Interface = ""
			UserData = ""
			TopologyData = ""
			DisplayTag = "Foundry FGS648POE-1B-1.var"
			ModelingFile = ""
		/>
		<Snmp
			ReadCommunity = "public"
			WriteCommunity = "private"
			MibFile = "mib2.cmf"
			AgentFile = "C:\Workspace\SNMP\Walkfiles\ForSNMPUpdateToolTest\Foundry\Foundry FGS648POE-1B-1.var"
			TrapMgr = ""
			ResponseDelay = "0"
			SnmpStr = "V1V2V3"
			MtuSize = "1500"
			SnmpPort = "161"
			SecurityLevel = "NoAuthNoPriv"
		/>
	/>
	<Device
		<General
			Name = "192.168.127.18"
			MultiHome = "1"
			DHCP = "0"
			SubnetMask = "255.255.255.0"
			MacAddress = ""
			Interface = ""
			UserData = ""
			TopologyData = ""
			DisplayTag = "Foundry FGS648POE-1B-3.var"
			ModelingFile = ""
		/>
		<Snmp
			ReadCommunity = "public"
			WriteCommunity = "private"
			MibFile = "mib2.cmf"
			AgentFile = "C:\Workspace\SNMP\Walkfiles\ForSNMPUpdateToolTest\Foundry\Foundry FGS648POE-1B-3.var"
			TrapMgr = ""
			ResponseDelay = "0"
			SnmpStr = "V1V2V3"
			MtuSize = "1500"
			SnmpPort = "161"
			SecurityLevel = "NoAuthNoPriv"
		/>
	/>
	<Device
		<General
			Name = "192.168.127.19"
			MultiHome = "1"
			DHCP = "0"
			SubnetMask = "255.255.255.0"
			MacAddress = ""
			Interface = ""
			UserData = ""
			TopologyData = ""
			DisplayTag = "Foundry FGS648POE-1B-5.var"
			ModelingFile = ""
		/>
		<Snmp
			ReadCommunity = "public"
			WriteCommunity = "private"
			MibFile = "mib2.cmf"
			AgentFile = "C:\Workspace\SNMP\Walkfiles\ForSNMPUpdateToolTest\Foundry\Foundry FGS648POE-1B-5.var"
			TrapMgr = ""
			ResponseDelay = "0"
			SnmpStr = "V1V2V3"
			MtuSize = "1500"
			SnmpPort = "161"
			SecurityLevel = "NoAuthNoPriv"
		/>
	/>
	<Device
		<General
			Name = "192.168.127.20"
			MultiHome = "1"
			DHCP = "0"
			SubnetMask = "255.255.255.0"
			MacAddress = ""
			Interface = ""
			UserData = ""
			TopologyData = ""
			DisplayTag = "Foundry SX800POE-2B-2.var"
			ModelingFile = ""
		/>
		<Snmp
			ReadCommunity = "public"
			WriteCommunity = "private"
			MibFile = "mib2.cmf"
			AgentFile = "C:\Workspace\SNMP\Walkfiles\ForSNMPUpdateToolTest\Foundry\Foundry SX800POE-2B-2.var"
			TrapMgr = ""
			ResponseDelay = "0"
			SnmpStr = "V1V2V3"
			MtuSize = "1500"
			SnmpPort = "161"
			SecurityLevel = "NoAuthNoPriv"
		/>
	/>
	<Device
		<General
			Name = "192.168.127.21"
			MultiHome = "1"
			DHCP = "0"
			SubnetMask = "255.255.255.0"
			MacAddress = ""
			Interface = ""
			UserData = ""
			TopologyData = ""
			DisplayTag = "Foundry-16.var"
			ModelingFile = ""
		/>
		<Snmp
			ReadCommunity = "public"
			WriteCommunity = "private"
			MibFile = "mib2.cmf"
			AgentFile = "C:\Workspace\SNMP\Walkfiles\ForSNMPUpdateToolTest\Foundry\Foundry-16.var"
			TrapMgr = ""
			ResponseDelay = "0"
			SnmpStr = "V1V2V3"
			MtuSize = "1500"
			SnmpPort = "161"
			SecurityLevel = "NoAuthNoPriv"
		/>
	/>
	<Device
		<General
			Name = "192.168.127.22"
			MultiHome = "1"
			DHCP = "0"
			SubnetMask = "255.255.255.0"
			MacAddress = ""
			Interface = ""
			UserData = ""
			TopologyData = ""
			DisplayTag = "FoundryFastIRONSuperX.var"
			ModelingFile = ""
		/>
		<Snmp
			ReadCommunity = "public"
			WriteCommunity = "private"
			MibFile = "mib2.cmf"
			AgentFile = "C:\Workspace\SNMP\Walkfiles\ForSNMPUpdateToolTest\Foundry\FoundryFastIRONSuperX.var"
			TrapMgr = ""
			ResponseDelay = "0"
			SnmpStr = "V1V2V3"
			MtuSize = "1500"
			SnmpPort = "161"
			SecurityLevel = "NoAuthNoPriv"
		/>
	/>
	<Device
		<General
			Name = "192.168.127.23"
			MultiHome = "1"
			DHCP = "0"
			SubnetMask = "255.255.255.0"
			MacAddress = ""
			Interface = ""
			UserData = ""
			TopologyData = ""
			DisplayTag = "fws648.var"
			ModelingFile = ""
		/>
		<Snmp
			ReadCommunity = "public"
			WriteCommunity = "private"
			MibFile = "mib2.cmf"
			AgentFile = "C:\Workspace\SNMP\Walkfiles\ForSNMPUpdateToolTest\Foundry\fws648.var"
			TrapMgr = ""
			ResponseDelay = "0"
			SnmpStr = "V1V2V3"
			MtuSize = "1500"
			SnmpPort = "161"
			SecurityLevel = "NoAuthNoPriv"
		/>
	/>
	<Device
		<General
			Name = "192.168.127.24"
			MultiHome = "1"
			DHCP = "0"
			SubnetMask = "255.255.255.0"
			MacAddress = ""
			Interface = ""
			UserData = ""
			TopologyData = ""
			DisplayTag = "fwx648.var"
			ModelingFile = ""
		/>
		<Snmp
			ReadCommunity = "public"
			WriteCommunity = "private"
			MibFile = "mib2.cmf"
			AgentFile = "C:\Workspace\SNMP\Walkfiles\ForSNMPUpdateToolTest\Foundry\fwx648.var"
			TrapMgr = ""
			ResponseDelay = "0"
			SnmpStr = "V1V2V3"
			MtuSize = "1500"
			SnmpPort = "161"
			SecurityLevel = "NoAuthNoPriv"
		/>
	/>
	<Device
		<General
			Name = "192.168.127.25"
			MultiHome = "1"
			DHCP = "0"
			SubnetMask = "255.255.255.0"
			MacAddress = ""
			Interface = ""
			UserData = ""
			TopologyData = ""
			DisplayTag = "mibwalkfile-MSC-Switzerland-Foundry-Switch.var"
			ModelingFile = ""
		/>
		<Snmp
			ReadCommunity = "public"
			WriteCommunity = "private"
			MibFile = "mib2.cmf"
			AgentFile = "C:\Workspace\SNMP\Walkfiles\ForSNMPUpdateToolTest\Foundry\mibwalkfile-MSC-Switzerland-Foundry-Switch.var"
			TrapMgr = ""
			ResponseDelay = "0"
			SnmpStr = "V1V2V3"
			MtuSize = "1500"
			SnmpPort = "161"
			SecurityLevel = "NoAuthNoPriv"
		/>
	/>
	<Device
		<General
			Name = "192.168.127.26"
			MultiHome = "1"
			DHCP = "0"
			SubnetMask = "255.255.255.0"
			MacAddress = ""
			Interface = ""
			UserData = ""
			TopologyData = ""
			DisplayTag = "superx.var"
			ModelingFile = ""
		/>
		<Snmp
			ReadCommunity = "public"
			WriteCommunity = "private"
			MibFile = "mib2.cmf"
			AgentFile = "C:\Workspace\SNMP\Walkfiles\ForSNMPUpdateToolTest\Foundry\superx.var"
			TrapMgr = ""
			ResponseDelay = "0"
			SnmpStr = "V1V2V3"
			MtuSize = "1500"
			SnmpPort = "161"
			SecurityLevel = "NoAuthNoPriv"
		/>
	/>
	<Device
		<General
			Name = "192.168.127.27"
			MultiHome = "1"
			DHCP = "0"
			SubnetMask = "255.255.255.0"
			MacAddress = ""
			Interface = ""
			UserData = ""
			TopologyData = ""
			DisplayTag = "sx800_ip_60_133.txt.var"
			ModelingFile = ""
		/>
		<Snmp
			ReadCommunity = "public"
			WriteCommunity = "private"
			MibFile = "mib2.cmf"
			AgentFile = "C:\Workspace\SNMP\Walkfiles\ForSNMPUpdateToolTest\Foundry\sx800_ip_60_133.txt.var"
			TrapMgr = ""
			ResponseDelay = "0"
			SnmpStr = "V1V2V3"
			MtuSize = "1500"
			SnmpPort = "161"
			SecurityLevel = "NoAuthNoPriv"
		/>
	/>
</DeviceMap>
