<DeviceMap
	Release = "11.0"
	Description = ""
	UserData = ""
	SetupFile = ""
	Interface = ""
	Separator = ""
	StartInterfaceNum = "0"
	Username = "">
	<Device
		<General
			Name = "192.168.30.1"
			MultiHome = "1"
			DHCP = "0"
			SubnetMask = "255.255.255.0"
			MacAddress = ""
			Interface = ""
			UserData = ""
			TopologyData = ""
			DisplayTag = ""
			ModelingFile = ""
		/>
		<Snmp
			ReadCommunity = "public"
			WriteCommunity = "private"
			MibFile = "mib2.cmf"
			AgentFile = "C:\Workspace\SNMP\Walkfiles\LargeMountSwitchesTest\Cisco6509_1_LessMAC.var"
			TrapMgr = ""
			ResponseDelay = "0"
			SnmpStr = "V1V2V3"
			MtuSize = "1500"
			SnmpPort = "161"
			SecurityLevel = "NoAuthNoPriv"
		/>
	/>
	<Device
		<General
			Name = "192.168.30.2"
			MultiHome = "1"
			DHCP = "0"
			SubnetMask = "255.255.255.0"
			MacAddress = ""
			Interface = ""
			UserData = ""
			TopologyData = ""
			DisplayTag = ""
			ModelingFile = ""
		/>
		<Snmp
			ReadCommunity = "public"
			WriteCommunity = "private"
			MibFile = "mib2.cmf"
			AgentFile = "C:\Workspace\SNMP\Walkfiles\LargeMountSwitchesTest\Cisco6509_2.var"
			TrapMgr = ""
			ResponseDelay = "0"
			SnmpStr = "V1V2V3"
			MtuSize = "1500"
			SnmpPort = "161"
			SecurityLevel = "NoAuthNoPriv"
		/>
	/>
	<Device
		<General
			Name = "192.168.30.3"
			MultiHome = "1"
			DHCP = "0"
			SubnetMask = "255.255.255.0"
			MacAddress = ""
			Interface = ""
			UserData = ""
			TopologyData = ""
			DisplayTag = ""
			ModelingFile = ""
		/>
		<Snmp
			ReadCommunity = "public"
			WriteCommunity = "private"
			MibFile = "mib2.cmf"
			AgentFile = "C:\Workspace\SNMP\Walkfiles\LargeMountSwitchesTest\Cisco6509_3.var"
			TrapMgr = ""
			ResponseDelay = "0"
			SnmpStr = "V1V2V3"
			MtuSize = "1500"
			SnmpPort = "161"
			SecurityLevel = "NoAuthNoPriv"
		/>
	/>
	<Device
		<General
			Name = "192.168.30.4"
			MultiHome = "1"
			DHCP = "0"
			SubnetMask = "255.255.255.0"
			MacAddress = ""
			Interface = ""
			UserData = ""
			TopologyData = ""
			DisplayTag = ""
			ModelingFile = ""
		/>
		<Snmp
			ReadCommunity = "public"
			WriteCommunity = "private"
			MibFile = "mib2.cmf"
			AgentFile = "C:\Workspace\SNMP\Walkfiles\LargeMountSwitchesTest\Cisco6509_331.var"
			TrapMgr = ""
			ResponseDelay = "0"
			SnmpStr = "V1V2V3"
			MtuSize = "1500"
			SnmpPort = "161"
			SecurityLevel = "NoAuthNoPriv"
		/>
	/>
	<Device
		<General
			Name = "192.168.30.5"
			MultiHome = "1"
			DHCP = "0"
			SubnetMask = "255.255.255.0"
			MacAddress = ""
			Interface = ""
			UserData = ""
			TopologyData = ""
			DisplayTag = ""
			ModelingFile = ""
		/>
		<Snmp
			ReadCommunity = "public"
			WriteCommunity = "private"
			MibFile = "mib2.cmf"
			AgentFile = "C:\Workspace\SNMP\Walkfiles\LargeMountSwitchesTest\6.3R and 6.4G\H3C7510E.var"
			TrapMgr = ""
			ResponseDelay = "0"
			SnmpStr = "V1V2V3"
			MtuSize = "1500"
			SnmpPort = "161"
			SecurityLevel = "NoAuthNoPriv"
		/>
	/>
	<Device
		<General
			Name = "192.168.30.6"
			MultiHome = "1"
			DHCP = "0"
			SubnetMask = "255.255.255.0"
			MacAddress = ""
			Interface = ""
			UserData = ""
			TopologyData = ""
			DisplayTag = ""
			ModelingFile = ""
		/>
		<Snmp
			ReadCommunity = "public"
			WriteCommunity = "private"
			MibFile = "mib2.cmf"
			AgentFile = "C:\Workspace\SNMP\Walkfiles\LargeMountSwitchesTest\6.3R and 6.4G\H3C7506E.var"
			TrapMgr = ""
			ResponseDelay = "0"
			SnmpStr = "V1V2V3"
			MtuSize = "1500"
			SnmpPort = "161"
			SecurityLevel = "NoAuthNoPriv"
		/>
	/>
	<Device
		<General
			Name = "192.168.30.7"
			MultiHome = "1"
			DHCP = "0"
			SubnetMask = "255.255.255.0"
			MacAddress = ""
			Interface = ""
			UserData = ""
			TopologyData = ""
			DisplayTag = ""
			ModelingFile = ""
		/>
		<Snmp
			ReadCommunity = "public"
			WriteCommunity = "private"
			MibFile = "mib2.cmf"
			AgentFile = "C:\Workspace\SNMP\Walkfiles\LargeMountSwitchesTest\6.3R and 6.4G\10_10_10_228.var"
			TrapMgr = ""
			ResponseDelay = "0"
			SnmpStr = "V1V2V3"
			MtuSize = "1500"
			SnmpPort = "161"
			SecurityLevel = "NoAuthNoPriv"
		/>
	/>
	<Device
		<General
			Name = "192.168.30.8"
			MultiHome = "1"
			DHCP = "0"
			SubnetMask = "255.255.255.0"
			MacAddress = ""
			Interface = ""
			UserData = ""
			TopologyData = ""
			DisplayTag = ""
			ModelingFile = ""
		/>
		<Snmp
			ReadCommunity = "public"
			WriteCommunity = "private"
			MibFile = "mib2.cmf"
			AgentFile = "C:\Workspace\SNMP\Walkfiles\LargeMountSwitchesTest\6.3R and 6.4G\192.168.5.250.var"
			TrapMgr = ""
			ResponseDelay = "0"
			SnmpStr = "V1V2V3"
			MtuSize = "1500"
			SnmpPort = "161"
			SecurityLevel = "NoAuthNoPriv"
		/>
	/>
	<Device
		<General
			Name = "192.168.30.9"
			MultiHome = "1"
			DHCP = "0"
			SubnetMask = "255.255.255.0"
			MacAddress = ""
			Interface = ""
			UserData = ""
			TopologyData = ""
			DisplayTag = ""
			ModelingFile = ""
		/>
		<Snmp
			ReadCommunity = "public"
			WriteCommunity = "private"
			MibFile = "mib2.cmf"
			AgentFile = "C:\Workspace\SNMP\Walkfiles\LargeMountSwitchesTest\6.3R and 6.4G\192.168.5.254.var"
			TrapMgr = ""
			ResponseDelay = "0"
			SnmpStr = "V1V2V3"
			MtuSize = "1500"
			SnmpPort = "161"
			SecurityLevel = "NoAuthNoPriv"
		/>
	/>
	<Device
		<General
			Name = "192.168.30.10"
			MultiHome = "1"
			DHCP = "0"
			SubnetMask = "255.255.255.0"
			MacAddress = ""
			Interface = ""
			UserData = ""
			TopologyData = ""
			DisplayTag = ""
			ModelingFile = ""
		/>
		<Snmp
			ReadCommunity = "public"
			WriteCommunity = "private"
			MibFile = "mib2.cmf"
			AgentFile = "C:\Workspace\SNMP\Walkfiles\LargeMountSwitchesTest\6506vss.var"
			TrapMgr = ""
			ResponseDelay = "0"
			SnmpStr = "V1V2V3"
			MtuSize = "1500"
			SnmpPort = "161"
			SecurityLevel = "NoAuthNoPriv"
		/>
	/>
	<Device
		<General
			Name = "192.168.30.11"
			MultiHome = "1"
			DHCP = "0"
			SubnetMask = "255.255.255.0"
			MacAddress = ""
			Interface = ""
			UserData = ""
			TopologyData = ""
			DisplayTag = ""
			ModelingFile = ""
		/>
		<Snmp
			ReadCommunity = "public"
			WriteCommunity = "private"
			MibFile = "mib2.cmf"
			AgentFile = "C:\Workspace\SNMP\Walkfiles\LargeMountSwitchesTest\6.4T and 6.5K\WS-C2960S-48LPS-L.var"
			TrapMgr = ""
			ResponseDelay = "0"
			SnmpStr = "V1V2V3"
			MtuSize = "1500"
			SnmpPort = "161"
			SecurityLevel = "NoAuthNoPriv"
		/>
	/>
	<Device
		<General
			Name = "192.168.30.12"
			MultiHome = "1"
			DHCP = "0"
			SubnetMask = "255.255.255.0"
			MacAddress = ""
			Interface = ""
			UserData = ""
			TopologyData = ""
			DisplayTag = ""
			ModelingFile = ""
		/>
		<Snmp
			ReadCommunity = "public"
			WriteCommunity = "private"
			MibFile = "mib2.cmf"
			AgentFile = "C:\Workspace\SNMP\Walkfiles\LargeMountSwitchesTest\6.3R and 6.4G\H3C7502E.var"
			TrapMgr = ""
			ResponseDelay = "0"
			SnmpStr = "V1V2V3"
			MtuSize = "1500"
			SnmpPort = "161"
			SecurityLevel = "NoAuthNoPriv"
		/>
	/>
	<Device
		<General
			Name = "192.168.30.13"
			MultiHome = "1"
			DHCP = "0"
			SubnetMask = "255.255.255.0"
			MacAddress = ""
			Interface = ""
			UserData = ""
			TopologyData = ""
			DisplayTag = ""
			ModelingFile = ""
		/>
		<Snmp
			ReadCommunity = "public"
			WriteCommunity = "private"
			MibFile = "mib2.cmf"
			AgentFile = "C:\Workspace\SNMP\Walkfiles\LargeMountSwitchesTest\6.3R and 6.4G\H3C7506E.var"
			TrapMgr = ""
			ResponseDelay = "0"
			SnmpStr = "V1V2V3"
			MtuSize = "1500"
			SnmpPort = "161"
			SecurityLevel = "NoAuthNoPriv"
		/>
	/>
	<Device
		<General
			Name = "192.168.30.14"
			MultiHome = "1"
			DHCP = "0"
			SubnetMask = "255.255.255.0"
			MacAddress = ""
			Interface = ""
			UserData = ""
			TopologyData = ""
			DisplayTag = ""
			ModelingFile = ""
		/>
		<Snmp
			ReadCommunity = "public"
			WriteCommunity = "private"
			MibFile = "mib2.cmf"
			AgentFile = "C:\Workspace\SNMP\Walkfiles\LargeMountSwitchesTest\6.3R and 6.4G\H3C7510E.var"
			TrapMgr = ""
			ResponseDelay = "0"
			SnmpStr = "V1V2V3"
			MtuSize = "1500"
			SnmpPort = "161"
			SecurityLevel = "NoAuthNoPriv"
		/>
	/>
	<Device
		<General
			Name = "192.168.30.15"
			MultiHome = "1"
			DHCP = "0"
			SubnetMask = "255.255.255.0"
			MacAddress = ""
			Interface = ""
			UserData = ""
			TopologyData = ""
			DisplayTag = ""
			ModelingFile = ""
		/>
		<Snmp
			ReadCommunity = "public"
			WriteCommunity = "private"
			MibFile = "mib2.cmf"
			AgentFile = "C:\Workspace\SNMP\Walkfiles\LargeMountSwitchesTest\6.3R and 6.4G\mibwalk4507R-E.var"
			TrapMgr = ""
			ResponseDelay = "0"
			SnmpStr = "V1V2V3"
			MtuSize = "1500"
			SnmpPort = "161"
			SecurityLevel = "NoAuthNoPriv"
		/>
	/>
	<Device
		<General
			Name = "192.168.30.16"
			MultiHome = "1"
			DHCP = "0"
			SubnetMask = "255.255.255.0"
			MacAddress = ""
			Interface = ""
			UserData = ""
			TopologyData = ""
			DisplayTag = ""
			ModelingFile = ""
		/>
		<Snmp
			ReadCommunity = "public"
			WriteCommunity = "private"
			MibFile = "mib2.cmf"
			AgentFile = "C:\Workspace\SNMP\Walkfiles\LargeMountSwitchesTest\6.3R and 6.4G\S5600-50C_20100608.var"
			TrapMgr = ""
			ResponseDelay = "0"
			SnmpStr = "V1V2V3"
			MtuSize = "1500"
			SnmpPort = "161"
			SecurityLevel = "NoAuthNoPriv"
		/>
	/>
	<Device
		<General
			Name = "192.168.30.17"
			MultiHome = "1"
			DHCP = "0"
			SubnetMask = "255.255.255.0"
			MacAddress = ""
			Interface = ""
			UserData = ""
			TopologyData = ""
			DisplayTag = ""
			ModelingFile = ""
		/>
		<Snmp
			ReadCommunity = "public"
			WriteCommunity = "private"
			MibFile = "mib2.cmf"
			AgentFile = "C:\Workspace\SNMP\Walkfiles\LargeMountSwitchesTest\6.3R and 6.4G\S7502E-Update.var"
			TrapMgr = ""
			ResponseDelay = "0"
			SnmpStr = "V1V2V3"
			MtuSize = "1500"
			SnmpPort = "161"
			SecurityLevel = "NoAuthNoPriv"
		/>
	/>
	<Device
		<General
			Name = "192.168.30.18"
			MultiHome = "1"
			DHCP = "0"
			SubnetMask = "255.255.255.0"
			MacAddress = ""
			Interface = ""
			UserData = ""
			TopologyData = ""
			DisplayTag = ""
			ModelingFile = ""
		/>
		<Snmp
			ReadCommunity = "public"
			WriteCommunity = "private"
			MibFile = "mib2.cmf"
			AgentFile = "C:\Workspace\SNMP\Walkfiles\LargeMountSwitchesTest\6.3R and 6.4G\S7506E-Update.var"
			TrapMgr = ""
			ResponseDelay = "0"
			SnmpStr = "V1V2V3"
			MtuSize = "1500"
			SnmpPort = "161"
			SecurityLevel = "NoAuthNoPriv"
		/>
	/>
	<Device
		<General
			Name = "192.168.30.19"
			MultiHome = "1"
			DHCP = "0"
			SubnetMask = "255.255.255.0"
			MacAddress = ""
			Interface = ""
			UserData = ""
			TopologyData = ""
			DisplayTag = ""
			ModelingFile = ""
		/>
		<Snmp
			ReadCommunity = "public"
			WriteCommunity = "private"
			MibFile = "mib2.cmf"
			AgentFile = "C:\Workspace\SNMP\Walkfiles\LargeMountSwitchesTest\6.3R and 6.4G\S7510E-Update.var"
			TrapMgr = ""
			ResponseDelay = "0"
			SnmpStr = "V1V2V3"
			MtuSize = "1500"
			SnmpPort = "161"
			SecurityLevel = "NoAuthNoPriv"
		/>
	/>
	<Device
		<General
			Name = "192.168.30.20"
			MultiHome = "1"
			DHCP = "0"
			SubnetMask = "255.255.255.0"
			MacAddress = ""
			Interface = ""
			UserData = ""
			TopologyData = ""
			DisplayTag = ""
			ModelingFile = ""
		/>
		<Snmp
			ReadCommunity = "public"
			WriteCommunity = "private"
			MibFile = "mib2.cmf"
			AgentFile = "C:\Workspace\SNMP\Walkfiles\LargeMountSwitchesTest\6.3S and 6.4H\192.168.5.250.var"
			TrapMgr = ""
			ResponseDelay = "0"
			SnmpStr = "V1V2V3"
			MtuSize = "1500"
			SnmpPort = "161"
			SecurityLevel = "NoAuthNoPriv"
		/>
	/>
	<Device
		<General
			Name = "192.168.30.21"
			MultiHome = "1"
			DHCP = "0"
			SubnetMask = "255.255.255.0"
			MacAddress = ""
			Interface = ""
			UserData = ""
			TopologyData = ""
			DisplayTag = ""
			ModelingFile = ""
		/>
		<Snmp
			ReadCommunity = "public"
			WriteCommunity = "private"
			MibFile = "mib2.cmf"
			AgentFile = "C:\Workspace\SNMP\Walkfiles\LargeMountSwitchesTest\6.3S and 6.4H\192.168.5.254.var"
			TrapMgr = ""
			ResponseDelay = "0"
			SnmpStr = "V1V2V3"
			MtuSize = "1500"
			SnmpPort = "161"
			SecurityLevel = "NoAuthNoPriv"
		/>
	/>
	<Device
		<General
			Name = "192.168.30.22"
			MultiHome = "1"
			DHCP = "0"
			SubnetMask = "255.255.255.0"
			MacAddress = ""
			Interface = ""
			UserData = ""
			TopologyData = ""
			DisplayTag = ""
			ModelingFile = ""
		/>
		<Snmp
			ReadCommunity = "public"
			WriteCommunity = "private"
			MibFile = "mib2.cmf"
			AgentFile = "C:\Workspace\SNMP\Walkfiles\LargeMountSwitchesTest\6.3S and 6.4H\20100723-6509NEBA.var"
			TrapMgr = ""
			ResponseDelay = "0"
			SnmpStr = "V1V2V3"
			MtuSize = "1500"
			SnmpPort = "161"
			SecurityLevel = "NoAuthNoPriv"
		/>
	/>
	<Device
		<General
			Name = "192.168.30.23"
			MultiHome = "1"
			DHCP = "0"
			SubnetMask = "255.255.255.0"
			MacAddress = ""
			Interface = ""
			UserData = ""
			TopologyData = ""
			DisplayTag = ""
			ModelingFile = ""
		/>
		<Snmp
			ReadCommunity = "public"
			WriteCommunity = "private"
			MibFile = "mib2.cmf"
			AgentFile = "C:\Workspace\SNMP\Walkfiles\LargeMountSwitchesTest\6.3S and 6.4H\Alpine 3808.var"
			TrapMgr = ""
			ResponseDelay = "0"
			SnmpStr = "V1V2V3"
			MtuSize = "1500"
			SnmpPort = "161"
			SecurityLevel = "NoAuthNoPriv"
		/>
	/>
	<Device
		<General
			Name = "192.168.30.24"
			MultiHome = "1"
			DHCP = "0"
			SubnetMask = "255.255.255.0"
			MacAddress = ""
			Interface = ""
			UserData = ""
			TopologyData = ""
			DisplayTag = ""
			ModelingFile = ""
		/>
		<Snmp
			ReadCommunity = "public"
			WriteCommunity = "private"
			MibFile = "mib2.cmf"
			AgentFile = "C:\Workspace\SNMP\Walkfiles\LargeMountSwitchesTest\6.3S and 6.4H\Alpine 3808.var"
			TrapMgr = ""
			ResponseDelay = "0"
			SnmpStr = "V1V2V3"
			MtuSize = "1500"
			SnmpPort = "161"
			SecurityLevel = "NoAuthNoPriv"
		/>
	/>
	<Device
		<General
			Name = "192.168.30.25"
			MultiHome = "1"
			DHCP = "0"
			SubnetMask = "255.255.255.0"
			MacAddress = ""
			Interface = ""
			UserData = ""
			TopologyData = ""
			DisplayTag = ""
			ModelingFile = ""
		/>
		<Snmp
			ReadCommunity = "public"
			WriteCommunity = "private"
			MibFile = "mib2.cmf"
			AgentFile = "C:\Workspace\SNMP\Walkfiles\LargeMountSwitchesTest\6.3S and 6.4H\MIB3COMSW_SUPERSTACK.var"
			TrapMgr = ""
			ResponseDelay = "0"
			SnmpStr = "V1V2V3"
			MtuSize = "1500"
			SnmpPort = "161"
			SecurityLevel = "NoAuthNoPriv"
		/>
	/>
	<Device
		<General
			Name = "192.168.30.26"
			MultiHome = "1"
			DHCP = "0"
			SubnetMask = "255.255.255.0"
			MacAddress = ""
			Interface = ""
			UserData = ""
			TopologyData = ""
			DisplayTag = ""
			ModelingFile = ""
		/>
		<Snmp
			ReadCommunity = "public"
			WriteCommunity = "private"
			MibFile = "mib2.cmf"
			AgentFile = "C:\Workspace\SNMP\Walkfiles\LargeMountSwitchesTest\6.3S and 6.4H\MIBH3CSW_DATACENTER.var"
			TrapMgr = ""
			ResponseDelay = "0"
			SnmpStr = "V1V2V3"
			MtuSize = "1500"
			SnmpPort = "161"
			SecurityLevel = "NoAuthNoPriv"
		/>
	/>
	<Device
		<General
			Name = "192.168.30.27"
			MultiHome = "1"
			DHCP = "0"
			SubnetMask = "255.255.255.0"
			MacAddress = ""
			Interface = ""
			UserData = ""
			TopologyData = ""
			DisplayTag = ""
			ModelingFile = ""
		/>
		<Snmp
			ReadCommunity = "public"
			WriteCommunity = "private"
			MibFile = "mib2.cmf"
			AgentFile = "C:\Workspace\SNMP\Walkfiles\LargeMountSwitchesTest\6.3S and 6.4H\MIBH3CSW_SERVICIOS.var"
			TrapMgr = ""
			ResponseDelay = "0"
			SnmpStr = "V1V2V3"
			MtuSize = "1500"
			SnmpPort = "161"
			SecurityLevel = "NoAuthNoPriv"
		/>
	/>
	<Device
		<General
			Name = "192.168.30.28"
			MultiHome = "1"
			DHCP = "0"
			SubnetMask = "255.255.255.0"
			MacAddress = ""
			Interface = ""
			UserData = ""
			TopologyData = ""
			DisplayTag = ""
			ModelingFile = ""
		/>
		<Snmp
			ReadCommunity = "public"
			WriteCommunity = "private"
			MibFile = "mib2.cmf"
			AgentFile = "C:\Workspace\SNMP\Walkfiles\LargeMountSwitchesTest\6.3S and 6.4H\MIBH3CSW_SERVICIOS_new.var"
			TrapMgr = ""
			ResponseDelay = "0"
			SnmpStr = "V1V2V3"
			MtuSize = "1500"
			SnmpPort = "161"
			SecurityLevel = "NoAuthNoPriv"
		/>
	/>
	<Device
		<General
			Name = "192.168.30.29"
			MultiHome = "1"
			DHCP = "0"
			SubnetMask = "255.255.255.0"
			MacAddress = ""
			Interface = ""
			UserData = ""
			TopologyData = ""
			DisplayTag = ""
			ModelingFile = ""
		/>
		<Snmp
			ReadCommunity = "public"
			WriteCommunity = "private"
			MibFile = "mib2.cmf"
			AgentFile = "C:\Workspace\SNMP\Walkfiles\LargeMountSwitchesTest\5020_11.13_A.var"
			TrapMgr = ""
			ResponseDelay = "0"
			SnmpStr = "V1V2V3"
			MtuSize = "1500"
			SnmpPort = "161"
			SecurityLevel = "NoAuthNoPriv"
		/>
	/>
	<Device
		<General
			Name = "192.168.30.30"
			MultiHome = "1"
			DHCP = "0"
			SubnetMask = "255.255.255.0"
			MacAddress = ""
			Interface = ""
			UserData = ""
			TopologyData = ""
			DisplayTag = ""
			ModelingFile = ""
		/>
		<Snmp
			ReadCommunity = "public"
			WriteCommunity = "private"
			MibFile = "mib2.cmf"
			AgentFile = "C:\Workspace\SNMP\Walkfiles\LargeMountSwitchesTest\6.3S and 6.4H\new_192.168.5.251.var"
			TrapMgr = ""
			ResponseDelay = "0"
			SnmpStr = "V1V2V3"
			MtuSize = "1500"
			SnmpPort = "161"
			SecurityLevel = "NoAuthNoPriv"
		/>
	/>
	<Device
		<General
			Name = "192.168.30.31"
			MultiHome = "1"
			DHCP = "0"
			SubnetMask = "255.255.255.0"
			MacAddress = ""
			Interface = ""
			UserData = ""
			TopologyData = ""
			DisplayTag = ""
			ModelingFile = ""
		/>
		<Snmp
			ReadCommunity = "public"
			WriteCommunity = "private"
			MibFile = "mib2.cmf"
			AgentFile = "C:\Workspace\SNMP\Walkfiles\LargeMountSwitchesTest\6.3S and 6.4H\new_192.168.5.254.var"
			TrapMgr = ""
			ResponseDelay = "0"
			SnmpStr = "V1V2V3"
			MtuSize = "1500"
			SnmpPort = "161"
			SecurityLevel = "NoAuthNoPriv"
		/>
	/>
	<Device
		<General
			Name = "192.168.30.32"
			MultiHome = "1"
			DHCP = "0"
			SubnetMask = "255.255.255.0"
			MacAddress = ""
			Interface = ""
			UserData = ""
			TopologyData = ""
			DisplayTag = ""
			ModelingFile = ""
		/>
		<Snmp
			ReadCommunity = "public"
			WriteCommunity = "private"
			MibFile = "mib2.cmf"
			AgentFile = "C:\Workspace\SNMP\Walkfiles\LargeMountSwitchesTest\6.3S and 6.4H\new_Extremealpine3808TX.var"
			TrapMgr = ""
			ResponseDelay = "0"
			SnmpStr = "V1V2V3"
			MtuSize = "1500"
			SnmpPort = "161"
			SecurityLevel = "NoAuthNoPriv"
		/>
	/>
	<Device
		<General
			Name = "192.168.30.33"
			MultiHome = "1"
			DHCP = "0"
			SubnetMask = "255.255.255.0"
			MacAddress = ""
			Interface = ""
			UserData = ""
			TopologyData = ""
			DisplayTag = ""
			ModelingFile = ""
		/>
		<Snmp
			ReadCommunity = "public"
			WriteCommunity = "private"
			MibFile = "mib2.cmf"
			AgentFile = "C:\Workspace\SNMP\Walkfiles\LargeMountSwitchesTest\6.3S and 6.4H\new_MIBH3C_S3100.txt.var"
			TrapMgr = ""
			ResponseDelay = "0"
			SnmpStr = "V1V2V3"
			MtuSize = "1500"
			SnmpPort = "161"
			SecurityLevel = "NoAuthNoPriv"
		/>
	/>
	<Device
		<General
			Name = "192.168.30.34"
			MultiHome = "1"
			DHCP = "0"
			SubnetMask = "255.255.255.0"
			MacAddress = ""
			Interface = ""
			UserData = ""
			TopologyData = ""
			DisplayTag = ""
			ModelingFile = ""
		/>
		<Snmp
			ReadCommunity = "public"
			WriteCommunity = "private"
			MibFile = "mib2.cmf"
			AgentFile = "C:\Workspace\SNMP\Walkfiles\LargeMountSwitchesTest\6.4U and 6.5L\Juniper_48port_DD.var"
			TrapMgr = ""
			ResponseDelay = "0"
			SnmpStr = "V1V2V3"
			MtuSize = "1500"
			SnmpPort = "161"
			SecurityLevel = "NoAuthNoPriv"
		/>
	/>
	<Device
		<General
			Name = "192.168.30.35"
			MultiHome = "1"
			DHCP = "0"
			SubnetMask = "255.255.255.0"
			MacAddress = ""
			Interface = ""
			UserData = ""
			TopologyData = ""
			DisplayTag = ""
			ModelingFile = ""
		/>
		<Snmp
			ReadCommunity = "public"
			WriteCommunity = "private"
			MibFile = "mib2.cmf"
			AgentFile = "C:\Workspace\SNMP\Walkfiles\LargeMountSwitchesTest\6.3S and 6.4H\new_MIBH3C_SUPERSTACK.var"
			TrapMgr = ""
			ResponseDelay = "0"
			SnmpStr = "V1V2V3"
			MtuSize = "1500"
			SnmpPort = "161"
			SecurityLevel = "NoAuthNoPriv"
		/>
	/>
	<Device
		<General
			Name = "192.168.30.36"
			MultiHome = "1"
			DHCP = "0"
			SubnetMask = "255.255.255.0"
			MacAddress = ""
			Interface = ""
			UserData = ""
			TopologyData = ""
			DisplayTag = ""
			ModelingFile = ""
		/>
		<Snmp
			ReadCommunity = "public"
			WriteCommunity = "private"
			MibFile = "mib2.cmf"
			AgentFile = "C:\Workspace\SNMP\Walkfiles\LargeMountSwitchesTest\6.3S and 6.4H\new_MIBH3C_SUPERSTACK.var"
			TrapMgr = ""
			ResponseDelay = "0"
			SnmpStr = "V1V2V3"
			MtuSize = "1500"
			SnmpPort = "161"
			SecurityLevel = "NoAuthNoPriv"
		/>
	/>
	<Device
		<General
			Name = "192.168.30.37"
			MultiHome = "1"
			DHCP = "0"
			SubnetMask = "255.255.255.0"
			MacAddress = ""
			Interface = ""
			UserData = ""
			TopologyData = ""
			DisplayTag = ""
			ModelingFile = ""
		/>
		<Snmp
			ReadCommunity = "public"
			WriteCommunity = "private"
			MibFile = "mib2.cmf"
			AgentFile = "C:\Workspace\SNMP\Walkfiles\LargeMountSwitchesTest\6.4T and 6.5K\c4500.var"
			TrapMgr = ""
			ResponseDelay = "0"
			SnmpStr = "V1V2V3"
			MtuSize = "1500"
			SnmpPort = "161"
			SecurityLevel = "NoAuthNoPriv"
		/>
	/>
	<Device
		<General
			Name = "192.168.30.38"
			MultiHome = "1"
			DHCP = "0"
			SubnetMask = "255.255.255.0"
			MacAddress = ""
			Interface = ""
			UserData = ""
			TopologyData = ""
			DisplayTag = ""
			ModelingFile = ""
		/>
		<Snmp
			ReadCommunity = "public"
			WriteCommunity = "private"
			MibFile = "mib2.cmf"
			AgentFile = "C:\Workspace\SNMP\Walkfiles\LargeMountSwitchesTest\6.3S and 6.4H\new_MIBH3C_WX3008LSW.var"
			TrapMgr = ""
			ResponseDelay = "0"
			SnmpStr = "V1V2V3"
			MtuSize = "1500"
			SnmpPort = "161"
			SecurityLevel = "NoAuthNoPriv"
		/>
	/>
	<Device
		<General
			Name = "192.168.30.39"
			MultiHome = "1"
			DHCP = "0"
			SubnetMask = "255.255.255.0"
			MacAddress = ""
			Interface = ""
			UserData = ""
			TopologyData = ""
			DisplayTag = ""
			ModelingFile = ""
		/>
		<Snmp
			ReadCommunity = "public"
			WriteCommunity = "private"
			MibFile = "mib2.cmf"
			AgentFile = "C:\Workspace\SNMP\Walkfiles\LargeMountSwitchesTest\6.3S and 6.4H\new_S9508E-V.var"
			TrapMgr = ""
			ResponseDelay = "0"
			SnmpStr = "V1V2V3"
			MtuSize = "1500"
			SnmpPort = "161"
			SecurityLevel = "NoAuthNoPriv"
		/>
	/>
	<Device
		<General
			Name = "192.168.30.40"
			MultiHome = "1"
			DHCP = "0"
			SubnetMask = "255.255.255.0"
			MacAddress = ""
			Interface = ""
			UserData = ""
			TopologyData = ""
			DisplayTag = ""
			ModelingFile = ""
		/>
		<Snmp
			ReadCommunity = "public"
			WriteCommunity = "private"
			MibFile = "mib2.cmf"
			AgentFile = "C:\Workspace\SNMP\Walkfiles\LargeMountSwitchesTest\6.3S and 6.4H\S5500-52C-EI.var"
			TrapMgr = ""
			ResponseDelay = "0"
			SnmpStr = "V1V2V3"
			MtuSize = "1500"
			SnmpPort = "161"
			SecurityLevel = "NoAuthNoPriv"
		/>
	/>
	<Device
		<General
			Name = "192.168.30.41"
			MultiHome = "1"
			DHCP = "0"
			SubnetMask = "255.255.255.0"
			MacAddress = ""
			Interface = ""
			UserData = ""
			TopologyData = ""
			DisplayTag = ""
			ModelingFile = ""
		/>
		<Snmp
			ReadCommunity = "public"
			WriteCommunity = "private"
			MibFile = "mib2.cmf"
			AgentFile = "C:\Workspace\SNMP\Walkfiles\LargeMountSwitchesTest\6.3S and 6.4H\S5500-52C-EI_new.var"
			TrapMgr = ""
			ResponseDelay = "0"
			SnmpStr = "V1V2V3"
			MtuSize = "1500"
			SnmpPort = "161"
			SecurityLevel = "NoAuthNoPriv"
		/>
	/>
	<Device
		<General
			Name = "192.168.30.42"
			MultiHome = "1"
			DHCP = "0"
			SubnetMask = "255.255.255.0"
			MacAddress = ""
			Interface = ""
			UserData = ""
			TopologyData = ""
			DisplayTag = ""
			ModelingFile = ""
		/>
		<Snmp
			ReadCommunity = "public"
			WriteCommunity = "private"
			MibFile = "mib2.cmf"
			AgentFile = "C:\Workspace\SNMP\Walkfiles\LargeMountSwitchesTest\6.3S and 6.4H\S9508E-V.var"
			TrapMgr = ""
			ResponseDelay = "0"
			SnmpStr = "V1V2V3"
			MtuSize = "1500"
			SnmpPort = "161"
			SecurityLevel = "NoAuthNoPriv"
		/>
	/>
	<Device
		<General
			Name = "192.168.30.43"
			MultiHome = "1"
			DHCP = "0"
			SubnetMask = "255.255.255.0"
			MacAddress = ""
			Interface = ""
			UserData = ""
			TopologyData = ""
			DisplayTag = ""
			ModelingFile = ""
		/>
		<Snmp
			ReadCommunity = "public"
			WriteCommunity = "private"
			MibFile = "mib2.cmf"
			AgentFile = "C:\Workspace\SNMP\Walkfiles\LargeMountSwitchesTest\6.3T and 6.4J\sapwalk6500clinic.var"
			TrapMgr = ""
			ResponseDelay = "0"
			SnmpStr = "V1V2V3"
			MtuSize = "1500"
			SnmpPort = "161"
			SecurityLevel = "NoAuthNoPriv"
		/>
	/>
	<Device
		<General
			Name = "192.168.30.44"
			MultiHome = "1"
			DHCP = "0"
			SubnetMask = "255.255.255.0"
			MacAddress = ""
			Interface = ""
			UserData = ""
			TopologyData = ""
			DisplayTag = ""
			ModelingFile = ""
		/>
		<Snmp
			ReadCommunity = "public"
			WriteCommunity = "private"
			MibFile = "mib2.cmf"
			AgentFile = "C:\Workspace\SNMP\Walkfiles\LargeMountSwitchesTest\6.4M and 6.5D\c2960-24pc-s,wctl.var"
			TrapMgr = ""
			ResponseDelay = "0"
			SnmpStr = "V1V2V3"
			MtuSize = "1500"
			SnmpPort = "161"
			SecurityLevel = "NoAuthNoPriv"
		/>
	/>
	<Device
		<General
			Name = "192.168.30.45"
			MultiHome = "1"
			DHCP = "0"
			SubnetMask = "255.255.255.0"
			MacAddress = ""
			Interface = ""
			UserData = ""
			TopologyData = ""
			DisplayTag = ""
			ModelingFile = ""
		/>
		<Snmp
			ReadCommunity = "public"
			WriteCommunity = "private"
			MibFile = "mib2.cmf"
			AgentFile = "C:\Workspace\SNMP\Walkfiles\LargeMountSwitchesTest\6.4M and 6.5D\c2960-24pc-s,wctl.var"
			TrapMgr = ""
			ResponseDelay = "0"
			SnmpStr = "V1V2V3"
			MtuSize = "1500"
			SnmpPort = "161"
			SecurityLevel = "NoAuthNoPriv"
		/>
	/>
	<Device
		<General
			Name = "192.168.30.46"
			MultiHome = "1"
			DHCP = "0"
			SubnetMask = "255.255.255.0"
			MacAddress = ""
			Interface = ""
			UserData = ""
			TopologyData = ""
			DisplayTag = ""
			ModelingFile = ""
		/>
		<Snmp
			ReadCommunity = "public"
			WriteCommunity = "private"
			MibFile = "mib2.cmf"
			AgentFile = "C:\Workspace\SNMP\Walkfiles\LargeMountSwitchesTest\6.4M and 6.5D\c2960-48pst-l,nordeabank.var"
			TrapMgr = ""
			ResponseDelay = "0"
			SnmpStr = "V1V2V3"
			MtuSize = "1500"
			SnmpPort = "161"
			SecurityLevel = "NoAuthNoPriv"
		/>
	/>
	<Device
		<General
			Name = "192.168.30.47"
			MultiHome = "1"
			DHCP = "0"
			SubnetMask = "255.255.255.0"
			MacAddress = ""
			Interface = ""
			UserData = ""
			TopologyData = ""
			DisplayTag = ""
			ModelingFile = ""
		/>
		<Snmp
			ReadCommunity = "public"
			WriteCommunity = "private"
			MibFile = "mib2.cmf"
			AgentFile = "C:\Workspace\SNMP\Walkfiles\LargeMountSwitchesTest\6.4M and 6.5D\c3750stackedimpalanet.var"
			TrapMgr = ""
			ResponseDelay = "0"
			SnmpStr = "V1V2V3"
			MtuSize = "1500"
			SnmpPort = "161"
			SecurityLevel = "NoAuthNoPriv"
		/>
	/>
	<Device
		<General
			Name = "192.168.30.48"
			MultiHome = "1"
			DHCP = "0"
			SubnetMask = "255.255.255.0"
			MacAddress = ""
			Interface = ""
			UserData = ""
			TopologyData = ""
			DisplayTag = ""
			ModelingFile = ""
		/>
		<Snmp
			ReadCommunity = "public"
			WriteCommunity = "private"
			MibFile = "mib2.cmf"
			AgentFile = "C:\Workspace\SNMP\Walkfiles\LargeMountSwitchesTest\6.4M and 6.5D\nexus7010qualcomm.var"
			TrapMgr = ""
			ResponseDelay = "0"
			SnmpStr = "V1V2V3"
			MtuSize = "1500"
			SnmpPort = "161"
			SecurityLevel = "NoAuthNoPriv"
		/>
	/>
	<Device
		<General
			Name = "192.168.30.49"
			MultiHome = "1"
			DHCP = "0"
			SubnetMask = "255.255.255.0"
			MacAddress = ""
			Interface = ""
			UserData = ""
			TopologyData = ""
			DisplayTag = ""
			ModelingFile = ""
		/>
		<Snmp
			ReadCommunity = "public"
			WriteCommunity = "private"
			MibFile = "mib2.cmf"
			AgentFile = "C:\Workspace\SNMP\Walkfiles\LargeMountSwitchesTest\6.4M and 6.5D\nexus7010qualcomm-01.var"
			TrapMgr = ""
			ResponseDelay = "0"
			SnmpStr = "V1V2V3"
			MtuSize = "1500"
			SnmpPort = "161"
			SecurityLevel = "NoAuthNoPriv"
		/>
	/>
	<Device
		<General
			Name = "192.168.30.50"
			MultiHome = "1"
			DHCP = "0"
			SubnetMask = "255.255.255.0"
			MacAddress = ""
			Interface = ""
			UserData = ""
			TopologyData = ""
			DisplayTag = ""
			ModelingFile = ""
		/>
		<Snmp
			ReadCommunity = "public"
			WriteCommunity = "private"
			MibFile = "mib2.cmf"
			AgentFile = "C:\Workspace\SNMP\Walkfiles\LargeMountSwitchesTest\6.4M and 6.5D\nexus7010qualcomm-01.var"
			TrapMgr = ""
			ResponseDelay = "0"
			SnmpStr = "V1V2V3"
			MtuSize = "1500"
			SnmpPort = "161"
			SecurityLevel = "NoAuthNoPriv"
		/>
	/>
	<Device
		<General
			Name = "192.168.30.51"
			MultiHome = "1"
			DHCP = "0"
			SubnetMask = "255.255.255.0"
			MacAddress = ""
			Interface = ""
			UserData = ""
			TopologyData = ""
			DisplayTag = ""
			ModelingFile = ""
		/>
		<Snmp
			ReadCommunity = "public"
			WriteCommunity = "private"
			MibFile = "mib2.cmf"
			AgentFile = "C:\Workspace\SNMP\Walkfiles\LargeMountSwitchesTest\6.4M and 6.5D\nexus7010qualcomm-02.var"
			TrapMgr = ""
			ResponseDelay = "0"
			SnmpStr = "V1V2V3"
			MtuSize = "1500"
			SnmpPort = "161"
			SecurityLevel = "NoAuthNoPriv"
		/>
	/>
	<Device
		<General
			Name = "192.168.30.52"
			MultiHome = "1"
			DHCP = "0"
			SubnetMask = "255.255.255.0"
			MacAddress = ""
			Interface = ""
			UserData = ""
			TopologyData = ""
			DisplayTag = ""
			ModelingFile = ""
		/>
		<Snmp
			ReadCommunity = "public"
			WriteCommunity = "private"
			MibFile = "mib2.cmf"
			AgentFile = "C:\Workspace\SNMP\Walkfiles\LargeMountSwitchesTest\6.4N and 6.5E\cisco3750v2.txt.var"
			TrapMgr = ""
			ResponseDelay = "0"
			SnmpStr = "V1V2V3"
			MtuSize = "1500"
			SnmpPort = "161"
			SecurityLevel = "NoAuthNoPriv"
		/>
	/>
	<Device
		<General
			Name = "192.168.30.53"
			MultiHome = "1"
			DHCP = "0"
			SubnetMask = "255.255.255.0"
			MacAddress = ""
			Interface = ""
			UserData = ""
			TopologyData = ""
			DisplayTag = ""
			ModelingFile = ""
		/>
		<Snmp
			ReadCommunity = "public"
			WriteCommunity = "private"
			MibFile = "mib2.cmf"
			AgentFile = "C:\Workspace\SNMP\Walkfiles\LargeMountSwitchesTest\6.4N and 6.5E\hng4.var"
			TrapMgr = ""
			ResponseDelay = "0"
			SnmpStr = "V1V2V3"
			MtuSize = "1500"
			SnmpPort = "161"
			SecurityLevel = "NoAuthNoPriv"
		/>
	/>
	<Device
		<General
			Name = "192.168.30.54"
			MultiHome = "1"
			DHCP = "0"
			SubnetMask = "255.255.255.0"
			MacAddress = ""
			Interface = ""
			UserData = ""
			TopologyData = ""
			DisplayTag = ""
			ModelingFile = ""
		/>
		<Snmp
			ReadCommunity = "public"
			WriteCommunity = "private"
			MibFile = "mib2.cmf"
			AgentFile = "C:\Workspace\SNMP\Walkfiles\LargeMountSwitchesTest\6.4N and 6.5E\ProCurve2610-24.var"
			TrapMgr = ""
			ResponseDelay = "0"
			SnmpStr = "V1V2V3"
			MtuSize = "1500"
			SnmpPort = "161"
			SecurityLevel = "NoAuthNoPriv"
		/>
	/>
	<Device
		<General
			Name = "192.168.30.55"
			MultiHome = "1"
			DHCP = "0"
			SubnetMask = "255.255.255.0"
			MacAddress = ""
			Interface = ""
			UserData = ""
			TopologyData = ""
			DisplayTag = ""
			ModelingFile = ""
		/>
		<Snmp
			ReadCommunity = "public"
			WriteCommunity = "private"
			MibFile = "mib2.cmf"
			AgentFile = "C:\Workspace\SNMP\Walkfiles\LargeMountSwitchesTest\6.4P and 6.5F\ios4-lv-b11a.txt.var"
			TrapMgr = ""
			ResponseDelay = "0"
			SnmpStr = "V1V2V3"
			MtuSize = "1500"
			SnmpPort = "161"
			SecurityLevel = "NoAuthNoPriv"
		/>
	/>
	<Device
		<General
			Name = "192.168.30.56"
			MultiHome = "1"
			DHCP = "0"
			SubnetMask = "255.255.255.0"
			MacAddress = ""
			Interface = ""
			UserData = ""
			TopologyData = ""
			DisplayTag = ""
			ModelingFile = ""
		/>
		<Snmp
			ReadCommunity = "public"
			WriteCommunity = "private"
			MibFile = "mib2.cmf"
			AgentFile = "C:\Workspace\SNMP\Walkfiles\LargeMountSwitchesTest\6.4P and 6.5F\LEDSW001_snmp.txt.var"
			TrapMgr = ""
			ResponseDelay = "0"
			SnmpStr = "V1V2V3"
			MtuSize = "1500"
			SnmpPort = "161"
			SecurityLevel = "NoAuthNoPriv"
		/>
	/>
	<Device
		<General
			Name = "192.168.30.57"
			MultiHome = "1"
			DHCP = "0"
			SubnetMask = "255.255.255.0"
			MacAddress = ""
			Interface = ""
			UserData = ""
			TopologyData = ""
			DisplayTag = ""
			ModelingFile = ""
		/>
		<Snmp
			ReadCommunity = "public"
			WriteCommunity = "private"
			MibFile = "mib2.cmf"
			AgentFile = "C:\Workspace\SNMP\Walkfiles\LargeMountSwitchesTest\6.4P and 6.5F\lv-mdf1.txt.var"
			TrapMgr = ""
			ResponseDelay = "0"
			SnmpStr = "V1V2V3"
			MtuSize = "1500"
			SnmpPort = "161"
			SecurityLevel = "NoAuthNoPriv"
		/>
	/>
	<Device
		<General
			Name = "192.168.30.58"
			MultiHome = "1"
			DHCP = "0"
			SubnetMask = "255.255.255.0"
			MacAddress = ""
			Interface = ""
			UserData = ""
			TopologyData = ""
			DisplayTag = ""
			ModelingFile = ""
		/>
		<Snmp
			ReadCommunity = "public"
			WriteCommunity = "private"
			MibFile = "mib2.cmf"
			AgentFile = "C:\Workspace\SNMP\Walkfiles\LargeMountSwitchesTest\6.4P and 6.5F\nexus5020.txt.var"
			TrapMgr = ""
			ResponseDelay = "0"
			SnmpStr = "V1V2V3"
			MtuSize = "1500"
			SnmpPort = "161"
			SecurityLevel = "NoAuthNoPriv"
		/>
	/>
	<Device
		<General
			Name = "192.168.30.59"
			MultiHome = "1"
			DHCP = "0"
			SubnetMask = "255.255.255.0"
			MacAddress = ""
			Interface = ""
			UserData = ""
			TopologyData = ""
			DisplayTag = ""
			ModelingFile = ""
		/>
		<Snmp
			ReadCommunity = "public"
			WriteCommunity = "private"
			MibFile = "mib2.cmf"
			AgentFile = "C:\Workspace\SNMP\Walkfiles\LargeMountSwitchesTest\6.4P and 6.5F\Model15201(SummitX15024t).txt.var"
			TrapMgr = ""
			ResponseDelay = "0"
			SnmpStr = "V1V2V3"
			MtuSize = "1500"
			SnmpPort = "161"
			SecurityLevel = "NoAuthNoPriv"
		/>
	/>
	<Device
		<General
			Name = "192.168.30.60"
			MultiHome = "1"
			DHCP = "0"
			SubnetMask = "255.255.255.0"
			MacAddress = ""
			Interface = ""
			UserData = ""
			TopologyData = ""
			DisplayTag = ""
			ModelingFile = ""
		/>
		<Snmp
			ReadCommunity = "public"
			WriteCommunity = "private"
			MibFile = "mib2.cmf"
			AgentFile = "C:\Workspace\SNMP\Walkfiles\LargeMountSwitchesTest\6.4P and 6.5F\Model15203(SummitX15048t).txt.var"
			TrapMgr = ""
			ResponseDelay = "0"
			SnmpStr = "V1V2V3"
			MtuSize = "1500"
			SnmpPort = "161"
			SecurityLevel = "NoAuthNoPriv"
		/>
	/>
	<Device
		<General
			Name = "192.168.30.61"
			MultiHome = "1"
			DHCP = "0"
			SubnetMask = "255.255.255.0"
			MacAddress = ""
			Interface = ""
			UserData = ""
			TopologyData = ""
			DisplayTag = ""
			ModelingFile = ""
		/>
		<Snmp
			ReadCommunity = "public"
			WriteCommunity = "private"
			MibFile = "mib2.cmf"
			AgentFile = "C:\Workspace\SNMP\Walkfiles\LargeMountSwitchesTest\6.4P and 6.5F\Model15203(SummitX15048t).txt.var"
			TrapMgr = ""
			ResponseDelay = "0"
			SnmpStr = "V1V2V3"
			MtuSize = "1500"
			SnmpPort = "161"
			SecurityLevel = "NoAuthNoPriv"
		/>
	/>
	<Device
		<General
			Name = "192.168.30.62"
			MultiHome = "1"
			DHCP = "0"
			SubnetMask = "255.255.255.0"
			MacAddress = ""
			Interface = ""
			UserData = ""
			TopologyData = ""
			DisplayTag = ""
			ModelingFile = ""
		/>
		<Snmp
			ReadCommunity = "public"
			WriteCommunity = "private"
			MibFile = "mib2.cmf"
			AgentFile = "C:\Workspace\SNMP\Walkfiles\LargeMountSwitchesTest\6.4P and 6.5F\Model41011(8810).txt.var"
			TrapMgr = ""
			ResponseDelay = "0"
			SnmpStr = "V1V2V3"
			MtuSize = "1500"
			SnmpPort = "161"
			SecurityLevel = "NoAuthNoPriv"
		/>
	/>
	<Device
		<General
			Name = "192.168.30.63"
			MultiHome = "1"
			DHCP = "0"
			SubnetMask = "255.255.255.0"
			MacAddress = ""
			Interface = ""
			UserData = ""
			TopologyData = ""
			DisplayTag = ""
			ModelingFile = ""
		/>
		<Snmp
			ReadCommunity = "public"
			WriteCommunity = "private"
			MibFile = "mib2.cmf"
			AgentFile = "C:\Workspace\SNMP\Walkfiles\LargeMountSwitchesTest\6.4P and 6.5F\nexus5020.txt.var"
			TrapMgr = ""
			ResponseDelay = "0"
			SnmpStr = "V1V2V3"
			MtuSize = "1500"
			SnmpPort = "161"
			SecurityLevel = "NoAuthNoPriv"
		/>
	/>
	<Device
		<General
			Name = "192.168.30.64"
			MultiHome = "1"
			DHCP = "0"
			SubnetMask = "255.255.255.0"
			MacAddress = ""
			Interface = ""
			UserData = ""
			TopologyData = ""
			DisplayTag = ""
			ModelingFile = ""
		/>
		<Snmp
			ReadCommunity = "public"
			WriteCommunity = "private"
			MibFile = "mib2.cmf"
			AgentFile = "C:\Workspace\SNMP\Walkfiles\LargeMountSwitchesTest\6.4P and 6.5F\nexus7018.txt.var"
			TrapMgr = ""
			ResponseDelay = "0"
			SnmpStr = "V1V2V3"
			MtuSize = "1500"
			SnmpPort = "161"
			SecurityLevel = "NoAuthNoPriv"
		/>
	/>
	<Device
		<General
			Name = "192.168.30.65"
			MultiHome = "1"
			DHCP = "0"
			SubnetMask = "255.255.255.0"
			MacAddress = ""
			Interface = ""
			UserData = ""
			TopologyData = ""
			DisplayTag = ""
			ModelingFile = ""
		/>
		<Snmp
			ReadCommunity = "public"
			WriteCommunity = "private"
			MibFile = "mib2.cmf"
			AgentFile = "C:\Workspace\SNMP\Walkfiles\LargeMountSwitchesTest\6.4P and 6.5F\OIDtt10.10006.txt.var"
			TrapMgr = ""
			ResponseDelay = "0"
			SnmpStr = "V1V2V3"
			MtuSize = "1500"
			SnmpPort = "161"
			SecurityLevel = "NoAuthNoPriv"
		/>
	/>
	<Device
		<General
			Name = "192.168.30.66"
			MultiHome = "1"
			DHCP = "0"
			SubnetMask = "255.255.255.0"
			MacAddress = ""
			Interface = ""
			UserData = ""
			TopologyData = ""
			DisplayTag = ""
			ModelingFile = ""
		/>
		<Snmp
			ReadCommunity = "public"
			WriteCommunity = "private"
			MibFile = "mib2.cmf"
			AgentFile = "C:\Workspace\SNMP\Walkfiles\LargeMountSwitchesTest\6.4P and 6.5F\os6400.var"
			TrapMgr = ""
			ResponseDelay = "0"
			SnmpStr = "V1V2V3"
			MtuSize = "1500"
			SnmpPort = "161"
			SecurityLevel = "NoAuthNoPriv"
		/>
	/>
	<Device
		<General
			Name = "192.168.30.67"
			MultiHome = "1"
			DHCP = "0"
			SubnetMask = "255.255.255.0"
			MacAddress = ""
			Interface = ""
			UserData = ""
			TopologyData = ""
			DisplayTag = ""
			ModelingFile = ""
		/>
		<Snmp
			ReadCommunity = "public"
			WriteCommunity = "private"
			MibFile = "mib2.cmf"
			AgentFile = "C:\Workspace\SNMP\Walkfiles\LargeMountSwitchesTest\6.4P and 6.5F\TestAlcatelOS64stack.txt.var"
			TrapMgr = ""
			ResponseDelay = "0"
			SnmpStr = "V1V2V3"
			MtuSize = "1500"
			SnmpPort = "161"
			SecurityLevel = "NoAuthNoPriv"
		/>
	/>
	<Device
		<General
			Name = "192.168.30.68"
			MultiHome = "1"
			DHCP = "0"
			SubnetMask = "255.255.255.0"
			MacAddress = ""
			Interface = ""
			UserData = ""
			TopologyData = ""
			DisplayTag = ""
			ModelingFile = ""
		/>
		<Snmp
			ReadCommunity = "public"
			WriteCommunity = "private"
			MibFile = "mib2.cmf"
			AgentFile = "C:\Workspace\SNMP\Walkfiles\LargeMountSwitchesTest\6.4P and 6.5F\Vz06bk12-c1-101.txt.var"
			TrapMgr = ""
			ResponseDelay = "0"
			SnmpStr = "V1V2V3"
			MtuSize = "1500"
			SnmpPort = "161"
			SecurityLevel = "NoAuthNoPriv"
		/>
	/>
	<Device
		<General
			Name = "192.168.30.69"
			MultiHome = "1"
			DHCP = "0"
			SubnetMask = "255.255.255.0"
			MacAddress = ""
			Interface = ""
			UserData = ""
			TopologyData = ""
			DisplayTag = ""
			ModelingFile = ""
		/>
		<Snmp
			ReadCommunity = "public"
			WriteCommunity = "private"
			MibFile = "mib2.cmf"
			AgentFile = "C:\Workspace\SNMP\Walkfiles\LargeMountSwitchesTest\6.4Q and 6.5G\3750X-Stack4.var"
			TrapMgr = ""
			ResponseDelay = "0"
			SnmpStr = "V1V2V3"
			MtuSize = "1500"
			SnmpPort = "161"
			SecurityLevel = "NoAuthNoPriv"
		/>
	/>
	<Device
		<General
			Name = "192.168.30.70"
			MultiHome = "1"
			DHCP = "0"
			SubnetMask = "255.255.255.0"
			MacAddress = ""
			Interface = ""
			UserData = ""
			TopologyData = ""
			DisplayTag = ""
			ModelingFile = ""
		/>
		<Snmp
			ReadCommunity = "public"
			WriteCommunity = "private"
			MibFile = "mib2.cmf"
			AgentFile = "C:\Workspace\SNMP\Walkfiles\LargeMountSwitchesTest\6.4Q and 6.5G\C3750E.var"
			TrapMgr = ""
			ResponseDelay = "0"
			SnmpStr = "V1V2V3"
			MtuSize = "1500"
			SnmpPort = "161"
			SecurityLevel = "NoAuthNoPriv"
		/>
	/>
	<Device
		<General
			Name = "192.168.30.71"
			MultiHome = "1"
			DHCP = "0"
			SubnetMask = "255.255.255.0"
			MacAddress = ""
			Interface = ""
			UserData = ""
			TopologyData = ""
			DisplayTag = ""
			ModelingFile = ""
		/>
		<Snmp
			ReadCommunity = "public"
			WriteCommunity = "private"
			MibFile = "mib2.cmf"
			AgentFile = "C:\Workspace\SNMP\Walkfiles\LargeMountSwitchesTest\6.4Q and 6.5G\lv-mdf1.txt.var"
			TrapMgr = ""
			ResponseDelay = "0"
			SnmpStr = "V1V2V3"
			MtuSize = "1500"
			SnmpPort = "161"
			SecurityLevel = "NoAuthNoPriv"
		/>
	/>
	<Device
		<General
			Name = "192.168.30.72"
			MultiHome = "1"
			DHCP = "0"
			SubnetMask = "255.255.255.0"
			MacAddress = ""
			Interface = ""
			UserData = ""
			TopologyData = ""
			DisplayTag = ""
			ModelingFile = ""
		/>
		<Snmp
			ReadCommunity = "public"
			WriteCommunity = "private"
			MibFile = "mib2.cmf"
			AgentFile = "C:\Workspace\SNMP\Walkfiles\LargeMountSwitchesTest\6.4R and 6.5H\H3C3600-52P-EI.var"
			TrapMgr = ""
			ResponseDelay = "0"
			SnmpStr = "V1V2V3"
			MtuSize = "1500"
			SnmpPort = "161"
			SecurityLevel = "NoAuthNoPriv"
		/>
	/>
	<Device
		<General
			Name = "192.168.30.73"
			MultiHome = "1"
			DHCP = "0"
			SubnetMask = "255.255.255.0"
			MacAddress = ""
			Interface = ""
			UserData = ""
			TopologyData = ""
			DisplayTag = ""
			ModelingFile = ""
		/>
		<Snmp
			ReadCommunity = "public"
			WriteCommunity = "private"
			MibFile = "mib2.cmf"
			AgentFile = "C:\Workspace\SNMP\Walkfiles\LargeMountSwitchesTest\6.4Q and 6.5G\Mg09ck03-c1-43.var"
			TrapMgr = ""
			ResponseDelay = "0"
			SnmpStr = "V1V2V3"
			MtuSize = "1500"
			SnmpPort = "161"
			SecurityLevel = "NoAuthNoPriv"
		/>
	/>
	<Device
		<General
			Name = "192.168.30.74"
			MultiHome = "1"
			DHCP = "0"
			SubnetMask = "255.255.255.0"
			MacAddress = ""
			Interface = ""
			UserData = ""
			TopologyData = ""
			DisplayTag = ""
			ModelingFile = ""
		/>
		<Snmp
			ReadCommunity = "public"
			WriteCommunity = "private"
			MibFile = "mib2.cmf"
			AgentFile = "C:\Workspace\SNMP\Walkfiles\LargeMountSwitchesTest\6.4Q and 6.5G\Mg09ck03-c2-44.var"
			TrapMgr = ""
			ResponseDelay = "0"
			SnmpStr = "V1V2V3"
			MtuSize = "1500"
			SnmpPort = "161"
			SecurityLevel = "NoAuthNoPriv"
		/>
	/>
	<Device
		<General
			Name = "192.168.30.75"
			MultiHome = "1"
			DHCP = "0"
			SubnetMask = "255.255.255.0"
			MacAddress = ""
			Interface = ""
			UserData = ""
			TopologyData = ""
			DisplayTag = ""
			ModelingFile = ""
		/>
		<Snmp
			ReadCommunity = "public"
			WriteCommunity = "private"
			MibFile = "mib2.cmf"
			AgentFile = "C:\Workspace\SNMP\Walkfiles\LargeMountSwitchesTest\6.4Q and 6.5G\OID tt10.10006.var"
			TrapMgr = ""
			ResponseDelay = "0"
			SnmpStr = "V1V2V3"
			MtuSize = "1500"
			SnmpPort = "161"
			SecurityLevel = "NoAuthNoPriv"
		/>
	/>
	<Device
		<General
			Name = "192.168.30.76"
			MultiHome = "1"
			DHCP = "0"
			SubnetMask = "255.255.255.0"
			MacAddress = ""
			Interface = ""
			UserData = ""
			TopologyData = ""
			DisplayTag = ""
			ModelingFile = ""
		/>
		<Snmp
			ReadCommunity = "public"
			WriteCommunity = "private"
			MibFile = "mib2.cmf"
			AgentFile = "C:\Workspace\SNMP\Walkfiles\LargeMountSwitchesTest\6.4Q and 6.5G\SANIBM1.var"
			TrapMgr = ""
			ResponseDelay = "0"
			SnmpStr = "V1V2V3"
			MtuSize = "1500"
			SnmpPort = "161"
			SecurityLevel = "NoAuthNoPriv"
		/>
	/>
	<Device
		<General
			Name = "192.168.30.77"
			MultiHome = "1"
			DHCP = "0"
			SubnetMask = "255.255.255.0"
			MacAddress = ""
			Interface = ""
			UserData = ""
			TopologyData = ""
			DisplayTag = ""
			ModelingFile = ""
		/>
		<Snmp
			ReadCommunity = "public"
			WriteCommunity = "private"
			MibFile = "mib2.cmf"
			AgentFile = "C:\Workspace\SNMP\Walkfiles\LargeMountSwitchesTest\6.4Q and 6.5G\Vz06bk09-c2-102.var"
			TrapMgr = ""
			ResponseDelay = "0"
			SnmpStr = "V1V2V3"
			MtuSize = "1500"
			SnmpPort = "161"
			SecurityLevel = "NoAuthNoPriv"
		/>
	/>
	<Device
		<General
			Name = "192.168.30.78"
			MultiHome = "1"
			DHCP = "0"
			SubnetMask = "255.255.255.0"
			MacAddress = ""
			Interface = ""
			UserData = ""
			TopologyData = ""
			DisplayTag = ""
			ModelingFile = ""
		/>
		<Snmp
			ReadCommunity = "public"
			WriteCommunity = "private"
			MibFile = "mib2.cmf"
			AgentFile = "C:\Workspace\SNMP\Walkfiles\LargeMountSwitchesTest\6.4Q and 6.5G\Vz06bk09-c2-104.var"
			TrapMgr = ""
			ResponseDelay = "0"
			SnmpStr = "V1V2V3"
			MtuSize = "1500"
			SnmpPort = "161"
			SecurityLevel = "NoAuthNoPriv"
		/>
	/>
	<Device
		<General
			Name = "192.168.30.79"
			MultiHome = "1"
			DHCP = "0"
			SubnetMask = "255.255.255.0"
			MacAddress = ""
			Interface = ""
			UserData = ""
			TopologyData = ""
			DisplayTag = ""
			ModelingFile = ""
		/>
		<Snmp
			ReadCommunity = "public"
			WriteCommunity = "private"
			MibFile = "mib2.cmf"
			AgentFile = "C:\Workspace\SNMP\Walkfiles\LargeMountSwitchesTest\6.4Q and 6.5G\Vz06bk12-c1-101.txt.var"
			TrapMgr = ""
			ResponseDelay = "0"
			SnmpStr = "V1V2V3"
			MtuSize = "1500"
			SnmpPort = "161"
			SecurityLevel = "NoAuthNoPriv"
		/>
	/>
	<Device
		<General
			Name = "192.168.30.80"
			MultiHome = "1"
			DHCP = "0"
			SubnetMask = "255.255.255.0"
			MacAddress = ""
			Interface = ""
			UserData = ""
			TopologyData = ""
			DisplayTag = ""
			ModelingFile = ""
		/>
		<Snmp
			ReadCommunity = "public"
			WriteCommunity = "private"
			MibFile = "mib2.cmf"
			AgentFile = "C:\Workspace\SNMP\Walkfiles\LargeMountSwitchesTest\6.4Q and 6.5G\Vz06bk12-c1-103.var"
			TrapMgr = ""
			ResponseDelay = "0"
			SnmpStr = "V1V2V3"
			MtuSize = "1500"
			SnmpPort = "161"
			SecurityLevel = "NoAuthNoPriv"
		/>
	/>
	<Device
		<General
			Name = "192.168.30.81"
			MultiHome = "1"
			DHCP = "0"
			SubnetMask = "255.255.255.0"
			MacAddress = ""
			Interface = ""
			UserData = ""
			TopologyData = ""
			DisplayTag = ""
			ModelingFile = ""
		/>
		<Snmp
			ReadCommunity = "public"
			WriteCommunity = "private"
			MibFile = "mib2.cmf"
			AgentFile = "C:\Workspace\SNMP\Walkfiles\LargeMountSwitchesTest\6.4Q and 6.5G\wmdtc003.var"
			TrapMgr = ""
			ResponseDelay = "0"
			SnmpStr = "V1V2V3"
			MtuSize = "1500"
			SnmpPort = "161"
			SecurityLevel = "NoAuthNoPriv"
		/>
	/>
	<Device
		<General
			Name = "192.168.30.82"
			MultiHome = "1"
			DHCP = "0"
			SubnetMask = "255.255.255.0"
			MacAddress = ""
			Interface = ""
			UserData = ""
			TopologyData = ""
			DisplayTag = ""
			ModelingFile = ""
		/>
		<Snmp
			ReadCommunity = "public"
			WriteCommunity = "private"
			MibFile = "mib2.cmf"
			AgentFile = "C:\Workspace\SNMP\Walkfiles\LargeMountSwitchesTest\6.4R and 6.5H\bladefujitsuBX300_sw1.var"
			TrapMgr = ""
			ResponseDelay = "0"
			SnmpStr = "V1V2V3"
			MtuSize = "1500"
			SnmpPort = "161"
			SecurityLevel = "NoAuthNoPriv"
		/>
	/>
	<Device
		<General
			Name = "192.168.30.83"
			MultiHome = "1"
			DHCP = "0"
			SubnetMask = "255.255.255.0"
			MacAddress = ""
			Interface = ""
			UserData = ""
			TopologyData = ""
			DisplayTag = ""
			ModelingFile = ""
		/>
		<Snmp
			ReadCommunity = "public"
			WriteCommunity = "private"
			MibFile = "mib2.cmf"
			AgentFile = "C:\Workspace\SNMP\Walkfiles\LargeMountSwitchesTest\6.4R and 6.5H\bladefujitsuBX300_sw2.var"
			TrapMgr = ""
			ResponseDelay = "0"
			SnmpStr = "V1V2V3"
			MtuSize = "1500"
			SnmpPort = "161"
			SecurityLevel = "NoAuthNoPriv"
		/>
	/>
	<Device
		<General
			Name = "192.168.30.84"
			MultiHome = "1"
			DHCP = "0"
			SubnetMask = "255.255.255.0"
			MacAddress = ""
			Interface = ""
			UserData = ""
			TopologyData = ""
			DisplayTag = ""
			ModelingFile = ""
		/>
		<Snmp
			ReadCommunity = "public"
			WriteCommunity = "private"
			MibFile = "mib2.cmf"
			AgentFile = "C:\Workspace\SNMP\Walkfiles\LargeMountSwitchesTest\6.4R and 6.5H\bladefujitsuBX300_sw3.var"
			TrapMgr = ""
			ResponseDelay = "0"
			SnmpStr = "V1V2V3"
			MtuSize = "1500"
			SnmpPort = "161"
			SecurityLevel = "NoAuthNoPriv"
		/>
	/>
	<Device
		<General
			Name = "192.168.30.85"
			MultiHome = "1"
			DHCP = "0"
			SubnetMask = "255.255.255.0"
			MacAddress = ""
			Interface = ""
			UserData = ""
			TopologyData = ""
			DisplayTag = ""
			ModelingFile = ""
		/>
		<Snmp
			ReadCommunity = "public"
			WriteCommunity = "private"
			MibFile = "mib2.cmf"
			AgentFile = "C:\Workspace\SNMP\Walkfiles\LargeMountSwitchesTest\6.4R and 6.5H\bladefujitsuBX300_sw4.var"
			TrapMgr = ""
			ResponseDelay = "0"
			SnmpStr = "V1V2V3"
			MtuSize = "1500"
			SnmpPort = "161"
			SecurityLevel = "NoAuthNoPriv"
		/>
	/>
	<Device
		<General
			Name = "192.168.30.86"
			MultiHome = "1"
			DHCP = "0"
			SubnetMask = "255.255.255.0"
			MacAddress = ""
			Interface = ""
			UserData = ""
			TopologyData = ""
			DisplayTag = ""
			ModelingFile = ""
		/>
		<Snmp
			ReadCommunity = "public"
			WriteCommunity = "private"
			MibFile = "mib2.cmf"
			AgentFile = "C:\Workspace\SNMP\Walkfiles\LargeMountSwitchesTest\6.4R and 6.5H\bladefujitsuBX600_sw1.var"
			TrapMgr = ""
			ResponseDelay = "0"
			SnmpStr = "V1V2V3"
			MtuSize = "1500"
			SnmpPort = "161"
			SecurityLevel = "NoAuthNoPriv"
		/>
	/>
	<Device
		<General
			Name = "192.168.30.87"
			MultiHome = "1"
			DHCP = "0"
			SubnetMask = "255.255.255.0"
			MacAddress = ""
			Interface = ""
			UserData = ""
			TopologyData = ""
			DisplayTag = ""
			ModelingFile = ""
		/>
		<Snmp
			ReadCommunity = "public"
			WriteCommunity = "private"
			MibFile = "mib2.cmf"
			AgentFile = "C:\Workspace\SNMP\Walkfiles\LargeMountSwitchesTest\6.4R and 6.5H\bladefujitsuBX600_sw2.var"
			TrapMgr = ""
			ResponseDelay = "0"
			SnmpStr = "V1V2V3"
			MtuSize = "1500"
			SnmpPort = "161"
			SecurityLevel = "NoAuthNoPriv"
		/>
	/>
	<Device
		<General
			Name = "192.168.30.88"
			MultiHome = "1"
			DHCP = "0"
			SubnetMask = "255.255.255.0"
			MacAddress = ""
			Interface = ""
			UserData = ""
			TopologyData = ""
			DisplayTag = ""
			ModelingFile = ""
		/>
		<Snmp
			ReadCommunity = "public"
			WriteCommunity = "private"
			MibFile = "mib2.cmf"
			AgentFile = "C:\Workspace\SNMP\Walkfiles\LargeMountSwitchesTest\6.4R and 6.5H\bladefujitsuBX630C1_sw1.var"
			TrapMgr = ""
			ResponseDelay = "0"
			SnmpStr = "V1V2V3"
			MtuSize = "1500"
			SnmpPort = "161"
			SecurityLevel = "NoAuthNoPriv"
		/>
	/>
	<Device
		<General
			Name = "192.168.30.89"
			MultiHome = "1"
			DHCP = "0"
			SubnetMask = "255.255.255.0"
			MacAddress = ""
			Interface = ""
			UserData = ""
			TopologyData = ""
			DisplayTag = ""
			ModelingFile = ""
		/>
		<Snmp
			ReadCommunity = "public"
			WriteCommunity = "private"
			MibFile = "mib2.cmf"
			AgentFile = "C:\Workspace\SNMP\Walkfiles\LargeMountSwitchesTest\6.4R and 6.5H\bladefujitsuBX630C1_sw2.var"
			TrapMgr = ""
			ResponseDelay = "0"
			SnmpStr = "V1V2V3"
			MtuSize = "1500"
			SnmpPort = "161"
			SecurityLevel = "NoAuthNoPriv"
		/>
	/>
	<Device
		<General
			Name = "192.168.30.90"
			MultiHome = "1"
			DHCP = "0"
			SubnetMask = "255.255.255.0"
			MacAddress = ""
			Interface = ""
			UserData = ""
			TopologyData = ""
			DisplayTag = ""
			ModelingFile = ""
		/>
		<Snmp
			ReadCommunity = "public"
			WriteCommunity = "private"
			MibFile = "mib2.cmf"
			AgentFile = "C:\Workspace\SNMP\Walkfiles\LargeMountSwitchesTest\6.4R and 6.5H\bladefujitsuBX630C2_sw1.var"
			TrapMgr = ""
			ResponseDelay = "0"
			SnmpStr = "V1V2V3"
			MtuSize = "1500"
			SnmpPort = "161"
			SecurityLevel = "NoAuthNoPriv"
		/>
	/>
	<Device
		<General
			Name = "192.168.30.91"
			MultiHome = "1"
			DHCP = "0"
			SubnetMask = "255.255.255.0"
			MacAddress = ""
			Interface = ""
			UserData = ""
			TopologyData = ""
			DisplayTag = ""
			ModelingFile = ""
		/>
		<Snmp
			ReadCommunity = "public"
			WriteCommunity = "private"
			MibFile = "mib2.cmf"
			AgentFile = "C:\Workspace\SNMP\Walkfiles\LargeMountSwitchesTest\6.4R and 6.5H\bladefujitsuBX630C2_sw2.var"
			TrapMgr = ""
			ResponseDelay = "0"
			SnmpStr = "V1V2V3"
			MtuSize = "1500"
			SnmpPort = "161"
			SecurityLevel = "NoAuthNoPriv"
		/>
	/>
	<Device
		<General
			Name = "192.168.30.92"
			MultiHome = "1"
			DHCP = "0"
			SubnetMask = "255.255.255.0"
			MacAddress = ""
			Interface = ""
			UserData = ""
			TopologyData = ""
			DisplayTag = ""
			ModelingFile = ""
		/>
		<Snmp
			ReadCommunity = "public"
			WriteCommunity = "private"
			MibFile = "mib2.cmf"
			AgentFile = "C:\Workspace\SNMP\Walkfiles\LargeMountSwitchesTest\6.4R and 6.5H\bladefujitsuBX630C3_sw1.var"
			TrapMgr = ""
			ResponseDelay = "0"
			SnmpStr = "V1V2V3"
			MtuSize = "1500"
			SnmpPort = "161"
			SecurityLevel = "NoAuthNoPriv"
		/>
	/>
	<Device
		<General
			Name = "192.168.30.93"
			MultiHome = "1"
			DHCP = "0"
			SubnetMask = "255.255.255.0"
			MacAddress = ""
			Interface = ""
			UserData = ""
			TopologyData = ""
			DisplayTag = ""
			ModelingFile = ""
		/>
		<Snmp
			ReadCommunity = "public"
			WriteCommunity = "private"
			MibFile = "mib2.cmf"
			AgentFile = "C:\Workspace\SNMP\Walkfiles\LargeMountSwitchesTest\6.4R and 6.5H\bladefujitsuBX630C3_sw2.var"
			TrapMgr = ""
			ResponseDelay = "0"
			SnmpStr = "V1V2V3"
			MtuSize = "1500"
			SnmpPort = "161"
			SecurityLevel = "NoAuthNoPriv"
		/>
	/>
	<Device
		<General
			Name = "192.168.30.94"
			MultiHome = "1"
			DHCP = "0"
			SubnetMask = "255.255.255.0"
			MacAddress = ""
			Interface = ""
			UserData = ""
			TopologyData = ""
			DisplayTag = ""
			ModelingFile = ""
		/>
		<Snmp
			ReadCommunity = "public"
			WriteCommunity = "private"
			MibFile = "mib2.cmf"
			AgentFile = "C:\Workspace\SNMP\Walkfiles\LargeMountSwitchesTest\6.4R and 6.5H\conn10sw0.var"
			TrapMgr = ""
			ResponseDelay = "0"
			SnmpStr = "V1V2V3"
			MtuSize = "1500"
			SnmpPort = "161"
			SecurityLevel = "NoAuthNoPriv"
		/>
	/>
	<Device
		<General
			Name = "192.168.30.95"
			MultiHome = "1"
			DHCP = "0"
			SubnetMask = "255.255.255.0"
			MacAddress = ""
			Interface = ""
			UserData = ""
			TopologyData = ""
			DisplayTag = ""
			ModelingFile = ""
		/>
		<Snmp
			ReadCommunity = "public"
			WriteCommunity = "private"
			MibFile = "mib2.cmf"
			AgentFile = "C:\Workspace\SNMP\Walkfiles\LargeMountSwitchesTest\6.4R and 6.5H\DGS302.var"
			TrapMgr = ""
			ResponseDelay = "0"
			SnmpStr = "V1V2V3"
			MtuSize = "1500"
			SnmpPort = "161"
			SecurityLevel = "NoAuthNoPriv"
		/>
	/>
	<Device
		<General
			Name = "192.168.30.96"
			MultiHome = "1"
			DHCP = "0"
			SubnetMask = "255.255.255.0"
			MacAddress = ""
			Interface = ""
			UserData = ""
			TopologyData = ""
			DisplayTag = ""
			ModelingFile = ""
		/>
		<Snmp
			ReadCommunity = "public"
			WriteCommunity = "private"
			MibFile = "mib2.cmf"
			AgentFile = "C:\Workspace\SNMP\Walkfiles\LargeMountSwitchesTest\6.4R and 6.5H\H3C3600-52P-EI.var"
			TrapMgr = ""
			ResponseDelay = "0"
			SnmpStr = "V1V2V3"
			MtuSize = "1500"
			SnmpPort = "161"
			SecurityLevel = "NoAuthNoPriv"
		/>
	/>
	<Device
		<General
			Name = "192.168.30.97"
			MultiHome = "1"
			DHCP = "0"
			SubnetMask = "255.255.255.0"
			MacAddress = ""
			Interface = ""
			UserData = ""
			TopologyData = ""
			DisplayTag = ""
			ModelingFile = ""
		/>
		<Snmp
			ReadCommunity = "public"
			WriteCommunity = "private"
			MibFile = "mib2.cmf"
			AgentFile = "C:\Workspace\SNMP\Walkfiles\LargeMountSwitchesTest\6.4R and 6.5H\SANIBM1.var"
			TrapMgr = ""
			ResponseDelay = "0"
			SnmpStr = "V1V2V3"
			MtuSize = "1500"
			SnmpPort = "161"
			SecurityLevel = "NoAuthNoPriv"
		/>
	/>
	<Device
		<General
			Name = "192.168.30.98"
			MultiHome = "1"
			DHCP = "0"
			SubnetMask = "255.255.255.0"
			MacAddress = ""
			Interface = ""
			UserData = ""
			TopologyData = ""
			DisplayTag = ""
			ModelingFile = ""
		/>
		<Snmp
			ReadCommunity = "public"
			WriteCommunity = "private"
			MibFile = "mib2.cmf"
			AgentFile = "C:\Workspace\SNMP\Walkfiles\LargeMountSwitchesTest\6.4T and 6.5K\2960s24ps.var"
			TrapMgr = ""
			ResponseDelay = "0"
			SnmpStr = "V1V2V3"
			MtuSize = "1500"
			SnmpPort = "161"
			SecurityLevel = "NoAuthNoPriv"
		/>
	/>
	<Device
		<General
			Name = "192.168.30.99"
			MultiHome = "1"
			DHCP = "0"
			SubnetMask = "255.255.255.0"
			MacAddress = ""
			Interface = ""
			UserData = ""
			TopologyData = ""
			DisplayTag = ""
			ModelingFile = ""
		/>
		<Snmp
			ReadCommunity = "public"
			WriteCommunity = "private"
			MibFile = "mib2.cmf"
			AgentFile = "C:\Workspace\SNMP\Walkfiles\LargeMountSwitchesTest\6.4T and 6.5K\2960s48lps.var"
			TrapMgr = ""
			ResponseDelay = "0"
			SnmpStr = "V1V2V3"
			MtuSize = "1500"
			SnmpPort = "161"
			SecurityLevel = "NoAuthNoPriv"
		/>
	/>
	<Device
		<General
			Name = "192.168.30.100"
			MultiHome = "1"
			DHCP = "0"
			SubnetMask = "255.255.255.0"
			MacAddress = ""
			Interface = ""
			UserData = ""
			TopologyData = ""
			DisplayTag = ""
			ModelingFile = ""
		/>
		<Snmp
			ReadCommunity = "public"
			WriteCommunity = "private"
			MibFile = "mib2.cmf"
			AgentFile = "C:\Workspace\SNMP\Walkfiles\LargeMountSwitchesTest\walkfile_2960_MR.txt.var"
			TrapMgr = ""
			ResponseDelay = "0"
			SnmpStr = "V1V2V3"
			MtuSize = "1500"
			SnmpPort = "161"
			SecurityLevel = "NoAuthNoPriv"
			UserName = "PanHong"
		/>
	/>
	<Device
		<General
			Name = "192.168.30.101"
			MultiHome = "1"
			DHCP = "0"
			SubnetMask = "255.255.255.0"
			MacAddress = ""
			Interface = ""
			UserData = ""
			TopologyData = ""
			DisplayTag = ""
			ModelingFile = ""
		/>
		<Snmp
			ReadCommunity = "public"
			WriteCommunity = "private"
			MibFile = "mib2.cmf"
			AgentFile = "C:\Workspace\SNMP\Walkfiles\LargeMountSwitchesTest\6.4U and 6.5L\3750x-24.var"
			TrapMgr = ""
			ResponseDelay = "0"
			SnmpStr = "V1V2V3"
			MtuSize = "1500"
			SnmpPort = "161"
			SecurityLevel = "NoAuthNoPriv"
		/>
	/>
	<Device
		<General
			Name = "192.168.30.102"
			MultiHome = "1"
			DHCP = "0"
			SubnetMask = "255.255.255.0"
			MacAddress = ""
			Interface = ""
			UserData = ""
			TopologyData = ""
			DisplayTag = ""
			ModelingFile = ""
		/>
		<Snmp
			ReadCommunity = "public"
			WriteCommunity = "private"
			MibFile = "mib2.cmf"
			AgentFile = "C:\Workspace\SNMP\Walkfiles\LargeMountSwitchesTest\6.4U and 6.5L\Juniper_24SFP_DD.var"
			TrapMgr = ""
			ResponseDelay = "0"
			SnmpStr = "V1V2V3"
			MtuSize = "1500"
			SnmpPort = "161"
			SecurityLevel = "NoAuthNoPriv"
		/>
	/>
	<Device
		<General
			Name = "192.168.30.103"
			MultiHome = "1"
			DHCP = "0"
			SubnetMask = "255.255.255.0"
			MacAddress = ""
			Interface = ""
			UserData = ""
			TopologyData = ""
			DisplayTag = ""
			ModelingFile = ""
		/>
		<Snmp
			ReadCommunity = "public"
			WriteCommunity = "private"
			MibFile = "mib2.cmf"
			AgentFile = "C:\Workspace\SNMP\Walkfiles\LargeMountSwitchesTest\6.4U and 6.5L\Juniper_48port_DD.var"
			TrapMgr = ""
			ResponseDelay = "0"
			SnmpStr = "V1V2V3"
			MtuSize = "1500"
			SnmpPort = "161"
			SecurityLevel = "NoAuthNoPriv"
		/>
	/>
	<Device
		<General
			Name = "192.168.30.104"
			MultiHome = "1"
			DHCP = "0"
			SubnetMask = "255.255.255.0"
			MacAddress = ""
			Interface = ""
			UserData = ""
			TopologyData = ""
			DisplayTag = ""
			ModelingFile = ""
		/>
		<Snmp
			ReadCommunity = "public"
			WriteCommunity = "private"
			MibFile = "mib2.cmf"
			AgentFile = "C:\Workspace\SNMP\Walkfiles\LargeMountSwitchesTest\6.4T and 6.5K\WS-C2960S-48LPS-L.var"
			TrapMgr = ""
			ResponseDelay = "0"
			SnmpStr = "V1V2V3"
			MtuSize = "1500"
			SnmpPort = "161"
			SecurityLevel = "NoAuthNoPriv"
		/>
	/>
	<Device
		<General
			Name = "192.168.30.105"
			MultiHome = "1"
			DHCP = "0"
			SubnetMask = "255.255.255.0"
			MacAddress = ""
			Interface = ""
			UserData = ""
			TopologyData = ""
			DisplayTag = ""
			ModelingFile = ""
		/>
		<Snmp
			ReadCommunity = "public"
			WriteCommunity = "private"
			MibFile = "mib2.cmf"
			AgentFile = "C:\Workspace\SNMP\Walkfiles\LargeMountSwitchesTest\6.4T and 6.5K\WS-C2960S-24PS-L.var"
			TrapMgr = ""
			ResponseDelay = "0"
			SnmpStr = "V1V2V3"
			MtuSize = "1500"
			SnmpPort = "161"
			SecurityLevel = "NoAuthNoPriv"
		/>
	/>
	<Device
		<General
			Name = "192.168.30.106"
			MultiHome = "1"
			DHCP = "0"
			SubnetMask = "255.255.255.0"
			MacAddress = ""
			Interface = ""
			UserData = ""
			TopologyData = ""
			DisplayTag = ""
			ModelingFile = ""
		/>
		<Snmp
			ReadCommunity = "public"
			WriteCommunity = "private"
			MibFile = "mib2.cmf"
			AgentFile = "C:\Workspace\SNMP\Walkfiles\LargeMountSwitchesTest\6.4T and 6.5K\uklonbuadaxr04.var"
			TrapMgr = ""
			ResponseDelay = "0"
			SnmpStr = "V1V2V3"
			MtuSize = "1500"
			SnmpPort = "161"
			SecurityLevel = "NoAuthNoPriv"
		/>
	/>
	<Device
		<General
			Name = "192.168.30.107"
			MultiHome = "1"
			DHCP = "0"
			SubnetMask = "255.255.255.0"
			MacAddress = ""
			Interface = ""
			UserData = ""
			TopologyData = ""
			DisplayTag = ""
			ModelingFile = ""
		/>
		<Snmp
			ReadCommunity = "public"
			WriteCommunity = "private"
			MibFile = "mib2.cmf"
			AgentFile = "C:\Workspace\SNMP\Walkfiles\LargeMountSwitchesTest\6.4T and 6.5K\switch4210.var"
			TrapMgr = ""
			ResponseDelay = "0"
			SnmpStr = "V1V2V3"
			MtuSize = "1500"
			SnmpPort = "161"
			SecurityLevel = "NoAuthNoPriv"
		/>
	/>
	<Device
		<General
			Name = "192.168.30.108"
			MultiHome = "1"
			DHCP = "0"
			SubnetMask = "255.255.255.0"
			MacAddress = ""
			Interface = ""
			UserData = ""
			TopologyData = ""
			DisplayTag = ""
			ModelingFile = ""
		/>
		<Snmp
			ReadCommunity = "public"
			WriteCommunity = "private"
			MibFile = "mib2.cmf"
			AgentFile = "C:\Workspace\SNMP\Walkfiles\LargeMountSwitchesTest\6.4T and 6.5K\sapwalk139.var"
			TrapMgr = ""
			ResponseDelay = "0"
			SnmpStr = "V1V2V3"
			MtuSize = "1500"
			SnmpPort = "161"
			SecurityLevel = "NoAuthNoPriv"
		/>
	/>
	<Device
		<General
			Name = "192.168.30.109"
			MultiHome = "1"
			DHCP = "0"
			SubnetMask = "255.255.255.0"
			MacAddress = ""
			Interface = ""
			UserData = ""
			TopologyData = ""
			DisplayTag = ""
			ModelingFile = ""
		/>
		<Snmp
			ReadCommunity = "public"
			WriteCommunity = "private"
			MibFile = "mib2.cmf"
			AgentFile = "C:\Workspace\SNMP\Walkfiles\LargeMountSwitchesTest\6.4T and 6.5K\SANConnectrix_SW00226.var"
			TrapMgr = ""
			ResponseDelay = "0"
			SnmpStr = "V1V2V3"
			MtuSize = "1500"
			SnmpPort = "161"
			SecurityLevel = "NoAuthNoPriv"
		/>
	/>
	<Device
		<General
			Name = "192.168.30.110"
			MultiHome = "1"
			DHCP = "0"
			SubnetMask = "255.255.255.0"
			MacAddress = ""
			Interface = ""
			UserData = ""
			TopologyData = ""
			DisplayTag = ""
			ModelingFile = ""
		/>
		<Snmp
			ReadCommunity = "public"
			WriteCommunity = "private"
			MibFile = "mib2.cmf"
			AgentFile = "C:\Workspace\SNMP\Walkfiles\LargeMountSwitchesTest\6.4T and 6.5K\Nexus7000_version1.var"
			TrapMgr = ""
			ResponseDelay = "0"
			SnmpStr = "V1V2V3"
			MtuSize = "1500"
			SnmpPort = "161"
			SecurityLevel = "NoAuthNoPriv"
		/>
	/>
	<Device
		<General
			Name = "192.168.30.111"
			MultiHome = "1"
			DHCP = "0"
			SubnetMask = "255.255.255.0"
			MacAddress = ""
			Interface = ""
			UserData = ""
			TopologyData = ""
			DisplayTag = ""
			ModelingFile = ""
		/>
		<Snmp
			ReadCommunity = "public"
			WriteCommunity = "private"
			MibFile = "mib2.cmf"
			AgentFile = "C:\Workspace\SNMP\Walkfiles\LargeMountSwitchesTest\6.4T and 6.5K\N7010.var"
			TrapMgr = ""
			ResponseDelay = "0"
			SnmpStr = "V1V2V3"
			MtuSize = "1500"
			SnmpPort = "161"
			SecurityLevel = "NoAuthNoPriv"
		/>
	/>
	<Device
		<General
			Name = "192.168.30.112"
			MultiHome = "1"
			DHCP = "0"
			SubnetMask = "255.255.255.0"
			MacAddress = ""
			Interface = ""
			UserData = ""
			TopologyData = ""
			DisplayTag = ""
			ModelingFile = ""
		/>
		<Snmp
			ReadCommunity = "public"
			WriteCommunity = "private"
			MibFile = "mib2.cmf"
			AgentFile = "C:\Workspace\SNMP\Walkfiles\LargeMountSwitchesTest\6.4T and 6.5K\n7k-dump.var"
			TrapMgr = ""
			ResponseDelay = "0"
			SnmpStr = "V1V2V3"
			MtuSize = "1500"
			SnmpPort = "161"
			SecurityLevel = "NoAuthNoPriv"
		/>
	/>
	<Device
		<General
			Name = "192.168.30.113"
			MultiHome = "1"
			DHCP = "0"
			SubnetMask = "255.255.255.0"
			MacAddress = ""
			Interface = ""
			UserData = ""
			TopologyData = ""
			DisplayTag = ""
			ModelingFile = ""
		/>
		<Snmp
			ReadCommunity = "public"
			WriteCommunity = "private"
			MibFile = "mib2.cmf"
			AgentFile = "C:\Workspace\SNMP\Walkfiles\LargeMountSwitchesTest\6.4T and 6.5K\juniper4200-48T.var"
			TrapMgr = ""
			ResponseDelay = "0"
			SnmpStr = "V1V2V3"
			MtuSize = "1500"
			SnmpPort = "161"
			SecurityLevel = "NoAuthNoPriv"
		/>
	/>
	<Device
		<General
			Name = "192.168.30.114"
			MultiHome = "1"
			DHCP = "0"
			SubnetMask = "255.255.255.0"
			MacAddress = ""
			Interface = ""
			UserData = ""
			TopologyData = ""
			DisplayTag = ""
			ModelingFile = ""
		/>
		<Snmp
			ReadCommunity = "public"
			WriteCommunity = "private"
			MibFile = "mib2.cmf"
			AgentFile = "C:\Workspace\SNMP\Walkfiles\LargeMountSwitchesTest\6.4T and 6.5K\Juniper EX4200-48P.var"
			TrapMgr = ""
			ResponseDelay = "0"
			SnmpStr = "V1V2V3"
			MtuSize = "1500"
			SnmpPort = "161"
			SecurityLevel = "NoAuthNoPriv"
		/>
	/>
	<Device
		<General
			Name = "192.168.30.115"
			MultiHome = "1"
			DHCP = "0"
			SubnetMask = "255.255.255.0"
			MacAddress = ""
			Interface = ""
			UserData = ""
			TopologyData = ""
			DisplayTag = ""
			ModelingFile = ""
		/>
		<Snmp
			ReadCommunity = "public"
			WriteCommunity = "private"
			MibFile = "mib2.cmf"
			AgentFile = "C:\Workspace\SNMP\Walkfiles\LargeMountSwitchesTest\6506vss.var"
			TrapMgr = ""
			ResponseDelay = "0"
			SnmpStr = "V1V2V3"
			MtuSize = "1500"
			SnmpPort = "161"
			SecurityLevel = "NoAuthNoPriv"
		/>
	/>
	<Device
		<General
			Name = "192.168.30.116"
			MultiHome = "1"
			DHCP = "0"
			SubnetMask = "255.255.255.0"
			MacAddress = ""
			Interface = ""
			UserData = ""
			TopologyData = ""
			DisplayTag = ""
			ModelingFile = ""
		/>
		<Snmp
			ReadCommunity = "public"
			WriteCommunity = "private"
			MibFile = "mib2.cmf"
			AgentFile = "C:\Workspace\SNMP\Walkfiles\LargeMountSwitchesTest\6.4T and 6.5K\HP2910c.var"
			TrapMgr = ""
			ResponseDelay = "0"
			SnmpStr = "V1V2V3"
			MtuSize = "1500"
			SnmpPort = "161"
			SecurityLevel = "NoAuthNoPriv"
		/>
	/>
	<Device
		<General
			Name = "192.168.30.117"
			MultiHome = "1"
			DHCP = "0"
			SubnetMask = "255.255.255.0"
			MacAddress = ""
			Interface = ""
			UserData = ""
			TopologyData = ""
			DisplayTag = ""
			ModelingFile = ""
		/>
		<Snmp
			ReadCommunity = "public"
			WriteCommunity = "private"
			MibFile = "mib2.cmf"
			AgentFile = "C:\Workspace\SNMP\Walkfiles\LargeMountSwitchesTest\6.4T and 6.5K\HP2910b.var"
			TrapMgr = ""
			ResponseDelay = "0"
			SnmpStr = "V1V2V3"
			MtuSize = "1500"
			SnmpPort = "161"
			SecurityLevel = "NoAuthNoPriv"
		/>
	/>
	<Device
		<General
			Name = "192.168.30.118"
			MultiHome = "1"
			DHCP = "0"
			SubnetMask = "255.255.255.0"
			MacAddress = ""
			Interface = ""
			UserData = ""
			TopologyData = ""
			DisplayTag = ""
			ModelingFile = ""
		/>
		<Snmp
			ReadCommunity = "public"
			WriteCommunity = "private"
			MibFile = "mib2.cmf"
			AgentFile = "C:\Workspace\SNMP\Walkfiles\LargeMountSwitchesTest\6.4T and 6.5K\HP2910a.var"
			TrapMgr = ""
			ResponseDelay = "0"
			SnmpStr = "V1V2V3"
			MtuSize = "1500"
			SnmpPort = "161"
			SecurityLevel = "NoAuthNoPriv"
		/>
	/>
	<Device
		<General
			Name = "192.168.30.119"
			MultiHome = "1"
			DHCP = "0"
			SubnetMask = "255.255.255.0"
			MacAddress = ""
			Interface = ""
			UserData = ""
			TopologyData = ""
			DisplayTag = ""
			ModelingFile = ""
		/>
		<Snmp
			ReadCommunity = "public"
			WriteCommunity = "private"
			MibFile = "mib2.cmf"
			AgentFile = "C:\Workspace\SNMP\Walkfiles\LargeMountSwitchesTest\6.4T and 6.5K\GVS-432.var"
			TrapMgr = ""
			ResponseDelay = "0"
			SnmpStr = "V1V2V3"
			MtuSize = "1500"
			SnmpPort = "161"
			SecurityLevel = "NoAuthNoPriv"
		/>
	/>
	<Device
		<General
			Name = "192.168.30.120"
			MultiHome = "1"
			DHCP = "0"
			SubnetMask = "255.255.255.0"
			MacAddress = ""
			Interface = ""
			UserData = ""
			TopologyData = ""
			DisplayTag = ""
			ModelingFile = ""
		/>
		<Snmp
			ReadCommunity = "public"
			WriteCommunity = "private"
			MibFile = "mib2.cmf"
			AgentFile = "C:\Workspace\SNMP\Walkfiles\LargeMountSwitchesTest\6.4T and 6.5K\FGS648-LAB1.var"
			TrapMgr = ""
			ResponseDelay = "0"
			SnmpStr = "V1V2V3"
			MtuSize = "1500"
			SnmpPort = "161"
			SecurityLevel = "NoAuthNoPriv"
		/>
	/>
	<Device
		<General
			Name = "192.168.30.121"
			MultiHome = "1"
			DHCP = "0"
			SubnetMask = "255.255.255.0"
			MacAddress = ""
			Interface = ""
			UserData = ""
			TopologyData = ""
			DisplayTag = ""
			ModelingFile = ""
		/>
		<Snmp
			ReadCommunity = "public"
			WriteCommunity = "private"
			MibFile = "mib2.cmf"
			AgentFile = "C:\Workspace\SNMP\Walkfiles\LargeMountSwitchesTest\6.4T and 6.5K\F7R7_LDTCCSW9930.txt.var"
			TrapMgr = ""
			ResponseDelay = "0"
			SnmpStr = "V1V2V3"
			MtuSize = "1500"
			SnmpPort = "161"
			SecurityLevel = "NoAuthNoPriv"
		/>
	/>
	<Device
		<General
			Name = "192.168.30.122"
			MultiHome = "1"
			DHCP = "0"
			SubnetMask = "255.255.255.0"
			MacAddress = ""
			Interface = ""
			UserData = ""
			TopologyData = ""
			DisplayTag = ""
			ModelingFile = ""
		/>
		<Snmp
			ReadCommunity = "public"
			WriteCommunity = "private"
			MibFile = "mib2.cmf"
			AgentFile = "C:\Workspace\SNMP\Walkfiles\LargeMountSwitchesTest\6.4T and 6.5K\F7R7_LDTCCSW9929.txt.var"
			TrapMgr = ""
			ResponseDelay = "0"
			SnmpStr = "V1V2V3"
			MtuSize = "1500"
			SnmpPort = "161"
			SecurityLevel = "NoAuthNoPriv"
		/>
	/>
	<Device
		<General
			Name = "192.168.30.123"
			MultiHome = "1"
			DHCP = "0"
			SubnetMask = "255.255.255.0"
			MacAddress = ""
			Interface = ""
			UserData = ""
			TopologyData = ""
			DisplayTag = ""
			ModelingFile = ""
		/>
		<Snmp
			ReadCommunity = "public"
			WriteCommunity = "private"
			MibFile = "mib2.cmf"
			AgentFile = "C:\Workspace\SNMP\Walkfiles\LargeMountSwitchesTest\6.4T and 6.5K\F6R7_LDTCCSW9918.txt.var"
			TrapMgr = ""
			ResponseDelay = "0"
			SnmpStr = "V1V2V3"
			MtuSize = "1500"
			SnmpPort = "161"
			SecurityLevel = "NoAuthNoPriv"
		/>
	/>
	<Device
		<General
			Name = "192.168.30.124"
			MultiHome = "1"
			DHCP = "0"
			SubnetMask = "255.255.255.0"
			MacAddress = ""
			Interface = ""
			UserData = ""
			TopologyData = ""
			DisplayTag = ""
			ModelingFile = ""
		/>
		<Snmp
			ReadCommunity = "public"
			WriteCommunity = "private"
			MibFile = "mib2.cmf"
			AgentFile = "C:\Workspace\SNMP\Walkfiles\LargeMountSwitchesTest\6.4T and 6.5K\F6R7_LDTCCSW9917.txt.var"
			TrapMgr = ""
			ResponseDelay = "0"
			SnmpStr = "V1V2V3"
			MtuSize = "1500"
			SnmpPort = "161"
			SecurityLevel = "NoAuthNoPriv"
		/>
	/>
	<Device
		<General
			Name = "192.168.30.125"
			MultiHome = "1"
			DHCP = "0"
			SubnetMask = "255.255.255.0"
			MacAddress = ""
			Interface = ""
			UserData = ""
			TopologyData = ""
			DisplayTag = ""
			ModelingFile = ""
		/>
		<Snmp
			ReadCommunity = "public"
			WriteCommunity = "private"
			MibFile = "mib2.cmf"
			AgentFile = "C:\Workspace\SNMP\Walkfiles\LargeMountSwitchesTest\6.4T and 6.5K\F6R7_LDTCCSW9916.txt.var"
			TrapMgr = ""
			ResponseDelay = "0"
			SnmpStr = "V1V2V3"
			MtuSize = "1500"
			SnmpPort = "161"
			SecurityLevel = "NoAuthNoPriv"
		/>
	/>
	<Device
		<General
			Name = "192.168.30.126"
			MultiHome = "1"
			DHCP = "0"
			SubnetMask = "255.255.255.0"
			MacAddress = ""
			Interface = ""
			UserData = ""
			TopologyData = ""
			DisplayTag = ""
			ModelingFile = ""
		/>
		<Snmp
			ReadCommunity = "public"
			WriteCommunity = "private"
			MibFile = "mib2.cmf"
			AgentFile = "C:\Workspace\SNMP\Walkfiles\LargeMountSwitchesTest\6.4T and 6.5K\F4R7_HPB_C3_SW4.txt.var"
			TrapMgr = ""
			ResponseDelay = "0"
			SnmpStr = "V1V2V3"
			MtuSize = "1500"
			SnmpPort = "161"
			SecurityLevel = "NoAuthNoPriv"
		/>
	/>
	<Device
		<General
			Name = "192.168.30.127"
			MultiHome = "1"
			DHCP = "0"
			SubnetMask = "255.255.255.0"
			MacAddress = ""
			Interface = ""
			UserData = ""
			TopologyData = ""
			DisplayTag = ""
			ModelingFile = ""
		/>
		<Snmp
			ReadCommunity = "public"
			WriteCommunity = "private"
			MibFile = "mib2.cmf"
			AgentFile = "C:\Workspace\SNMP\Walkfiles\LargeMountSwitchesTest\6.4T and 6.5K\F4R7_HPB_C3_SW3.txt.var"
			TrapMgr = ""
			ResponseDelay = "0"
			SnmpStr = "V1V2V3"
			MtuSize = "1500"
			SnmpPort = "161"
			SecurityLevel = "NoAuthNoPriv"
		/>
	/>
	<Device
		<General
			Name = "192.168.30.128"
			MultiHome = "1"
			DHCP = "0"
			SubnetMask = "255.255.255.0"
			MacAddress = ""
			Interface = ""
			UserData = ""
			TopologyData = ""
			DisplayTag = ""
			ModelingFile = ""
		/>
		<Snmp
			ReadCommunity = "public"
			WriteCommunity = "private"
			MibFile = "mib2.cmf"
			AgentFile = "C:\Workspace\SNMP\Walkfiles\LargeMountSwitchesTest\6.4T and 6.5K\F4R7_HPB_C3_SW2.txt.var"
			TrapMgr = ""
			ResponseDelay = "0"
			SnmpStr = "V1V2V3"
			MtuSize = "1500"
			SnmpPort = "161"
			SecurityLevel = "NoAuthNoPriv"
		/>
	/>
	<Device
		<General
			Name = "192.168.30.129"
			MultiHome = "1"
			DHCP = "0"
			SubnetMask = "255.255.255.0"
			MacAddress = ""
			Interface = ""
			UserData = ""
			TopologyData = ""
			DisplayTag = ""
			ModelingFile = ""
		/>
		<Snmp
			ReadCommunity = "public"
			WriteCommunity = "private"
			MibFile = "mib2.cmf"
			AgentFile = "C:\Workspace\SNMP\Walkfiles\LargeMountSwitchesTest\6.4T and 6.5K\F4R7_HPB_C3_SW1.txt.var"
			TrapMgr = ""
			ResponseDelay = "0"
			SnmpStr = "V1V2V3"
			MtuSize = "1500"
			SnmpPort = "161"
			SecurityLevel = "NoAuthNoPriv"
		/>
	/>
	<Device
		<General
			Name = "192.168.30.130"
			MultiHome = "1"
			DHCP = "0"
			SubnetMask = "255.255.255.0"
			MacAddress = ""
			Interface = ""
			UserData = ""
			TopologyData = ""
			DisplayTag = ""
			ModelingFile = ""
		/>
		<Snmp
			ReadCommunity = "public"
			WriteCommunity = "private"
			MibFile = "mib2.cmf"
			AgentFile = "C:\Workspace\SNMP\Walkfiles\LargeMountSwitchesTest\6.4T and 6.5K\F4R7_HPB_C2_SW4.txt.var"
			TrapMgr = ""
			ResponseDelay = "0"
			SnmpStr = "V1V2V3"
			MtuSize = "1500"
			SnmpPort = "161"
			SecurityLevel = "NoAuthNoPriv"
		/>
	/>
	<Device
		<General
			Name = "192.168.30.131"
			MultiHome = "1"
			DHCP = "0"
			SubnetMask = "255.255.255.0"
			MacAddress = ""
			Interface = ""
			UserData = ""
			TopologyData = ""
			DisplayTag = ""
			ModelingFile = ""
		/>
		<Snmp
			ReadCommunity = "public"
			WriteCommunity = "private"
			MibFile = "mib2.cmf"
			AgentFile = "C:\Workspace\SNMP\Walkfiles\LargeMountSwitchesTest\6.4T and 6.5K\F4R7_HPB_C2_SW3.txt.var"
			TrapMgr = ""
			ResponseDelay = "0"
			SnmpStr = "V1V2V3"
			MtuSize = "1500"
			SnmpPort = "161"
			SecurityLevel = "NoAuthNoPriv"
		/>
	/>
	<Device
		<General
			Name = "192.168.30.132"
			MultiHome = "1"
			DHCP = "0"
			SubnetMask = "255.255.255.0"
			MacAddress = ""
			Interface = ""
			UserData = ""
			TopologyData = ""
			DisplayTag = ""
			ModelingFile = ""
		/>
		<Snmp
			ReadCommunity = "public"
			WriteCommunity = "private"
			MibFile = "mib2.cmf"
			AgentFile = "C:\Workspace\SNMP\Walkfiles\LargeMountSwitchesTest\6.4T and 6.5K\F4R7_HPB_C2_SW2.txt.var"
			TrapMgr = ""
			ResponseDelay = "0"
			SnmpStr = "V1V2V3"
			MtuSize = "1500"
			SnmpPort = "161"
			SecurityLevel = "NoAuthNoPriv"
		/>
	/>
	<Device
		<General
			Name = "192.168.30.133"
			MultiHome = "1"
			DHCP = "0"
			SubnetMask = "255.255.255.0"
			MacAddress = ""
			Interface = ""
			UserData = ""
			TopologyData = ""
			DisplayTag = ""
			ModelingFile = ""
		/>
		<Snmp
			ReadCommunity = "public"
			WriteCommunity = "private"
			MibFile = "mib2.cmf"
			AgentFile = "C:\Workspace\SNMP\Walkfiles\LargeMountSwitchesTest\6.4T and 6.5K\F4R7_HPB_C2_SW1.txt.var"
			TrapMgr = ""
			ResponseDelay = "0"
			SnmpStr = "V1V2V3"
			MtuSize = "1500"
			SnmpPort = "161"
			SecurityLevel = "NoAuthNoPriv"
		/>
	/>
	<Device
		<General
			Name = "192.168.30.134"
			MultiHome = "1"
			DHCP = "0"
			SubnetMask = "255.255.255.0"
			MacAddress = ""
			Interface = ""
			UserData = ""
			TopologyData = ""
			DisplayTag = ""
			ModelingFile = ""
		/>
		<Snmp
			ReadCommunity = "public"
			WriteCommunity = "private"
			MibFile = "mib2.cmf"
			AgentFile = "C:\Workspace\SNMP\Walkfiles\LargeMountSwitchesTest\6.4T and 6.5K\F4R7_HPB_C1_SW2.txt.var"
			TrapMgr = ""
			ResponseDelay = "0"
			SnmpStr = "V1V2V3"
			MtuSize = "1500"
			SnmpPort = "161"
			SecurityLevel = "NoAuthNoPriv"
		/>
	/>
	<Device
		<General
			Name = "192.168.30.135"
			MultiHome = "1"
			DHCP = "0"
			SubnetMask = "255.255.255.0"
			MacAddress = ""
			Interface = ""
			UserData = ""
			TopologyData = ""
			DisplayTag = ""
			ModelingFile = ""
		/>
		<Snmp
			ReadCommunity = "public"
			WriteCommunity = "private"
			MibFile = "mib2.cmf"
			AgentFile = "C:\Workspace\SNMP\Walkfiles\LargeMountSwitchesTest\6.4T and 6.5K\F4R7_HPB_C1_SW1.txt.var"
			TrapMgr = ""
			ResponseDelay = "0"
			SnmpStr = "V1V2V3"
			MtuSize = "1500"
			SnmpPort = "161"
			SecurityLevel = "NoAuthNoPriv"
		/>
	/>
	<Device
		<General
			Name = "192.168.30.136"
			MultiHome = "1"
			DHCP = "0"
			SubnetMask = "255.255.255.0"
			MacAddress = ""
			Interface = ""
			UserData = ""
			TopologyData = ""
			DisplayTag = ""
			ModelingFile = ""
		/>
		<Snmp
			ReadCommunity = "public"
			WriteCommunity = "private"
			MibFile = "mib2.cmf"
			AgentFile = "C:\Workspace\SNMP\Walkfiles\LargeMountSwitchesTest\6.4T and 6.5K\DELLM6220b.var"
			TrapMgr = ""
			ResponseDelay = "0"
			SnmpStr = "V1V2V3"
			MtuSize = "1500"
			SnmpPort = "161"
			SecurityLevel = "NoAuthNoPriv"
		/>
	/>
	<Device
		<General
			Name = "192.168.30.137"
			MultiHome = "1"
			DHCP = "0"
			SubnetMask = "255.255.255.0"
			MacAddress = ""
			Interface = ""
			UserData = ""
			TopologyData = ""
			DisplayTag = ""
			ModelingFile = ""
		/>
		<Snmp
			ReadCommunity = "public"
			WriteCommunity = "private"
			MibFile = "mib2.cmf"
			AgentFile = "C:\Workspace\SNMP\Walkfiles\LargeMountSwitchesTest\6.4T and 6.5K\DELLM6220a.var"
			TrapMgr = ""
			ResponseDelay = "0"
			SnmpStr = "V1V2V3"
			MtuSize = "1500"
			SnmpPort = "161"
			SecurityLevel = "NoAuthNoPriv"
		/>
	/>
	<Device
		<General
			Name = "192.168.30.138"
			MultiHome = "1"
			DHCP = "0"
			SubnetMask = "255.255.255.0"
			MacAddress = ""
			Interface = ""
			UserData = ""
			TopologyData = ""
			DisplayTag = ""
			ModelingFile = ""
		/>
		<Snmp
			ReadCommunity = "public"
			WriteCommunity = "private"
			MibFile = "mib2.cmf"
			AgentFile = "C:\Workspace\SNMP\Walkfiles\LargeMountSwitchesTest\6.4T and 6.5K\conn11-sw0.var"
			TrapMgr = ""
			ResponseDelay = "0"
			SnmpStr = "V1V2V3"
			MtuSize = "1500"
			SnmpPort = "161"
			SecurityLevel = "NoAuthNoPriv"
		/>
	/>
	<Device
		<General
			Name = "192.168.30.139"
			MultiHome = "1"
			DHCP = "0"
			SubnetMask = "255.255.255.0"
			MacAddress = ""
			Interface = ""
			UserData = ""
			TopologyData = ""
			DisplayTag = ""
			ModelingFile = ""
		/>
		<Snmp
			ReadCommunity = "public"
			WriteCommunity = "private"
			MibFile = "mib2.cmf"
			AgentFile = "C:\Workspace\SNMP\Walkfiles\LargeMountSwitchesTest\6.4T and 6.5K\Cisco6509_16022011.var"
			TrapMgr = ""
			ResponseDelay = "0"
			SnmpStr = "V1V2V3"
			MtuSize = "1500"
			SnmpPort = "161"
			SecurityLevel = "NoAuthNoPriv"
		/>
	/>
	<Device
		<General
			Name = "192.168.30.140"
			MultiHome = "1"
			DHCP = "0"
			SubnetMask = "255.255.255.0"
			MacAddress = ""
			Interface = ""
			UserData = ""
			TopologyData = ""
			DisplayTag = ""
			ModelingFile = ""
		/>
		<Snmp
			ReadCommunity = "public"
			WriteCommunity = "private"
			MibFile = "mib2.cmf"
			AgentFile = "C:\Workspace\SNMP\Walkfiles\LargeMountSwitchesTest\6.4T and 6.5K\CAT4900M.var"
			TrapMgr = ""
			ResponseDelay = "0"
			SnmpStr = "V1V2V3"
			MtuSize = "1500"
			SnmpPort = "161"
			SecurityLevel = "NoAuthNoPriv"
		/>
	/>
	<Device
		<General
			Name = "192.168.30.141"
			MultiHome = "1"
			DHCP = "0"
			SubnetMask = "255.255.255.0"
			MacAddress = ""
			Interface = ""
			UserData = ""
			TopologyData = ""
			DisplayTag = ""
			ModelingFile = ""
		/>
		<Snmp
			ReadCommunity = "public"
			WriteCommunity = "private"
			MibFile = "mib2.cmf"
			AgentFile = "C:\Workspace\SNMP\Walkfiles\LargeMountSwitchesTest\6.4T and 6.5K\c4500.var"
			TrapMgr = ""
			ResponseDelay = "0"
			SnmpStr = "V1V2V3"
			MtuSize = "1500"
			SnmpPort = "161"
			SecurityLevel = "NoAuthNoPriv"
		/>
	/>
	<Device
		<General
			Name = "192.168.30.142"
			MultiHome = "1"
			DHCP = "0"
			SubnetMask = "255.255.255.0"
			MacAddress = ""
			Interface = ""
			UserData = ""
			TopologyData = ""
			DisplayTag = ""
			ModelingFile = ""
		/>
		<Snmp
			ReadCommunity = "public"
			WriteCommunity = "private"
			MibFile = "mib2.cmf"
			AgentFile = "C:\Workspace\SNMP\Walkfiles\LargeMountSwitchesTest\6.4T and 6.5K\BrocadeM5424b.var"
			TrapMgr = ""
			ResponseDelay = "0"
			SnmpStr = "V1V2V3"
			MtuSize = "1500"
			SnmpPort = "161"
			SecurityLevel = "NoAuthNoPriv"
		/>
	/>
	<Device
		<General
			Name = "192.168.30.143"
			MultiHome = "1"
			DHCP = "0"
			SubnetMask = "255.255.255.0"
			MacAddress = ""
			Interface = ""
			UserData = ""
			TopologyData = ""
			DisplayTag = ""
			ModelingFile = ""
		/>
		<Snmp
			ReadCommunity = "public"
			WriteCommunity = "private"
			MibFile = "mib2.cmf"
			AgentFile = "C:\Workspace\SNMP\Walkfiles\LargeMountSwitchesTest\6.4T and 6.5K\BrocadeM5424a.var"
			TrapMgr = ""
			ResponseDelay = "0"
			SnmpStr = "V1V2V3"
			MtuSize = "1500"
			SnmpPort = "161"
			SecurityLevel = "NoAuthNoPriv"
		/>
	/>
	<Device
		<General
			Name = "192.168.30.144"
			MultiHome = "1"
			DHCP = "0"
			SubnetMask = "255.255.255.0"
			MacAddress = ""
			Interface = ""
			UserData = ""
			TopologyData = ""
			DisplayTag = ""
			ModelingFile = ""
		/>
		<Snmp
			ReadCommunity = "public"
			WriteCommunity = "private"
			MibFile = "mib2.cmf"
			AgentFile = "C:\Workspace\SNMP\Walkfiles\LargeMountSwitchesTest\6.4T and 6.5K\blade3hpswB.txt.var"
			TrapMgr = ""
			ResponseDelay = "0"
			SnmpStr = "V1V2V3"
			MtuSize = "1500"
			SnmpPort = "161"
			SecurityLevel = "NoAuthNoPriv"
		/>
	/>
	<Device
		<General
			Name = "192.168.30.145"
			MultiHome = "1"
			DHCP = "0"
			SubnetMask = "255.255.255.0"
			MacAddress = ""
			Interface = ""
			UserData = ""
			TopologyData = ""
			DisplayTag = ""
			ModelingFile = ""
		/>
		<Snmp
			ReadCommunity = "public"
			WriteCommunity = "private"
			MibFile = "mib2.cmf"
			AgentFile = "C:\Workspace\SNMP\Walkfiles\LargeMountSwitchesTest\6.4T and 6.5K\blade3hpswA.txt.var"
			TrapMgr = ""
			ResponseDelay = "0"
			SnmpStr = "V1V2V3"
			MtuSize = "1500"
			SnmpPort = "161"
			SecurityLevel = "NoAuthNoPriv"
		/>
	/>
	<Device
		<General
			Name = "192.168.30.146"
			MultiHome = "1"
			DHCP = "0"
			SubnetMask = "255.255.255.0"
			MacAddress = ""
			Interface = ""
			UserData = ""
			TopologyData = ""
			DisplayTag = ""
			ModelingFile = ""
		/>
		<Snmp
			ReadCommunity = "public"
			WriteCommunity = "private"
			MibFile = "mib2.cmf"
			AgentFile = "C:\Workspace\SNMP\Walkfiles\LargeMountSwitchesTest\6.4T and 6.5K\blade2hpswA.txt.var"
			TrapMgr = ""
			ResponseDelay = "0"
			SnmpStr = "V1V2V3"
			MtuSize = "1500"
			SnmpPort = "161"
			SecurityLevel = "NoAuthNoPriv"
		/>
	/>
	<Device
		<General
			Name = "192.168.30.147"
			MultiHome = "1"
			DHCP = "0"
			SubnetMask = "255.255.255.0"
			MacAddress = ""
			Interface = ""
			UserData = ""
			TopologyData = ""
			DisplayTag = ""
			ModelingFile = ""
		/>
		<Snmp
			ReadCommunity = "public"
			WriteCommunity = "private"
			MibFile = "mib2.cmf"
			AgentFile = "C:\Workspace\SNMP\Walkfiles\LargeMountSwitchesTest\6.4T and 6.5K\Blade_Dell_SW2.txt.var"
			TrapMgr = ""
			ResponseDelay = "0"
			SnmpStr = "V1V2V3"
			MtuSize = "1500"
			SnmpPort = "161"
			SecurityLevel = "NoAuthNoPriv"
		/>
	/>
	<Device
		<General
			Name = "192.168.30.148"
			MultiHome = "1"
			DHCP = "0"
			SubnetMask = "255.255.255.0"
			MacAddress = ""
			Interface = ""
			UserData = ""
			TopologyData = ""
			DisplayTag = ""
			ModelingFile = ""
		/>
		<Snmp
			ReadCommunity = "public"
			WriteCommunity = "private"
			MibFile = "mib2.cmf"
			AgentFile = "C:\Workspace\SNMP\Walkfiles\LargeMountSwitchesTest\6.4T and 6.5K\Blade_Dell_SW1.txt.var"
			TrapMgr = ""
			ResponseDelay = "0"
			SnmpStr = "V1V2V3"
			MtuSize = "1500"
			SnmpPort = "161"
			SecurityLevel = "NoAuthNoPriv"
		/>
	/>
	<Device
		<General
			Name = "192.168.30.149"
			MultiHome = "1"
			DHCP = "0"
			SubnetMask = "255.255.255.0"
			MacAddress = ""
			Interface = ""
			UserData = ""
			TopologyData = ""
			DisplayTag = ""
			ModelingFile = ""
		/>
		<Snmp
			ReadCommunity = "public"
			WriteCommunity = "private"
			MibFile = "mib2.cmf"
			AgentFile = "C:\Users\iPatch China\Desktop\w170dcrrt03\w170dcrrt01.var"
			TrapMgr = ""
			ResponseDelay = "0"
			SnmpStr = "V1V2V3"
			MtuSize = "1500"
			SnmpPort = "161"
			SecurityLevel = "NoAuthNoPriv"
		/>
	/>
	<Device
		<General
			Name = "192.168.30.150"
			MultiHome = "1"
			DHCP = "0"
			SubnetMask = "255.255.255.0"
			MacAddress = ""
			Interface = ""
			UserData = ""
			TopologyData = ""
			DisplayTag = ""
			ModelingFile = ""
		/>
		<Snmp
			ReadCommunity = "public"
			WriteCommunity = "private"
			MibFile = "mib2.cmf"
			AgentFile = "C:\Users\iPatch China\Desktop\w170dcrrt03\w170dcrrt02.var"
			TrapMgr = ""
			ResponseDelay = "0"
			SnmpStr = "V1V2V3"
			MtuSize = "1500"
			SnmpPort = "161"
			SecurityLevel = "NoAuthNoPriv"
		/>
	/>
</DeviceMap>
