<DeviceMap
	Release = "11.0"
	Description = ""
	UserData = ""
	SetupFile = ""
	Interface = ""
	Separator = ""
	StartInterfaceNum = "0"
	Username = "">
<Device
	<General
		Name = "192.168.122.1"
		MultiHome = "1"
		DHCP = "0"
		SubnetMask = "255.255.255.0"
		MacAddress = ""
		Interface = ""
		UserData = ""
		TopologyData = ""
		DisplayTag = "Alcatel 090812-OS9700-NOCCPT2.var"
		ModelingFile = ""
	/>
	<Snmp
		ReadCommunity = "public"
		WriteCommunity = "private"
		MibFile = "mib2.cmf"
		AgentFile = "C:\Workspace\SNMP\Walkfiles\ForSNMPUpdateToolTest\Alcatel\Alcatel 090812-OS9700-NOCCPT2.var"
		TrapMgr = ""
		ResponseDelay = "0"
		SnmpStr = "V1V2V3"
		MtuSize = "1500"
		SnmpPort = "161"
		SecurityLevel = "NoAuthNoPriv"
	/>
/>
<Device
	<General
		Name = "192.168.122.2"
		MultiHome = "1"
		DHCP = "0"
		SubnetMask = "255.255.255.0"
		MacAddress = ""
		Interface = ""
		UserData = ""
		TopologyData = ""
		DisplayTag = "Alcatel 090812-OS9700-R&DSW1.var"
		ModelingFile = ""
	/>
	<Snmp
		ReadCommunity = "public"
		WriteCommunity = "private"
		MibFile = "mib2.cmf"
		AgentFile = "C:\Workspace\SNMP\Walkfiles\ForSNMPUpdateToolTest\Alcatel\Alcatel 090812-OS9700-R&DSW1.var"
		TrapMgr = ""
		ResponseDelay = "0"
		SnmpStr = "V1V2V3"
		MtuSize = "1500"
		SnmpPort = "161"
		SecurityLevel = "NoAuthNoPriv"
	/>
/>
<Device
	<General
		Name = "192.168.122.3"
		MultiHome = "1"
		DHCP = "0"
		SubnetMask = "255.255.255.0"
		MacAddress = ""
		Interface = ""
		UserData = ""
		TopologyData = ""
		DisplayTag = "Alcatel 090812-OS9800-R&DSW2.var"
		ModelingFile = ""
	/>
	<Snmp
		ReadCommunity = "public"
		WriteCommunity = "private"
		MibFile = "mib2.cmf"
		AgentFile = "C:\Workspace\SNMP\Walkfiles\ForSNMPUpdateToolTest\Alcatel\Alcatel 090812-OS9800-R&DSW2.var"
		TrapMgr = ""
		ResponseDelay = "0"
		SnmpStr = "V1V2V3"
		MtuSize = "1500"
		SnmpPort = "161"
		SecurityLevel = "NoAuthNoPriv"
	/>
/>
<Device
	<General
		Name = "192.168.122.4"
		MultiHome = "1"
		DHCP = "0"
		SubnetMask = "255.255.255.0"
		MacAddress = ""
		Interface = ""
		UserData = ""
		TopologyData = ""
		DisplayTag = "Alcatel 090812-OS9800PrimarySwitch1NOC.var"
		ModelingFile = ""
	/>
	<Snmp
		ReadCommunity = "public"
		WriteCommunity = "private"
		MibFile = "mib2.cmf"
		AgentFile = "C:\Workspace\SNMP\Walkfiles\ForSNMPUpdateToolTest\Alcatel\Alcatel 090812-OS9800PrimarySwitch1NOC.var"
		TrapMgr = ""
		ResponseDelay = "0"
		SnmpStr = "V1V2V3"
		MtuSize = "1500"
		SnmpPort = "161"
		SecurityLevel = "NoAuthNoPriv"
	/>
/>
<Device
	<General
		Name = "192.168.122.5"
		MultiHome = "1"
		DHCP = "0"
		SubnetMask = "255.255.255.0"
		MacAddress = ""
		Interface = ""
		UserData = ""
		TopologyData = ""
		DisplayTag = "Alcatel 090812-OS9800PrimarySwitch2NOC.var"
		ModelingFile = ""
	/>
	<Snmp
		ReadCommunity = "public"
		WriteCommunity = "private"
		MibFile = "mib2.cmf"
		AgentFile = "C:\Workspace\SNMP\Walkfiles\ForSNMPUpdateToolTest\Alcatel\Alcatel 090812-OS9800PrimarySwitch2NOC.var"
		TrapMgr = ""
		ResponseDelay = "0"
		SnmpStr = "V1V2V3"
		MtuSize = "1500"
		SnmpPort = "161"
		SecurityLevel = "NoAuthNoPriv"
	/>
/>
<Device
	<General
		Name = "192.168.122.6"
		MultiHome = "1"
		DHCP = "0"
		SubnetMask = "255.255.255.0"
		MacAddress = ""
		Interface = ""
		UserData = ""
		TopologyData = ""
		DisplayTag = "Alcatel 10k-a.var"
		ModelingFile = ""
	/>
	<Snmp
		ReadCommunity = "public"
		WriteCommunity = "private"
		MibFile = "mib2.cmf"
		AgentFile = "C:\Workspace\SNMP\Walkfiles\ForSNMPUpdateToolTest\Alcatel\Alcatel 10k-a.var"
		TrapMgr = ""
		ResponseDelay = "0"
		SnmpStr = "V1V2V3"
		MtuSize = "1500"
		SnmpPort = "161"
		SecurityLevel = "NoAuthNoPriv"
	/>
/>
<Device
	<General
		Name = "192.168.122.7"
		MultiHome = "1"
		DHCP = "0"
		SubnetMask = "255.255.255.0"
		MacAddress = ""
		Interface = ""
		UserData = ""
		TopologyData = ""
		DisplayTag = "Alcatel 10k-b.var"
		ModelingFile = ""
	/>
	<Snmp
		ReadCommunity = "public"
		WriteCommunity = "private"
		MibFile = "mib2.cmf"
		AgentFile = "C:\Workspace\SNMP\Walkfiles\ForSNMPUpdateToolTest\Alcatel\Alcatel 10k-b.var"
		TrapMgr = ""
		ResponseDelay = "0"
		SnmpStr = "V1V2V3"
		MtuSize = "1500"
		SnmpPort = "161"
		SecurityLevel = "NoAuthNoPriv"
	/>
/>
<Device
	<General
		Name = "192.168.122.8"
		MultiHome = "1"
		DHCP = "0"
		SubnetMask = "255.255.255.0"
		MacAddress = ""
		Interface = ""
		UserData = ""
		TopologyData = ""
		DisplayTag = "Alcatel 6800-P24.var"
		ModelingFile = ""
	/>
	<Snmp
		ReadCommunity = "public"
		WriteCommunity = "private"
		MibFile = "mib2.cmf"
		AgentFile = "C:\Workspace\SNMP\Walkfiles\ForSNMPUpdateToolTest\Alcatel\Alcatel 6800-P24.var"
		TrapMgr = ""
		ResponseDelay = "0"
		SnmpStr = "V1V2V3"
		MtuSize = "1500"
		SnmpPort = "161"
		SecurityLevel = "NoAuthNoPriv"
	/>
/>
<Device
	<General
		Name = "192.168.122.9"
		MultiHome = "1"
		DHCP = "0"
		SubnetMask = "255.255.255.0"
		MacAddress = ""
		Interface = ""
		UserData = ""
		TopologyData = ""
		DisplayTag = "Alcatel 6850_5.var"
		ModelingFile = ""
	/>
	<Snmp
		ReadCommunity = "public"
		WriteCommunity = "private"
		MibFile = "mib2.cmf"
		AgentFile = "C:\Workspace\SNMP\Walkfiles\ForSNMPUpdateToolTest\Alcatel\Alcatel 6850_5.var"
		TrapMgr = ""
		ResponseDelay = "0"
		SnmpStr = "V1V2V3"
		MtuSize = "1500"
		SnmpPort = "161"
		SecurityLevel = "NoAuthNoPriv"
	/>
/>
<Device
	<General
		Name = "192.168.122.10"
		MultiHome = "1"
		DHCP = "0"
		SubnetMask = "255.255.255.0"
		MacAddress = ""
		Interface = ""
		UserData = ""
		TopologyData = ""
		DisplayTag = "Alcatel 9600NOC1.var"
		ModelingFile = ""
	/>
	<Snmp
		ReadCommunity = "public"
		WriteCommunity = "private"
		MibFile = "mib2.cmf"
		AgentFile = "C:\Workspace\SNMP\Walkfiles\ForSNMPUpdateToolTest\Alcatel\Alcatel 9600NOC1.var"
		TrapMgr = ""
		ResponseDelay = "0"
		SnmpStr = "V1V2V3"
		MtuSize = "1500"
		SnmpPort = "161"
		SecurityLevel = "NoAuthNoPriv"
	/>
/>
<Device
	<General
		Name = "192.168.122.11"
		MultiHome = "1"
		DHCP = "0"
		SubnetMask = "255.255.255.0"
		MacAddress = ""
		Interface = ""
		UserData = ""
		TopologyData = ""
		DisplayTag = "Alcatel 9600NOC1_Int.var"
		ModelingFile = ""
	/>
	<Snmp
		ReadCommunity = "public"
		WriteCommunity = "private"
		MibFile = "mib2.cmf"
		AgentFile = "C:\Workspace\SNMP\Walkfiles\ForSNMPUpdateToolTest\Alcatel\Alcatel 9600NOC1_Int.var"
		TrapMgr = ""
		ResponseDelay = "0"
		SnmpStr = "V1V2V3"
		MtuSize = "1500"
		SnmpPort = "161"
		SecurityLevel = "NoAuthNoPriv"
	/>
/>
<Device
	<General
		Name = "192.168.122.12"
		MultiHome = "1"
		DHCP = "0"
		SubnetMask = "255.255.255.0"
		MacAddress = ""
		Interface = ""
		UserData = ""
		TopologyData = ""
		DisplayTag = "Alcatel 9600NOC2.var"
		ModelingFile = ""
	/>
	<Snmp
		ReadCommunity = "public"
		WriteCommunity = "private"
		MibFile = "mib2.cmf"
		AgentFile = "C:\Workspace\SNMP\Walkfiles\ForSNMPUpdateToolTest\Alcatel\Alcatel 9600NOC2.var"
		TrapMgr = ""
		ResponseDelay = "0"
		SnmpStr = "V1V2V3"
		MtuSize = "1500"
		SnmpPort = "161"
		SecurityLevel = "NoAuthNoPriv"
	/>
/>
<Device
	<General
		Name = "192.168.122.13"
		MultiHome = "1"
		DHCP = "0"
		SubnetMask = "255.255.255.0"
		MacAddress = ""
		Interface = ""
		UserData = ""
		TopologyData = ""
		DisplayTag = "Alcatel 9600NOC2_Int.var"
		ModelingFile = ""
	/>
	<Snmp
		ReadCommunity = "public"
		WriteCommunity = "private"
		MibFile = "mib2.cmf"
		AgentFile = "C:\Workspace\SNMP\Walkfiles\ForSNMPUpdateToolTest\Alcatel\Alcatel 9600NOC2_Int.var"
		TrapMgr = ""
		ResponseDelay = "0"
		SnmpStr = "V1V2V3"
		MtuSize = "1500"
		SnmpPort = "161"
		SecurityLevel = "NoAuthNoPriv"
	/>
/>
<Device
	<General
		Name = "192.168.122.14"
		MultiHome = "1"
		DHCP = "0"
		SubnetMask = "255.255.255.0"
		MacAddress = ""
		Interface = ""
		UserData = ""
		TopologyData = ""
		DisplayTag = "Alcatel 9700CPTDS1.var"
		ModelingFile = ""
	/>
	<Snmp
		ReadCommunity = "public"
		WriteCommunity = "private"
		MibFile = "mib2.cmf"
		AgentFile = "C:\Workspace\SNMP\Walkfiles\ForSNMPUpdateToolTest\Alcatel\Alcatel 9700CPTDS1.var"
		TrapMgr = ""
		ResponseDelay = "0"
		SnmpStr = "V1V2V3"
		MtuSize = "1500"
		SnmpPort = "161"
		SecurityLevel = "NoAuthNoPriv"
	/>
/>
<Device
	<General
		Name = "192.168.122.15"
		MultiHome = "1"
		DHCP = "0"
		SubnetMask = "255.255.255.0"
		MacAddress = ""
		Interface = ""
		UserData = ""
		TopologyData = ""
		DisplayTag = "Alcatel 9700CPTDS1_Int.var"
		ModelingFile = ""
	/>
	<Snmp
		ReadCommunity = "public"
		WriteCommunity = "private"
		MibFile = "mib2.cmf"
		AgentFile = "C:\Workspace\SNMP\Walkfiles\ForSNMPUpdateToolTest\Alcatel\Alcatel 9700CPTDS1_Int.var"
		TrapMgr = ""
		ResponseDelay = "0"
		SnmpStr = "V1V2V3"
		MtuSize = "1500"
		SnmpPort = "161"
		SecurityLevel = "NoAuthNoPriv"
	/>
/>
<Device
	<General
		Name = "192.168.122.16"
		MultiHome = "1"
		DHCP = "0"
		SubnetMask = "255.255.255.0"
		MacAddress = ""
		Interface = ""
		UserData = ""
		TopologyData = ""
		DisplayTag = "Alcatel 9700CPTDS2.var"
		ModelingFile = ""
	/>
	<Snmp
		ReadCommunity = "public"
		WriteCommunity = "private"
		MibFile = "mib2.cmf"
		AgentFile = "C:\Workspace\SNMP\Walkfiles\ForSNMPUpdateToolTest\Alcatel\Alcatel 9700CPTDS2.var"
		TrapMgr = ""
		ResponseDelay = "0"
		SnmpStr = "V1V2V3"
		MtuSize = "1500"
		SnmpPort = "161"
		SecurityLevel = "NoAuthNoPriv"
	/>
/>
<Device
	<General
		Name = "192.168.122.17"
		MultiHome = "1"
		DHCP = "0"
		SubnetMask = "255.255.255.0"
		MacAddress = ""
		Interface = ""
		UserData = ""
		TopologyData = ""
		DisplayTag = "Alcatel 9700CPTDS2_Int.var"
		ModelingFile = ""
	/>
	<Snmp
		ReadCommunity = "public"
		WriteCommunity = "private"
		MibFile = "mib2.cmf"
		AgentFile = "C:\Workspace\SNMP\Walkfiles\ForSNMPUpdateToolTest\Alcatel\Alcatel 9700CPTDS2_Int.var"
		TrapMgr = ""
		ResponseDelay = "0"
		SnmpStr = "V1V2V3"
		MtuSize = "1500"
		SnmpPort = "161"
		SecurityLevel = "NoAuthNoPriv"
	/>
/>
<Device
	<General
		Name = "192.168.122.18"
		MultiHome = "1"
		DHCP = "0"
		SubnetMask = "255.255.255.0"
		MacAddress = ""
		Interface = ""
		UserData = ""
		TopologyData = ""
		DisplayTag = "Alcatel 9700NOC.var"
		ModelingFile = ""
	/>
	<Snmp
		ReadCommunity = "public"
		WriteCommunity = "private"
		MibFile = "mib2.cmf"
		AgentFile = "C:\Workspace\SNMP\Walkfiles\ForSNMPUpdateToolTest\Alcatel\Alcatel 9700NOC.var"
		TrapMgr = ""
		ResponseDelay = "0"
		SnmpStr = "V1V2V3"
		MtuSize = "1500"
		SnmpPort = "161"
		SecurityLevel = "NoAuthNoPriv"
	/>
/>
<Device
	<General
		Name = "192.168.122.19"
		MultiHome = "1"
		DHCP = "0"
		SubnetMask = "255.255.255.0"
		MacAddress = ""
		Interface = ""
		UserData = ""
		TopologyData = ""
		DisplayTag = "Alcatel 9700NOC_Int.var"
		ModelingFile = ""
	/>
	<Snmp
		ReadCommunity = "public"
		WriteCommunity = "private"
		MibFile = "mib2.cmf"
		AgentFile = "C:\Workspace\SNMP\Walkfiles\ForSNMPUpdateToolTest\Alcatel\Alcatel 9700NOC_Int.var"
		TrapMgr = ""
		ResponseDelay = "0"
		SnmpStr = "V1V2V3"
		MtuSize = "1500"
		SnmpPort = "161"
		SecurityLevel = "NoAuthNoPriv"
	/>
/>
<Device
	<General
		Name = "192.168.122.20"
		MultiHome = "1"
		DHCP = "0"
		SubnetMask = "255.255.255.0"
		MacAddress = ""
		Interface = ""
		UserData = ""
		TopologyData = ""
		DisplayTag = "Alcatel 9700RDSw02.var"
		ModelingFile = ""
	/>
	<Snmp
		ReadCommunity = "public"
		WriteCommunity = "private"
		MibFile = "mib2.cmf"
		AgentFile = "C:\Workspace\SNMP\Walkfiles\ForSNMPUpdateToolTest\Alcatel\Alcatel 9700RDSw02.var"
		TrapMgr = ""
		ResponseDelay = "0"
		SnmpStr = "V1V2V3"
		MtuSize = "1500"
		SnmpPort = "161"
		SecurityLevel = "NoAuthNoPriv"
	/>
/>
<Device
	<General
		Name = "192.168.122.21"
		MultiHome = "1"
		DHCP = "0"
		SubnetMask = "255.255.255.0"
		MacAddress = ""
		Interface = ""
		UserData = ""
		TopologyData = ""
		DisplayTag = "Alcatel 9700RDSW2_Int.var"
		ModelingFile = ""
	/>
	<Snmp
		ReadCommunity = "public"
		WriteCommunity = "private"
		MibFile = "mib2.cmf"
		AgentFile = "C:\Workspace\SNMP\Walkfiles\ForSNMPUpdateToolTest\Alcatel\Alcatel 9700RDSW2_Int.var"
		TrapMgr = ""
		ResponseDelay = "0"
		SnmpStr = "V1V2V3"
		MtuSize = "1500"
		SnmpPort = "161"
		SecurityLevel = "NoAuthNoPriv"
	/>
/>
<Device
	<General
		Name = "192.168.122.22"
		MultiHome = "1"
		DHCP = "0"
		SubnetMask = "255.255.255.0"
		MacAddress = ""
		Interface = ""
		UserData = ""
		TopologyData = ""
		DisplayTag = "Alcatel 9700_1.var"
		ModelingFile = ""
	/>
	<Snmp
		ReadCommunity = "public"
		WriteCommunity = "private"
		MibFile = "mib2.cmf"
		AgentFile = "C:\Workspace\SNMP\Walkfiles\ForSNMPUpdateToolTest\Alcatel\Alcatel 9700_1.var"
		TrapMgr = ""
		ResponseDelay = "0"
		SnmpStr = "V1V2V3"
		MtuSize = "1500"
		SnmpPort = "161"
		SecurityLevel = "NoAuthNoPriv"
	/>
/>
<Device
	<General
		Name = "192.168.122.23"
		MultiHome = "1"
		DHCP = "0"
		SubnetMask = "255.255.255.0"
		MacAddress = ""
		Interface = ""
		UserData = ""
		TopologyData = ""
		DisplayTag = "Alcatel 9702-2.var"
		ModelingFile = ""
	/>
	<Snmp
		ReadCommunity = "public"
		WriteCommunity = "private"
		MibFile = "mib2.cmf"
		AgentFile = "C:\Workspace\SNMP\Walkfiles\ForSNMPUpdateToolTest\Alcatel\Alcatel 9702-2.var"
		TrapMgr = ""
		ResponseDelay = "0"
		SnmpStr = "V1V2V3"
		MtuSize = "1500"
		SnmpPort = "161"
		SecurityLevel = "NoAuthNoPriv"
	/>
/>
<Device
	<General
		Name = "192.168.122.24"
		MultiHome = "1"
		DHCP = "0"
		SubnetMask = "255.255.255.0"
		MacAddress = ""
		Interface = ""
		UserData = ""
		TopologyData = ""
		DisplayTag = "Alcatel 9702.var"
		ModelingFile = ""
	/>
	<Snmp
		ReadCommunity = "public"
		WriteCommunity = "private"
		MibFile = "mib2.cmf"
		AgentFile = "C:\Workspace\SNMP\Walkfiles\ForSNMPUpdateToolTest\Alcatel\Alcatel 9702.var"
		TrapMgr = ""
		ResponseDelay = "0"
		SnmpStr = "V1V2V3"
		MtuSize = "1500"
		SnmpPort = "161"
		SecurityLevel = "NoAuthNoPriv"
	/>
/>
<Device
	<General
		Name = "192.168.122.25"
		MultiHome = "1"
		DHCP = "0"
		SubnetMask = "255.255.255.0"
		MacAddress = ""
		Interface = ""
		UserData = ""
		TopologyData = ""
		DisplayTag = "Alcatel 9800.var"
		ModelingFile = ""
	/>
	<Snmp
		ReadCommunity = "public"
		WriteCommunity = "private"
		MibFile = "mib2.cmf"
		AgentFile = "C:\Workspace\SNMP\Walkfiles\ForSNMPUpdateToolTest\Alcatel\Alcatel 9800.var"
		TrapMgr = ""
		ResponseDelay = "0"
		SnmpStr = "V1V2V3"
		MtuSize = "1500"
		SnmpPort = "161"
		SecurityLevel = "NoAuthNoPriv"
	/>
/>
<Device
	<General
		Name = "192.168.122.26"
		MultiHome = "1"
		DHCP = "0"
		SubnetMask = "255.255.255.0"
		MacAddress = ""
		Interface = ""
		UserData = ""
		TopologyData = ""
		DisplayTag = "Alcatel 9800NOC.var"
		ModelingFile = ""
	/>
	<Snmp
		ReadCommunity = "public"
		WriteCommunity = "private"
		MibFile = "mib2.cmf"
		AgentFile = "C:\Workspace\SNMP\Walkfiles\ForSNMPUpdateToolTest\Alcatel\Alcatel 9800NOC.var"
		TrapMgr = ""
		ResponseDelay = "0"
		SnmpStr = "V1V2V3"
		MtuSize = "1500"
		SnmpPort = "161"
		SecurityLevel = "NoAuthNoPriv"
	/>
/>
<Device
	<General
		Name = "192.168.122.27"
		MultiHome = "1"
		DHCP = "0"
		SubnetMask = "255.255.255.0"
		MacAddress = ""
		Interface = ""
		UserData = ""
		TopologyData = ""
		DisplayTag = "Alcatel 9800NOC_Int.var"
		ModelingFile = ""
	/>
	<Snmp
		ReadCommunity = "public"
		WriteCommunity = "private"
		MibFile = "mib2.cmf"
		AgentFile = "C:\Workspace\SNMP\Walkfiles\ForSNMPUpdateToolTest\Alcatel\Alcatel 9800NOC_Int.var"
		TrapMgr = ""
		ResponseDelay = "0"
		SnmpStr = "V1V2V3"
		MtuSize = "1500"
		SnmpPort = "161"
		SecurityLevel = "NoAuthNoPriv"
	/>
/>
<Device
	<General
		Name = "192.168.122.28"
		MultiHome = "1"
		DHCP = "0"
		SubnetMask = "255.255.255.0"
		MacAddress = ""
		Interface = ""
		UserData = ""
		TopologyData = ""
		DisplayTag = "Alcatel 9800RDSw01.var"
		ModelingFile = ""
	/>
	<Snmp
		ReadCommunity = "public"
		WriteCommunity = "private"
		MibFile = "mib2.cmf"
		AgentFile = "C:\Workspace\SNMP\Walkfiles\ForSNMPUpdateToolTest\Alcatel\Alcatel 9800RDSw01.var"
		TrapMgr = ""
		ResponseDelay = "0"
		SnmpStr = "V1V2V3"
		MtuSize = "1500"
		SnmpPort = "161"
		SecurityLevel = "NoAuthNoPriv"
	/>
/>
<Device
	<General
		Name = "192.168.122.29"
		MultiHome = "1"
		DHCP = "0"
		SubnetMask = "255.255.255.0"
		MacAddress = ""
		Interface = ""
		UserData = ""
		TopologyData = ""
		DisplayTag = "Alcatel 9800RDSW1_Int.var"
		ModelingFile = ""
	/>
	<Snmp
		ReadCommunity = "public"
		WriteCommunity = "private"
		MibFile = "mib2.cmf"
		AgentFile = "C:\Workspace\SNMP\Walkfiles\ForSNMPUpdateToolTest\Alcatel\Alcatel 9800RDSW1_Int.var"
		TrapMgr = ""
		ResponseDelay = "0"
		SnmpStr = "V1V2V3"
		MtuSize = "1500"
		SnmpPort = "161"
		SecurityLevel = "NoAuthNoPriv"
	/>
/>
<Device
	<General
		Name = "192.168.122.30"
		MultiHome = "1"
		DHCP = "0"
		SubnetMask = "255.255.255.0"
		MacAddress = ""
		Interface = ""
		UserData = ""
		TopologyData = ""
		DisplayTag = "Alcatel 9800_Int.var"
		ModelingFile = ""
	/>
	<Snmp
		ReadCommunity = "public"
		WriteCommunity = "private"
		MibFile = "mib2.cmf"
		AgentFile = "C:\Workspace\SNMP\Walkfiles\ForSNMPUpdateToolTest\Alcatel\Alcatel 9800_Int.var"
		TrapMgr = ""
		ResponseDelay = "0"
		SnmpStr = "V1V2V3"
		MtuSize = "1500"
		SnmpPort = "161"
		SecurityLevel = "NoAuthNoPriv"
	/>
/>
<Device
	<General
		Name = "192.168.122.31"
		MultiHome = "1"
		DHCP = "0"
		SubnetMask = "255.255.255.0"
		MacAddress = ""
		Interface = ""
		UserData = ""
		TopologyData = ""
		DisplayTag = "Alcatel-Lucent 10K.var"
		ModelingFile = ""
	/>
	<Snmp
		ReadCommunity = "public"
		WriteCommunity = "private"
		MibFile = "mib2.cmf"
		AgentFile = "C:\Workspace\SNMP\Walkfiles\ForSNMPUpdateToolTest\Alcatel\Alcatel-Lucent 10K.var"
		TrapMgr = ""
		ResponseDelay = "0"
		SnmpStr = "V1V2V3"
		MtuSize = "1500"
		SnmpPort = "161"
		SecurityLevel = "NoAuthNoPriv"
	/>
/>
<Device
	<General
		Name = "192.168.122.32"
		MultiHome = "1"
		DHCP = "0"
		SubnetMask = "255.255.255.0"
		MacAddress = ""
		Interface = ""
		UserData = ""
		TopologyData = ""
		DisplayTag = "Alcatel6850-48.var"
		ModelingFile = ""
	/>
	<Snmp
		ReadCommunity = "public"
		WriteCommunity = "private"
		MibFile = "mib2.cmf"
		AgentFile = "C:\Workspace\SNMP\Walkfiles\ForSNMPUpdateToolTest\Alcatel\Alcatel6850-48.var"
		TrapMgr = ""
		ResponseDelay = "0"
		SnmpStr = "V1V2V3"
		MtuSize = "1500"
		SnmpPort = "161"
		SecurityLevel = "NoAuthNoPriv"
	/>
/>
<Device
	<General
		Name = "192.168.122.33"
		MultiHome = "1"
		DHCP = "0"
		SubnetMask = "255.255.255.0"
		MacAddress = ""
		Interface = ""
		UserData = ""
		TopologyData = ""
		DisplayTag = "CPT-DS1.var"
		ModelingFile = ""
	/>
	<Snmp
		ReadCommunity = "public"
		WriteCommunity = "private"
		MibFile = "mib2.cmf"
		AgentFile = "C:\Workspace\SNMP\Walkfiles\ForSNMPUpdateToolTest\Alcatel\CPT-DS1.var"
		TrapMgr = ""
		ResponseDelay = "0"
		SnmpStr = "V1V2V3"
		MtuSize = "1500"
		SnmpPort = "161"
		SecurityLevel = "NoAuthNoPriv"
	/>
/>
<Device
	<General
		Name = "192.168.122.34"
		MultiHome = "1"
		DHCP = "0"
		SubnetMask = "255.255.255.0"
		MacAddress = ""
		Interface = ""
		UserData = ""
		TopologyData = ""
		DisplayTag = "CPT-DS2.var"
		ModelingFile = ""
	/>
	<Snmp
		ReadCommunity = "public"
		WriteCommunity = "private"
		MibFile = "mib2.cmf"
		AgentFile = "C:\Workspace\SNMP\Walkfiles\ForSNMPUpdateToolTest\Alcatel\CPT-DS2.var"
		TrapMgr = ""
		ResponseDelay = "0"
		SnmpStr = "V1V2V3"
		MtuSize = "1500"
		SnmpPort = "161"
		SecurityLevel = "NoAuthNoPriv"
	/>
/>
<Device
	<General
		Name = "192.168.122.35"
		MultiHome = "1"
		DHCP = "0"
		SubnetMask = "255.255.255.0"
		MacAddress = ""
		Interface = ""
		UserData = ""
		TopologyData = ""
		DisplayTag = "OmniSwitch7700.var"
		ModelingFile = ""
	/>
	<Snmp
		ReadCommunity = "public"
		WriteCommunity = "private"
		MibFile = "mib2.cmf"
		AgentFile = "C:\Workspace\SNMP\Walkfiles\ForSNMPUpdateToolTest\Alcatel\OmniSwitch7700.var"
		TrapMgr = ""
		ResponseDelay = "0"
		SnmpStr = "V1V2V3"
		MtuSize = "1500"
		SnmpPort = "161"
		SecurityLevel = "NoAuthNoPriv"
	/>
/>
<Device
	<General
		Name = "192.168.122.36"
		MultiHome = "1"
		DHCP = "0"
		SubnetMask = "255.255.255.0"
		MacAddress = ""
		Interface = ""
		UserData = ""
		TopologyData = ""
		DisplayTag = "OmniSwitch7700_Int.var"
		ModelingFile = ""
	/>
	<Snmp
		ReadCommunity = "public"
		WriteCommunity = "private"
		MibFile = "mib2.cmf"
		AgentFile = "C:\Workspace\SNMP\Walkfiles\ForSNMPUpdateToolTest\Alcatel\OmniSwitch7700_Int.var"
		TrapMgr = ""
		ResponseDelay = "0"
		SnmpStr = "V1V2V3"
		MtuSize = "1500"
		SnmpPort = "161"
		SecurityLevel = "NoAuthNoPriv"
	/>
/>
<Device
	<General
		Name = "192.168.122.37"
		MultiHome = "1"
		DHCP = "0"
		SubnetMask = "255.255.255.0"
		MacAddress = ""
		Interface = ""
		UserData = ""
		TopologyData = ""
		DisplayTag = "OmniSwitch7800.var"
		ModelingFile = ""
	/>
	<Snmp
		ReadCommunity = "public"
		WriteCommunity = "private"
		MibFile = "mib2.cmf"
		AgentFile = "C:\Workspace\SNMP\Walkfiles\ForSNMPUpdateToolTest\Alcatel\OmniSwitch7800.var"
		TrapMgr = ""
		ResponseDelay = "0"
		SnmpStr = "V1V2V3"
		MtuSize = "1500"
		SnmpPort = "161"
		SecurityLevel = "NoAuthNoPriv"
	/>
/>
<Device
	<General
		Name = "192.168.122.38"
		MultiHome = "1"
		DHCP = "0"
		SubnetMask = "255.255.255.0"
		MacAddress = ""
		Interface = ""
		UserData = ""
		TopologyData = ""
		DisplayTag = "OmniSwitch7800_Int.var"
		ModelingFile = ""
	/>
	<Snmp
		ReadCommunity = "public"
		WriteCommunity = "private"
		MibFile = "mib2.cmf"
		AgentFile = "C:\Workspace\SNMP\Walkfiles\ForSNMPUpdateToolTest\Alcatel\OmniSwitch7800_Int.var"
		TrapMgr = ""
		ResponseDelay = "0"
		SnmpStr = "V1V2V3"
		MtuSize = "1500"
		SnmpPort = "161"
		SecurityLevel = "NoAuthNoPriv"
	/>
/>
<Device
	<General
		Name = "192.168.122.39"
		MultiHome = "1"
		DHCP = "0"
		SubnetMask = "255.255.255.0"
		MacAddress = ""
		Interface = ""
		UserData = ""
		TopologyData = ""
		DisplayTag = "os6400.var"
		ModelingFile = ""
	/>
	<Snmp
		ReadCommunity = "public"
		WriteCommunity = "private"
		MibFile = "mib2.cmf"
		AgentFile = "C:\Workspace\SNMP\Walkfiles\ForSNMPUpdateToolTest\Alcatel\os6400.var"
		TrapMgr = ""
		ResponseDelay = "0"
		SnmpStr = "V1V2V3"
		MtuSize = "1500"
		SnmpPort = "161"
		SecurityLevel = "NoAuthNoPriv"
	/>
/>
<Device
	<General
		Name = "192.168.122.40"
		MultiHome = "1"
		DHCP = "0"
		SubnetMask = "255.255.255.0"
		MacAddress = ""
		Interface = ""
		UserData = ""
		TopologyData = ""
		DisplayTag = "Os6850gIRISH.var"
		ModelingFile = ""
	/>
	<Snmp
		ReadCommunity = "public"
		WriteCommunity = "private"
		MibFile = "mib2.cmf"
		AgentFile = "C:\Workspace\SNMP\Walkfiles\ForSNMPUpdateToolTest\Alcatel\Os6850gIRISH.var"
		TrapMgr = ""
		ResponseDelay = "0"
		SnmpStr = "V1V2V3"
		MtuSize = "1500"
		SnmpPort = "161"
		SecurityLevel = "NoAuthNoPriv"
	/>
/>
<Device
	<General
		Name = "192.168.122.41"
		MultiHome = "1"
		DHCP = "0"
		SubnetMask = "255.255.255.0"
		MacAddress = ""
		Interface = ""
		UserData = ""
		TopologyData = ""
		DisplayTag = "Primary switch.var"
		ModelingFile = ""
	/>
	<Snmp
		ReadCommunity = "public"
		WriteCommunity = "private"
		MibFile = "mib2.cmf"
		AgentFile = "C:\Workspace\SNMP\Walkfiles\ForSNMPUpdateToolTest\Alcatel\Primary switch.var"
		TrapMgr = ""
		ResponseDelay = "0"
		SnmpStr = "V1V2V3"
		MtuSize = "1500"
		SnmpPort = "161"
		SecurityLevel = "NoAuthNoPriv"
	/>
/>
<Device
	<General
		Name = "192.168.122.42"
		MultiHome = "1"
		DHCP = "0"
		SubnetMask = "255.255.255.0"
		MacAddress = ""
		Interface = ""
		UserData = ""
		TopologyData = ""
		DisplayTag = "R&D 9700.var"
		ModelingFile = ""
	/>
	<Snmp
		ReadCommunity = "public"
		WriteCommunity = "private"
		MibFile = "mib2.cmf"
		AgentFile = "C:\Workspace\SNMP\Walkfiles\ForSNMPUpdateToolTest\Alcatel\R&D 9700.var"
		TrapMgr = ""
		ResponseDelay = "0"
		SnmpStr = "V1V2V3"
		MtuSize = "1500"
		SnmpPort = "161"
		SecurityLevel = "NoAuthNoPriv"
	/>
/>
<Device
	<General
		Name = "192.168.122.43"
		MultiHome = "1"
		DHCP = "0"
		SubnetMask = "255.255.255.0"
		MacAddress = ""
		Interface = ""
		UserData = ""
		TopologyData = ""
		DisplayTag = "R&D 9800.var"
		ModelingFile = ""
	/>
	<Snmp
		ReadCommunity = "public"
		WriteCommunity = "private"
		MibFile = "mib2.cmf"
		AgentFile = "C:\Workspace\SNMP\Walkfiles\ForSNMPUpdateToolTest\Alcatel\R&D 9800.var"
		TrapMgr = ""
		ResponseDelay = "0"
		SnmpStr = "V1V2V3"
		MtuSize = "1500"
		SnmpPort = "161"
		SecurityLevel = "NoAuthNoPriv"
	/>
/>
<Device
	<General
		Name = "192.168.122.44"
		MultiHome = "1"
		DHCP = "0"
		SubnetMask = "255.255.255.0"
		MacAddress = ""
		Interface = ""
		UserData = ""
		TopologyData = ""
		DisplayTag = "Secondary switch.var"
		ModelingFile = ""
	/>
	<Snmp
		ReadCommunity = "public"
		WriteCommunity = "private"
		MibFile = "mib2.cmf"
		AgentFile = "C:\Workspace\SNMP\Walkfiles\ForSNMPUpdateToolTest\Alcatel\Secondary switch.var"
		TrapMgr = ""
		ResponseDelay = "0"
		SnmpStr = "V1V2V3"
		MtuSize = "1500"
		SnmpPort = "161"
		SecurityLevel = "NoAuthNoPriv"
	/>
/>
<Device
	<General
		Name = "192.168.122.45"
		MultiHome = "1"
		DHCP = "0"
		SubnetMask = "255.255.255.0"
		MacAddress = ""
		Interface = ""
		UserData = ""
		TopologyData = ""
		DisplayTag = "TestAlcatelOS64stack.txt.var"
		ModelingFile = ""
	/>
	<Snmp
		ReadCommunity = "public"
		WriteCommunity = "private"
		MibFile = "mib2.cmf"
		AgentFile = "C:\Workspace\SNMP\Walkfiles\ForSNMPUpdateToolTest\Alcatel\TestAlcatelOS64stack.txt.var"
		TrapMgr = ""
		ResponseDelay = "0"
		SnmpStr = "V1V2V3"
		MtuSize = "1500"
		SnmpPort = "161"
		SecurityLevel = "NoAuthNoPriv"
	/>
/>
</DeviceMap>
