<DeviceMap
	Release = "11.0"
	Description = ""
	UserData = ""
	SetupFile = ""
	Interface = ""
	Separator = ""
	StartInterfaceNum = "0"
	Username = "">
<Device
	<General
		Name = "192.168.123.1"
		MultiHome = "1"
		DHCP = "0"
		SubnetMask = "255.255.255.0"
		MacAddress = ""
		Interface = ""
		UserData = ""
		TopologyData = ""
		DisplayTag = "Brocade 101232vss (3).var"
		ModelingFile = ""
	/>
	<Snmp
		ReadCommunity = "public"
		WriteCommunity = "private"
		MibFile = "mib2.cmf"
		AgentFile = "C:\Workspace\SNMP\Walkfiles\ForSNMPUpdateToolTest\Brocade\Brocade 101232vss (3).var"
		TrapMgr = ""
		ResponseDelay = "0"
		SnmpStr = "V1V2V3"
		MtuSize = "1500"
		SnmpPort = "161"
		SecurityLevel = "NoAuthNoPriv"
	/>
/>
<Device
	<General
		Name = "192.168.123.2"
		MultiHome = "1"
		DHCP = "0"
		SubnetMask = "255.255.255.0"
		MacAddress = ""
		Interface = ""
		UserData = ""
		TopologyData = ""
		DisplayTag = "Brocade 101232vss (4).var"
		ModelingFile = ""
	/>
	<Snmp
		ReadCommunity = "public"
		WriteCommunity = "private"
		MibFile = "mib2.cmf"
		AgentFile = "C:\Workspace\SNMP\Walkfiles\ForSNMPUpdateToolTest\Brocade\Brocade 101232vss (4).var"
		TrapMgr = ""
		ResponseDelay = "0"
		SnmpStr = "V1V2V3"
		MtuSize = "1500"
		SnmpPort = "161"
		SecurityLevel = "NoAuthNoPriv"
	/>
/>
<Device
	<General
		Name = "192.168.123.3"
		MultiHome = "1"
		DHCP = "0"
		SubnetMask = "255.255.255.0"
		MacAddress = ""
		Interface = ""
		UserData = ""
		TopologyData = ""
		DisplayTag = "Brocade 101232vss (5).var"
		ModelingFile = ""
	/>
	<Snmp
		ReadCommunity = "public"
		WriteCommunity = "private"
		MibFile = "mib2.cmf"
		AgentFile = "C:\Workspace\SNMP\Walkfiles\ForSNMPUpdateToolTest\Brocade\Brocade 101232vss (5).var"
		TrapMgr = ""
		ResponseDelay = "0"
		SnmpStr = "V1V2V3"
		MtuSize = "1500"
		SnmpPort = "161"
		SecurityLevel = "NoAuthNoPriv"
	/>
/>
<Device
	<General
		Name = "192.168.123.4"
		MultiHome = "1"
		DHCP = "0"
		SubnetMask = "255.255.255.0"
		MacAddress = ""
		Interface = ""
		UserData = ""
		TopologyData = ""
		DisplayTag = "Brocade 3200.var"
		ModelingFile = ""
	/>
	<Snmp
		ReadCommunity = "public"
		WriteCommunity = "private"
		MibFile = "mib2.cmf"
		AgentFile = "C:\Workspace\SNMP\Walkfiles\ForSNMPUpdateToolTest\Brocade\Brocade 3200.var"
		TrapMgr = ""
		ResponseDelay = "0"
		SnmpStr = "V1V2V3"
		MtuSize = "1500"
		SnmpPort = "161"
		SecurityLevel = "NoAuthNoPriv"
	/>
/>
<Device
	<General
		Name = "192.168.123.5"
		MultiHome = "1"
		DHCP = "0"
		SubnetMask = "255.255.255.0"
		MacAddress = ""
		Interface = ""
		UserData = ""
		TopologyData = ""
		DisplayTag = "Brocade 4100.var"
		ModelingFile = ""
	/>
	<Snmp
		ReadCommunity = "public"
		WriteCommunity = "private"
		MibFile = "mib2.cmf"
		AgentFile = "C:\Workspace\SNMP\Walkfiles\ForSNMPUpdateToolTest\Brocade\Brocade 4100.var"
		TrapMgr = ""
		ResponseDelay = "0"
		SnmpStr = "V1V2V3"
		MtuSize = "1500"
		SnmpPort = "161"
		SecurityLevel = "NoAuthNoPriv"
	/>
/>
<Device
	<General
		Name = "192.168.123.6"
		MultiHome = "1"
		DHCP = "0"
		SubnetMask = "255.255.255.0"
		MacAddress = ""
		Interface = ""
		UserData = ""
		TopologyData = ""
		DisplayTag = "Brocade AW03SW007.var"
		ModelingFile = ""
	/>
	<Snmp
		ReadCommunity = "public"
		WriteCommunity = "private"
		MibFile = "mib2.cmf"
		AgentFile = "C:\Workspace\SNMP\Walkfiles\ForSNMPUpdateToolTest\Brocade\Brocade AW03SW007.var"
		TrapMgr = ""
		ResponseDelay = "0"
		SnmpStr = "V1V2V3"
		MtuSize = "1500"
		SnmpPort = "161"
		SecurityLevel = "NoAuthNoPriv"
	/>
/>
<Device
	<General
		Name = "192.168.123.7"
		MultiHome = "1"
		DHCP = "0"
		SubnetMask = "255.255.255.0"
		MacAddress = ""
		Interface = ""
		UserData = ""
		TopologyData = ""
		DisplayTag = "Brocade BBVA_SW_35.var"
		ModelingFile = ""
	/>
	<Snmp
		ReadCommunity = "public"
		WriteCommunity = "private"
		MibFile = "mib2.cmf"
		AgentFile = "C:\Workspace\SNMP\Walkfiles\ForSNMPUpdateToolTest\Brocade\Brocade BBVA_SW_35.var"
		TrapMgr = ""
		ResponseDelay = "0"
		SnmpStr = "V1V2V3"
		MtuSize = "1500"
		SnmpPort = "161"
		SecurityLevel = "NoAuthNoPriv"
	/>
/>
<Device
	<General
		Name = "192.168.123.8"
		MultiHome = "1"
		DHCP = "0"
		SubnetMask = "255.255.255.0"
		MacAddress = ""
		Interface = ""
		UserData = ""
		TopologyData = ""
		DisplayTag = "Brocade before.var"
		ModelingFile = ""
	/>
	<Snmp
		ReadCommunity = "public"
		WriteCommunity = "private"
		MibFile = "mib2.cmf"
		AgentFile = "C:\Workspace\SNMP\Walkfiles\ForSNMPUpdateToolTest\Brocade\Brocade before.var"
		TrapMgr = ""
		ResponseDelay = "0"
		SnmpStr = "V1V2V3"
		MtuSize = "1500"
		SnmpPort = "161"
		SecurityLevel = "NoAuthNoPriv"
	/>
/>
<Device
	<General
		Name = "192.168.123.9"
		MultiHome = "1"
		DHCP = "0"
		SubnetMask = "255.255.255.0"
		MacAddress = ""
		Interface = ""
		UserData = ""
		TopologyData = ""
		DisplayTag = "Brocade DCX.var"
		ModelingFile = ""
	/>
	<Snmp
		ReadCommunity = "public"
		WriteCommunity = "private"
		MibFile = "mib2.cmf"
		AgentFile = "C:\Workspace\SNMP\Walkfiles\ForSNMPUpdateToolTest\Brocade\Brocade DCX.var"
		TrapMgr = ""
		ResponseDelay = "0"
		SnmpStr = "V1V2V3"
		MtuSize = "1500"
		SnmpPort = "161"
		SecurityLevel = "NoAuthNoPriv"
	/>
/>
<Device
	<General
		Name = "192.168.123.10"
		MultiHome = "1"
		DHCP = "0"
		SubnetMask = "255.255.255.0"
		MacAddress = ""
		Interface = ""
		UserData = ""
		TopologyData = ""
		DisplayTag = "Brocade DCX001.var"
		ModelingFile = ""
	/>
	<Snmp
		ReadCommunity = "public"
		WriteCommunity = "private"
		MibFile = "mib2.cmf"
		AgentFile = "C:\Workspace\SNMP\Walkfiles\ForSNMPUpdateToolTest\Brocade\Brocade DCX001.var"
		TrapMgr = ""
		ResponseDelay = "0"
		SnmpStr = "V1V2V3"
		MtuSize = "1500"
		SnmpPort = "161"
		SecurityLevel = "NoAuthNoPriv"
	/>
/>
<Device
	<General
		Name = "192.168.123.11"
		MultiHome = "1"
		DHCP = "0"
		SubnetMask = "255.255.255.0"
		MacAddress = ""
		Interface = ""
		UserData = ""
		TopologyData = ""
		DisplayTag = "Brocade DCX_JILT_SW0_VF128.var"
		ModelingFile = ""
	/>
	<Snmp
		ReadCommunity = "public"
		WriteCommunity = "private"
		MibFile = "mib2.cmf"
		AgentFile = "C:\Workspace\SNMP\Walkfiles\ForSNMPUpdateToolTest\Brocade\Brocade DCX_JILT_SW0_VF128.var"
		TrapMgr = ""
		ResponseDelay = "0"
		SnmpStr = "V1V2V3"
		MtuSize = "1500"
		SnmpPort = "161"
		SecurityLevel = "NoAuthNoPriv"
	/>
/>
<Device
	<General
		Name = "192.168.123.12"
		MultiHome = "1"
		DHCP = "0"
		SubnetMask = "255.255.255.0"
		MacAddress = ""
		Interface = ""
		UserData = ""
		TopologyData = ""
		DisplayTag = "Brocade DCX_JILT_SW1_VF128_V2.var"
		ModelingFile = ""
	/>
	<Snmp
		ReadCommunity = "public"
		WriteCommunity = "private"
		MibFile = "mib2.cmf"
		AgentFile = "C:\Workspace\SNMP\Walkfiles\ForSNMPUpdateToolTest\Brocade\Brocade DCX_JILT_SW1_VF128_V2.var"
		TrapMgr = ""
		ResponseDelay = "0"
		SnmpStr = "V1V2V3"
		MtuSize = "1500"
		SnmpPort = "161"
		SecurityLevel = "NoAuthNoPriv"
	/>
/>
<Device
	<General
		Name = "192.168.123.13"
		MultiHome = "1"
		DHCP = "0"
		SubnetMask = "255.255.255.0"
		MacAddress = ""
		Interface = ""
		UserData = ""
		TopologyData = ""
		DisplayTag = "Brocade DS5300B-V1.var"
		ModelingFile = ""
	/>
	<Snmp
		ReadCommunity = "public"
		WriteCommunity = "private"
		MibFile = "mib2.cmf"
		AgentFile = "C:\Workspace\SNMP\Walkfiles\ForSNMPUpdateToolTest\Brocade\Brocade DS5300B-V1.var"
		TrapMgr = ""
		ResponseDelay = "0"
		SnmpStr = "V1V2V3"
		MtuSize = "1500"
		SnmpPort = "161"
		SecurityLevel = "NoAuthNoPriv"
	/>
/>
<Device
	<General
		Name = "192.168.123.14"
		MultiHome = "1"
		DHCP = "0"
		SubnetMask = "255.255.255.0"
		MacAddress = ""
		Interface = ""
		UserData = ""
		TopologyData = ""
		DisplayTag = "Brocade DS5300B-V2.var"
		ModelingFile = ""
	/>
	<Snmp
		ReadCommunity = "public"
		WriteCommunity = "private"
		MibFile = "mib2.cmf"
		AgentFile = "C:\Workspace\SNMP\Walkfiles\ForSNMPUpdateToolTest\Brocade\Brocade DS5300B-V2.var"
		TrapMgr = ""
		ResponseDelay = "0"
		SnmpStr = "V1V2V3"
		MtuSize = "1500"
		SnmpPort = "161"
		SecurityLevel = "NoAuthNoPriv"
	/>
/>
<Device
	<General
		Name = "192.168.123.15"
		MultiHome = "1"
		DHCP = "0"
		SubnetMask = "255.255.255.0"
		MacAddress = ""
		Interface = ""
		UserData = ""
		TopologyData = ""
		DisplayTag = "Brocade for 110204-000003.var"
		ModelingFile = ""
	/>
	<Snmp
		ReadCommunity = "public"
		WriteCommunity = "private"
		MibFile = "mib2.cmf"
		AgentFile = "C:\Workspace\SNMP\Walkfiles\ForSNMPUpdateToolTest\Brocade\Brocade for 110204-000003.var"
		TrapMgr = ""
		ResponseDelay = "0"
		SnmpStr = "V1V2V3"
		MtuSize = "1500"
		SnmpPort = "161"
		SecurityLevel = "NoAuthNoPriv"
	/>
/>
<Device
	<General
		Name = "192.168.123.16"
		MultiHome = "1"
		DHCP = "0"
		SubnetMask = "255.255.255.0"
		MacAddress = ""
		Interface = ""
		UserData = ""
		TopologyData = ""
		DisplayTag = "brocade-v16-DS4300B.var"
		ModelingFile = ""
	/>
	<Snmp
		ReadCommunity = "public"
		WriteCommunity = "private"
		MibFile = "mib2.cmf"
		AgentFile = "C:\Workspace\SNMP\Walkfiles\ForSNMPUpdateToolTest\Brocade\brocade-v16-DS4300B.var"
		TrapMgr = ""
		ResponseDelay = "0"
		SnmpStr = "V1V2V3"
		MtuSize = "1500"
		SnmpPort = "161"
		SecurityLevel = "NoAuthNoPriv"
	/>
/>
<Device
	<General
		Name = "192.168.123.17"
		MultiHome = "1"
		DHCP = "0"
		SubnetMask = "255.255.255.0"
		MacAddress = ""
		Interface = ""
		UserData = ""
		TopologyData = ""
		DisplayTag = "brocade-v2-DS4300B.var"
		ModelingFile = ""
	/>
	<Snmp
		ReadCommunity = "public"
		WriteCommunity = "private"
		MibFile = "mib2.cmf"
		AgentFile = "C:\Workspace\SNMP\Walkfiles\ForSNMPUpdateToolTest\Brocade\brocade-v2-DS4300B.var"
		TrapMgr = ""
		ResponseDelay = "0"
		SnmpStr = "V1V2V3"
		MtuSize = "1500"
		SnmpPort = "161"
		SecurityLevel = "NoAuthNoPriv"
	/>
/>
<Device
	<General
		Name = "192.168.123.18"
		MultiHome = "1"
		DHCP = "0"
		SubnetMask = "255.255.255.0"
		MacAddress = ""
		Interface = ""
		UserData = ""
		TopologyData = ""
		DisplayTag = "brocade.var"
		ModelingFile = ""
	/>
	<Snmp
		ReadCommunity = "public"
		WriteCommunity = "private"
		MibFile = "mib2.cmf"
		AgentFile = "C:\Workspace\SNMP\Walkfiles\ForSNMPUpdateToolTest\Brocade\brocade.var"
		TrapMgr = ""
		ResponseDelay = "0"
		SnmpStr = "V1V2V3"
		MtuSize = "1500"
		SnmpPort = "161"
		SecurityLevel = "NoAuthNoPriv"
	/>
/>
<Device
	<General
		Name = "192.168.123.19"
		MultiHome = "1"
		DHCP = "0"
		SubnetMask = "255.255.255.0"
		MacAddress = ""
		Interface = ""
		UserData = ""
		TopologyData = ""
		DisplayTag = "BROCADE01_01.var"
		ModelingFile = ""
	/>
	<Snmp
		ReadCommunity = "public"
		WriteCommunity = "private"
		MibFile = "mib2.cmf"
		AgentFile = "C:\Workspace\SNMP\Walkfiles\ForSNMPUpdateToolTest\Brocade\BROCADE01_01.var"
		TrapMgr = ""
		ResponseDelay = "0"
		SnmpStr = "V1V2V3"
		MtuSize = "1500"
		SnmpPort = "161"
		SecurityLevel = "NoAuthNoPriv"
	/>
/>
<Device
	<General
		Name = "192.168.123.20"
		MultiHome = "1"
		DHCP = "0"
		SubnetMask = "255.255.255.0"
		MacAddress = ""
		Interface = ""
		UserData = ""
		TopologyData = ""
		DisplayTag = "BROCADE02_01.var"
		ModelingFile = ""
	/>
	<Snmp
		ReadCommunity = "public"
		WriteCommunity = "private"
		MibFile = "mib2.cmf"
		AgentFile = "C:\Workspace\SNMP\Walkfiles\ForSNMPUpdateToolTest\Brocade\BROCADE02_01.var"
		TrapMgr = ""
		ResponseDelay = "0"
		SnmpStr = "V1V2V3"
		MtuSize = "1500"
		SnmpPort = "161"
		SecurityLevel = "NoAuthNoPriv"
	/>
/>
<Device
	<General
		Name = "192.168.123.21"
		MultiHome = "1"
		DHCP = "0"
		SubnetMask = "255.255.255.0"
		MacAddress = ""
		Interface = ""
		UserData = ""
		TopologyData = ""
		DisplayTag = "brocade1.var"
		ModelingFile = ""
	/>
	<Snmp
		ReadCommunity = "public"
		WriteCommunity = "private"
		MibFile = "mib2.cmf"
		AgentFile = "C:\Workspace\SNMP\Walkfiles\ForSNMPUpdateToolTest\Brocade\brocade1.var"
		TrapMgr = ""
		ResponseDelay = "0"
		SnmpStr = "V1V2V3"
		MtuSize = "1500"
		SnmpPort = "161"
		SecurityLevel = "NoAuthNoPriv"
	/>
/>
<Device
	<General
		Name = "192.168.123.22"
		MultiHome = "1"
		DHCP = "0"
		SubnetMask = "255.255.255.0"
		MacAddress = ""
		Interface = ""
		UserData = ""
		TopologyData = ""
		DisplayTag = "Brocade12000.var"
		ModelingFile = ""
	/>
	<Snmp
		ReadCommunity = "public"
		WriteCommunity = "private"
		MibFile = "mib2.cmf"
		AgentFile = "C:\Workspace\SNMP\Walkfiles\ForSNMPUpdateToolTest\Brocade\Brocade12000.var"
		TrapMgr = ""
		ResponseDelay = "0"
		SnmpStr = "V1V2V3"
		MtuSize = "1500"
		SnmpPort = "161"
		SecurityLevel = "NoAuthNoPriv"
	/>
/>
<Device
	<General
		Name = "192.168.123.23"
		MultiHome = "1"
		DHCP = "0"
		SubnetMask = "255.255.255.0"
		MacAddress = ""
		Interface = ""
		UserData = ""
		TopologyData = ""
		DisplayTag = "brocade2.var"
		ModelingFile = ""
	/>
	<Snmp
		ReadCommunity = "public"
		WriteCommunity = "private"
		MibFile = "mib2.cmf"
		AgentFile = "C:\Workspace\SNMP\Walkfiles\ForSNMPUpdateToolTest\Brocade\brocade2.var"
		TrapMgr = ""
		ResponseDelay = "0"
		SnmpStr = "V1V2V3"
		MtuSize = "1500"
		SnmpPort = "161"
		SecurityLevel = "NoAuthNoPriv"
	/>
/>
<Device
	<General
		Name = "192.168.123.24"
		MultiHome = "1"
		DHCP = "0"
		SubnetMask = "255.255.255.0"
		MacAddress = ""
		Interface = ""
		UserData = ""
		TopologyData = ""
		DisplayTag = "Brocade3850.var"
		ModelingFile = ""
	/>
	<Snmp
		ReadCommunity = "public"
		WriteCommunity = "private"
		MibFile = "mib2.cmf"
		AgentFile = "C:\Workspace\SNMP\Walkfiles\ForSNMPUpdateToolTest\Brocade\Brocade3850.var"
		TrapMgr = ""
		ResponseDelay = "0"
		SnmpStr = "V1V2V3"
		MtuSize = "1500"
		SnmpPort = "161"
		SecurityLevel = "NoAuthNoPriv"
	/>
/>
<Device
	<General
		Name = "192.168.123.25"
		MultiHome = "1"
		DHCP = "0"
		SubnetMask = "255.255.255.0"
		MacAddress = ""
		Interface = ""
		UserData = ""
		TopologyData = ""
		DisplayTag = "brocade4024.var"
		ModelingFile = ""
	/>
	<Snmp
		ReadCommunity = "public"
		WriteCommunity = "private"
		MibFile = "mib2.cmf"
		AgentFile = "C:\Workspace\SNMP\Walkfiles\ForSNMPUpdateToolTest\Brocade\brocade4024.var"
		TrapMgr = ""
		ResponseDelay = "0"
		SnmpStr = "V1V2V3"
		MtuSize = "1500"
		SnmpPort = "161"
		SecurityLevel = "NoAuthNoPriv"
	/>
/>
<Device
	<General
		Name = "192.168.123.26"
		MultiHome = "1"
		DHCP = "0"
		SubnetMask = "255.255.255.0"
		MacAddress = ""
		Interface = ""
		UserData = ""
		TopologyData = ""
		DisplayTag = "brocade4024forhp.var"
		ModelingFile = ""
	/>
	<Snmp
		ReadCommunity = "public"
		WriteCommunity = "private"
		MibFile = "mib2.cmf"
		AgentFile = "C:\Workspace\SNMP\Walkfiles\ForSNMPUpdateToolTest\Brocade\brocade4024forhp.var"
		TrapMgr = ""
		ResponseDelay = "0"
		SnmpStr = "V1V2V3"
		MtuSize = "1500"
		SnmpPort = "161"
		SecurityLevel = "NoAuthNoPriv"
	/>
/>
<Device
	<General
		Name = "192.168.123.27"
		MultiHome = "1"
		DHCP = "0"
		SubnetMask = "255.255.255.0"
		MacAddress = ""
		Interface = ""
		UserData = ""
		TopologyData = ""
		DisplayTag = "brocade4024forhp2.var"
		ModelingFile = ""
	/>
	<Snmp
		ReadCommunity = "public"
		WriteCommunity = "private"
		MibFile = "mib2.cmf"
		AgentFile = "C:\Workspace\SNMP\Walkfiles\ForSNMPUpdateToolTest\Brocade\brocade4024forhp2.var"
		TrapMgr = ""
		ResponseDelay = "0"
		SnmpStr = "V1V2V3"
		MtuSize = "1500"
		SnmpPort = "161"
		SecurityLevel = "NoAuthNoPriv"
	/>
/>
<Device
	<General
		Name = "192.168.123.28"
		MultiHome = "1"
		DHCP = "0"
		SubnetMask = "255.255.255.0"
		MacAddress = ""
		Interface = ""
		UserData = ""
		TopologyData = ""
		DisplayTag = "brocade4024forhp3.var"
		ModelingFile = ""
	/>
	<Snmp
		ReadCommunity = "public"
		WriteCommunity = "private"
		MibFile = "mib2.cmf"
		AgentFile = "C:\Workspace\SNMP\Walkfiles\ForSNMPUpdateToolTest\Brocade\brocade4024forhp3.var"
		TrapMgr = ""
		ResponseDelay = "0"
		SnmpStr = "V1V2V3"
		MtuSize = "1500"
		SnmpPort = "161"
		SecurityLevel = "NoAuthNoPriv"
	/>
/>
<Device
	<General
		Name = "192.168.123.29"
		MultiHome = "1"
		DHCP = "0"
		SubnetMask = "255.255.255.0"
		MacAddress = ""
		Interface = ""
		UserData = ""
		TopologyData = ""
		DisplayTag = "brocade5000.var"
		ModelingFile = ""
	/>
	<Snmp
		ReadCommunity = "public"
		WriteCommunity = "private"
		MibFile = "mib2.cmf"
		AgentFile = "C:\Workspace\SNMP\Walkfiles\ForSNMPUpdateToolTest\Brocade\brocade5000.var"
		TrapMgr = ""
		ResponseDelay = "0"
		SnmpStr = "V1V2V3"
		MtuSize = "1500"
		SnmpPort = "161"
		SecurityLevel = "NoAuthNoPriv"
	/>
/>
<Device
	<General
		Name = "192.168.123.30"
		MultiHome = "1"
		DHCP = "0"
		SubnetMask = "255.255.255.0"
		MacAddress = ""
		Interface = ""
		UserData = ""
		TopologyData = ""
		DisplayTag = "brocade5000_0930.var"
		ModelingFile = ""
	/>
	<Snmp
		ReadCommunity = "public"
		WriteCommunity = "private"
		MibFile = "mib2.cmf"
		AgentFile = "C:\Workspace\SNMP\Walkfiles\ForSNMPUpdateToolTest\Brocade\brocade5000_0930.var"
		TrapMgr = ""
		ResponseDelay = "0"
		SnmpStr = "V1V2V3"
		MtuSize = "1500"
		SnmpPort = "161"
		SecurityLevel = "NoAuthNoPriv"
	/>
/>
<Device
	<General
		Name = "192.168.123.31"
		MultiHome = "1"
		DHCP = "0"
		SubnetMask = "255.255.255.0"
		MacAddress = ""
		Interface = ""
		UserData = ""
		TopologyData = ""
		DisplayTag = "brocade5100.var"
		ModelingFile = ""
	/>
	<Snmp
		ReadCommunity = "public"
		WriteCommunity = "private"
		MibFile = "mib2.cmf"
		AgentFile = "C:\Workspace\SNMP\Walkfiles\ForSNMPUpdateToolTest\Brocade\brocade5100.var"
		TrapMgr = ""
		ResponseDelay = "0"
		SnmpStr = "V1V2V3"
		MtuSize = "1500"
		SnmpPort = "161"
		SecurityLevel = "NoAuthNoPriv"
	/>
/>
<Device
	<General
		Name = "192.168.123.32"
		MultiHome = "1"
		DHCP = "0"
		SubnetMask = "255.255.255.0"
		MacAddress = ""
		Interface = ""
		UserData = ""
		TopologyData = ""
		DisplayTag = "BrocadeDCX001.var"
		ModelingFile = ""
	/>
	<Snmp
		ReadCommunity = "public"
		WriteCommunity = "private"
		MibFile = "mib2.cmf"
		AgentFile = "C:\Workspace\SNMP\Walkfiles\ForSNMPUpdateToolTest\Brocade\BrocadeDCX001.var"
		TrapMgr = ""
		ResponseDelay = "0"
		SnmpStr = "V1V2V3"
		MtuSize = "1500"
		SnmpPort = "161"
		SecurityLevel = "NoAuthNoPriv"
	/>
/>
<Device
	<General
		Name = "192.168.123.33"
		MultiHome = "1"
		DHCP = "0"
		SubnetMask = "255.255.255.0"
		MacAddress = ""
		Interface = ""
		UserData = ""
		TopologyData = ""
		DisplayTag = "BrocadeM5424a.txt.var"
		ModelingFile = ""
	/>
	<Snmp
		ReadCommunity = "public"
		WriteCommunity = "private"
		MibFile = "mib2.cmf"
		AgentFile = "C:\Workspace\SNMP\Walkfiles\ForSNMPUpdateToolTest\Brocade\BrocadeM5424a.txt.var"
		TrapMgr = ""
		ResponseDelay = "0"
		SnmpStr = "V1V2V3"
		MtuSize = "1500"
		SnmpPort = "161"
		SecurityLevel = "NoAuthNoPriv"
	/>
/>
<Device
	<General
		Name = "192.168.123.34"
		MultiHome = "1"
		DHCP = "0"
		SubnetMask = "255.255.255.0"
		MacAddress = ""
		Interface = ""
		UserData = ""
		TopologyData = ""
		DisplayTag = "BrocadeM5424a.var"
		ModelingFile = ""
	/>
	<Snmp
		ReadCommunity = "public"
		WriteCommunity = "private"
		MibFile = "mib2.cmf"
		AgentFile = "C:\Workspace\SNMP\Walkfiles\ForSNMPUpdateToolTest\Brocade\BrocadeM5424a.var"
		TrapMgr = ""
		ResponseDelay = "0"
		SnmpStr = "V1V2V3"
		MtuSize = "1500"
		SnmpPort = "161"
		SecurityLevel = "NoAuthNoPriv"
	/>
/>
<Device
	<General
		Name = "192.168.123.35"
		MultiHome = "1"
		DHCP = "0"
		SubnetMask = "255.255.255.0"
		MacAddress = ""
		Interface = ""
		UserData = ""
		TopologyData = ""
		DisplayTag = "BrocadeM5424b.txt.var"
		ModelingFile = ""
	/>
	<Snmp
		ReadCommunity = "public"
		WriteCommunity = "private"
		MibFile = "mib2.cmf"
		AgentFile = "C:\Workspace\SNMP\Walkfiles\ForSNMPUpdateToolTest\Brocade\BrocadeM5424b.txt.var"
		TrapMgr = ""
		ResponseDelay = "0"
		SnmpStr = "V1V2V3"
		MtuSize = "1500"
		SnmpPort = "161"
		SecurityLevel = "NoAuthNoPriv"
	/>
/>
<Device
	<General
		Name = "192.168.123.36"
		MultiHome = "1"
		DHCP = "0"
		SubnetMask = "255.255.255.0"
		MacAddress = ""
		Interface = ""
		UserData = ""
		TopologyData = ""
		DisplayTag = "BrocadeM5424b.var"
		ModelingFile = ""
	/>
	<Snmp
		ReadCommunity = "public"
		WriteCommunity = "private"
		MibFile = "mib2.cmf"
		AgentFile = "C:\Workspace\SNMP\Walkfiles\ForSNMPUpdateToolTest\Brocade\BrocadeM5424b.var"
		TrapMgr = ""
		ResponseDelay = "0"
		SnmpStr = "V1V2V3"
		MtuSize = "1500"
		SnmpPort = "161"
		SecurityLevel = "NoAuthNoPriv"
	/>
/>
<Device
	<General
		Name = "192.168.123.37"
		MultiHome = "1"
		DHCP = "0"
		SubnetMask = "255.255.255.0"
		MacAddress = ""
		Interface = ""
		UserData = ""
		TopologyData = ""
		DisplayTag = "brocade_111111.var"
		ModelingFile = ""
	/>
	<Snmp
		ReadCommunity = "public"
		WriteCommunity = "private"
		MibFile = "mib2.cmf"
		AgentFile = "C:\Workspace\SNMP\Walkfiles\ForSNMPUpdateToolTest\Brocade\brocade_111111.var"
		TrapMgr = ""
		ResponseDelay = "0"
		SnmpStr = "V1V2V3"
		MtuSize = "1500"
		SnmpPort = "161"
		SecurityLevel = "NoAuthNoPriv"
	/>
/>
<Device
	<General
		Name = "192.168.123.38"
		MultiHome = "1"
		DHCP = "0"
		SubnetMask = "255.255.255.0"
		MacAddress = ""
		Interface = ""
		UserData = ""
		TopologyData = ""
		DisplayTag = "Brocade_DCX.var"
		ModelingFile = ""
	/>
	<Snmp
		ReadCommunity = "public"
		WriteCommunity = "private"
		MibFile = "mib2.cmf"
		AgentFile = "C:\Workspace\SNMP\Walkfiles\ForSNMPUpdateToolTest\Brocade\Brocade_DCX.var"
		TrapMgr = ""
		ResponseDelay = "0"
		SnmpStr = "V1V2V3"
		MtuSize = "1500"
		SnmpPort = "161"
		SecurityLevel = "NoAuthNoPriv"
	/>
/>
<Device
	<General
		Name = "192.168.123.39"
		MultiHome = "1"
		DHCP = "0"
		SubnetMask = "255.255.255.0"
		MacAddress = ""
		Interface = ""
		UserData = ""
		TopologyData = ""
		DisplayTag = "Brocade_DCX_325.var"
		ModelingFile = ""
	/>
	<Snmp
		ReadCommunity = "public"
		WriteCommunity = "private"
		MibFile = "mib2.cmf"
		AgentFile = "C:\Workspace\SNMP\Walkfiles\ForSNMPUpdateToolTest\Brocade\Brocade_DCX_325.var"
		TrapMgr = ""
		ResponseDelay = "0"
		SnmpStr = "V1V2V3"
		MtuSize = "1500"
		SnmpPort = "161"
		SecurityLevel = "NoAuthNoPriv"
	/>
/>
<Device
	<General
		Name = "192.168.123.40"
		MultiHome = "1"
		DHCP = "0"
		SubnetMask = "255.255.255.0"
		MacAddress = ""
		Interface = ""
		UserData = ""
		TopologyData = ""
		DisplayTag = "Brocade_DS4300B.var"
		ModelingFile = ""
	/>
	<Snmp
		ReadCommunity = "public"
		WriteCommunity = "private"
		MibFile = "mib2.cmf"
		AgentFile = "C:\Workspace\SNMP\Walkfiles\ForSNMPUpdateToolTest\Brocade\Brocade_DS4300B.var"
		TrapMgr = ""
		ResponseDelay = "0"
		SnmpStr = "V1V2V3"
		MtuSize = "1500"
		SnmpPort = "161"
		SecurityLevel = "NoAuthNoPriv"
	/>
/>
<Device
	<General
		Name = "192.168.123.41"
		MultiHome = "1"
		DHCP = "0"
		SubnetMask = "255.255.255.0"
		MacAddress = ""
		Interface = ""
		UserData = ""
		TopologyData = ""
		DisplayTag = "brocade_ssa.var"
		ModelingFile = ""
	/>
	<Snmp
		ReadCommunity = "public"
		WriteCommunity = "private"
		MibFile = "mib2.cmf"
		AgentFile = "C:\Workspace\SNMP\Walkfiles\ForSNMPUpdateToolTest\Brocade\brocade_ssa.var"
		TrapMgr = ""
		ResponseDelay = "0"
		SnmpStr = "V1V2V3"
		MtuSize = "1500"
		SnmpPort = "161"
		SecurityLevel = "NoAuthNoPriv"
	/>
/>
<Device
	<General
		Name = "192.168.123.42"
		MultiHome = "1"
		DHCP = "0"
		SubnetMask = "255.255.255.0"
		MacAddress = ""
		Interface = ""
		UserData = ""
		TopologyData = ""
		DisplayTag = "Brocade_sw_323.var"
		ModelingFile = ""
	/>
	<Snmp
		ReadCommunity = "public"
		WriteCommunity = "private"
		MibFile = "mib2.cmf"
		AgentFile = "C:\Workspace\SNMP\Walkfiles\ForSNMPUpdateToolTest\Brocade\Brocade_sw_323.var"
		TrapMgr = ""
		ResponseDelay = "0"
		SnmpStr = "V1V2V3"
		MtuSize = "1500"
		SnmpPort = "161"
		SecurityLevel = "NoAuthNoPriv"
	/>
/>
<Device
	<General
		Name = "192.168.123.43"
		MultiHome = "1"
		DHCP = "0"
		SubnetMask = "255.255.255.0"
		MacAddress = ""
		Interface = ""
		UserData = ""
		TopologyData = ""
		DisplayTag = "Brocade_sw_324.var"
		ModelingFile = ""
	/>
	<Snmp
		ReadCommunity = "public"
		WriteCommunity = "private"
		MibFile = "mib2.cmf"
		AgentFile = "C:\Workspace\SNMP\Walkfiles\ForSNMPUpdateToolTest\Brocade\Brocade_sw_324.var"
		TrapMgr = ""
		ResponseDelay = "0"
		SnmpStr = "V1V2V3"
		MtuSize = "1500"
		SnmpPort = "161"
		SecurityLevel = "NoAuthNoPriv"
	/>
/>
<Device
	<General
		Name = "192.168.123.44"
		MultiHome = "1"
		DHCP = "0"
		SubnetMask = "255.255.255.0"
		MacAddress = ""
		Interface = ""
		UserData = ""
		TopologyData = ""
		DisplayTag = "Brocade_sw_325.var"
		ModelingFile = ""
	/>
	<Snmp
		ReadCommunity = "public"
		WriteCommunity = "private"
		MibFile = "mib2.cmf"
		AgentFile = "C:\Workspace\SNMP\Walkfiles\ForSNMPUpdateToolTest\Brocade\Brocade_sw_325.var"
		TrapMgr = ""
		ResponseDelay = "0"
		SnmpStr = "V1V2V3"
		MtuSize = "1500"
		SnmpPort = "161"
		SecurityLevel = "NoAuthNoPriv"
	/>
/>
<Device
	<General
		Name = "192.168.123.45"
		MultiHome = "1"
		DHCP = "0"
		SubnetMask = "255.255.255.0"
		MacAddress = ""
		Interface = ""
		UserData = ""
		TopologyData = ""
		DisplayTag = "Brocade_sw_326.var"
		ModelingFile = ""
	/>
	<Snmp
		ReadCommunity = "public"
		WriteCommunity = "private"
		MibFile = "mib2.cmf"
		AgentFile = "C:\Workspace\SNMP\Walkfiles\ForSNMPUpdateToolTest\Brocade\Brocade_sw_326.var"
		TrapMgr = ""
		ResponseDelay = "0"
		SnmpStr = "V1V2V3"
		MtuSize = "1500"
		SnmpPort = "161"
		SecurityLevel = "NoAuthNoPriv"
	/>
/>
<Device
	<General
		Name = "192.168.123.46"
		MultiHome = "1"
		DHCP = "0"
		SubnetMask = "255.255.255.0"
		MacAddress = ""
		Interface = ""
		UserData = ""
		TopologyData = ""
		DisplayTag = "brocjulcam.var"
		ModelingFile = ""
	/>
	<Snmp
		ReadCommunity = "public"
		WriteCommunity = "private"
		MibFile = "mib2.cmf"
		AgentFile = "C:\Workspace\SNMP\Walkfiles\ForSNMPUpdateToolTest\Brocade\brocjulcam.var"
		TrapMgr = ""
		ResponseDelay = "0"
		SnmpStr = "V1V2V3"
		MtuSize = "1500"
		SnmpPort = "161"
		SecurityLevel = "NoAuthNoPriv"
	/>
/>
<Device
	<General
		Name = "192.168.123.47"
		MultiHome = "1"
		DHCP = "0"
		SubnetMask = "255.255.255.0"
		MacAddress = ""
		Interface = ""
		UserData = ""
		TopologyData = ""
		DisplayTag = "brocPrincesa.var"
		ModelingFile = ""
	/>
	<Snmp
		ReadCommunity = "public"
		WriteCommunity = "private"
		MibFile = "mib2.cmf"
		AgentFile = "C:\Workspace\SNMP\Walkfiles\ForSNMPUpdateToolTest\Brocade\brocPrincesa.var"
		TrapMgr = ""
		ResponseDelay = "0"
		SnmpStr = "V1V2V3"
		MtuSize = "1500"
		SnmpPort = "161"
		SecurityLevel = "NoAuthNoPriv"
	/>
/>
<Device
	<General
		Name = "192.168.123.48"
		MultiHome = "1"
		DHCP = "0"
		SubnetMask = "255.255.255.0"
		MacAddress = ""
		Interface = ""
		UserData = ""
		TopologyData = ""
		DisplayTag = "conn10sw0.var"
		ModelingFile = ""
	/>
	<Snmp
		ReadCommunity = "public"
		WriteCommunity = "private"
		MibFile = "mib2.cmf"
		AgentFile = "C:\Workspace\SNMP\Walkfiles\ForSNMPUpdateToolTest\Brocade\conn10sw0.var"
		TrapMgr = ""
		ResponseDelay = "0"
		SnmpStr = "V1V2V3"
		MtuSize = "1500"
		SnmpPort = "161"
		SecurityLevel = "NoAuthNoPriv"
	/>
/>
<Device
	<General
		Name = "192.168.123.49"
		MultiHome = "1"
		DHCP = "0"
		SubnetMask = "255.255.255.0"
		MacAddress = ""
		Interface = ""
		UserData = ""
		TopologyData = ""
		DisplayTag = "conn11-sw0.var"
		ModelingFile = ""
	/>
	<Snmp
		ReadCommunity = "public"
		WriteCommunity = "private"
		MibFile = "mib2.cmf"
		AgentFile = "C:\Workspace\SNMP\Walkfiles\ForSNMPUpdateToolTest\Brocade\conn11-sw0.var"
		TrapMgr = ""
		ResponseDelay = "0"
		SnmpStr = "V1V2V3"
		MtuSize = "1500"
		SnmpPort = "161"
		SecurityLevel = "NoAuthNoPriv"
	/>
/>
<Device
	<General
		Name = "192.168.123.50"
		MultiHome = "1"
		DHCP = "0"
		SubnetMask = "255.255.255.0"
		MacAddress = ""
		Interface = ""
		UserData = ""
		TopologyData = ""
		DisplayTag = "HKGSWTAT010_0214.var"
		ModelingFile = ""
	/>
	<Snmp
		ReadCommunity = "public"
		WriteCommunity = "private"
		MibFile = "mib2.cmf"
		AgentFile = "C:\Workspace\SNMP\Walkfiles\ForSNMPUpdateToolTest\Brocade\HKGSWTAT010_0214.var"
		TrapMgr = ""
		ResponseDelay = "0"
		SnmpStr = "V1V2V3"
		MtuSize = "1500"
		SnmpPort = "161"
		SecurityLevel = "NoAuthNoPriv"
	/>
/>
<Device
	<General
		Name = "192.168.123.51"
		MultiHome = "1"
		DHCP = "0"
		SubnetMask = "255.255.255.0"
		MacAddress = ""
		Interface = ""
		UserData = ""
		TopologyData = ""
		DisplayTag = "HKGSWtat010_latest.var"
		ModelingFile = ""
	/>
	<Snmp
		ReadCommunity = "public"
		WriteCommunity = "private"
		MibFile = "mib2.cmf"
		AgentFile = "C:\Workspace\SNMP\Walkfiles\ForSNMPUpdateToolTest\Brocade\HKGSWtat010_latest.var"
		TrapMgr = ""
		ResponseDelay = "0"
		SnmpStr = "V1V2V3"
		MtuSize = "1500"
		SnmpPort = "161"
		SecurityLevel = "NoAuthNoPriv"
	/>
/>
<Device
	<General
		Name = "192.168.123.52"
		MultiHome = "1"
		DHCP = "0"
		SubnetMask = "255.255.255.0"
		MacAddress = ""
		Interface = ""
		UserData = ""
		TopologyData = ""
		DisplayTag = "hkgswtat010_sapwalk_Brocade.txt.var"
		ModelingFile = ""
	/>
	<Snmp
		ReadCommunity = "public"
		WriteCommunity = "private"
		MibFile = "mib2.cmf"
		AgentFile = "C:\Workspace\SNMP\Walkfiles\ForSNMPUpdateToolTest\Brocade\hkgswtat010_sapwalk_Brocade.txt.var"
		TrapMgr = ""
		ResponseDelay = "0"
		SnmpStr = "V1V2V3"
		MtuSize = "1500"
		SnmpPort = "161"
		SecurityLevel = "NoAuthNoPriv"
	/>
/>
<Device
	<General
		Name = "192.168.123.53"
		MultiHome = "1"
		DHCP = "0"
		SubnetMask = "255.255.255.0"
		MacAddress = ""
		Interface = ""
		UserData = ""
		TopologyData = ""
		DisplayTag = "hkgswtat011_0201.var"
		ModelingFile = ""
	/>
	<Snmp
		ReadCommunity = "public"
		WriteCommunity = "private"
		MibFile = "mib2.cmf"
		AgentFile = "C:\Workspace\SNMP\Walkfiles\ForSNMPUpdateToolTest\Brocade\hkgswtat011_0201.var"
		TrapMgr = ""
		ResponseDelay = "0"
		SnmpStr = "V1V2V3"
		MtuSize = "1500"
		SnmpPort = "161"
		SecurityLevel = "NoAuthNoPriv"
	/>
/>
<Device
	<General
		Name = "192.168.123.54"
		MultiHome = "1"
		DHCP = "0"
		SubnetMask = "255.255.255.0"
		MacAddress = ""
		Interface = ""
		UserData = ""
		TopologyData = ""
		DisplayTag = "HKGSWTAT011_0214.var"
		ModelingFile = ""
	/>
	<Snmp
		ReadCommunity = "public"
		WriteCommunity = "private"
		MibFile = "mib2.cmf"
		AgentFile = "C:\Workspace\SNMP\Walkfiles\ForSNMPUpdateToolTest\Brocade\HKGSWTAT011_0214.var"
		TrapMgr = ""
		ResponseDelay = "0"
		SnmpStr = "V1V2V3"
		MtuSize = "1500"
		SnmpPort = "161"
		SecurityLevel = "NoAuthNoPriv"
	/>
/>
<Device
	<General
		Name = "192.168.123.55"
		MultiHome = "1"
		DHCP = "0"
		SubnetMask = "255.255.255.0"
		MacAddress = ""
		Interface = ""
		UserData = ""
		TopologyData = ""
		DisplayTag = "HKGSWtat011_latest.var"
		ModelingFile = ""
	/>
	<Snmp
		ReadCommunity = "public"
		WriteCommunity = "private"
		MibFile = "mib2.cmf"
		AgentFile = "C:\Workspace\SNMP\Walkfiles\ForSNMPUpdateToolTest\Brocade\HKGSWtat011_latest.var"
		TrapMgr = ""
		ResponseDelay = "0"
		SnmpStr = "V1V2V3"
		MtuSize = "1500"
		SnmpPort = "161"
		SecurityLevel = "NoAuthNoPriv"
	/>
/>
<Device
	<General
		Name = "192.168.123.56"
		MultiHome = "1"
		DHCP = "0"
		SubnetMask = "255.255.255.0"
		MacAddress = ""
		Interface = ""
		UserData = ""
		TopologyData = ""
		DisplayTag = "hkgswtat011_sapwalk_Brocade.txt.var"
		ModelingFile = ""
	/>
	<Snmp
		ReadCommunity = "public"
		WriteCommunity = "private"
		MibFile = "mib2.cmf"
		AgentFile = "C:\Workspace\SNMP\Walkfiles\ForSNMPUpdateToolTest\Brocade\hkgswtat011_sapwalk_Brocade.txt.var"
		TrapMgr = ""
		ResponseDelay = "0"
		SnmpStr = "V1V2V3"
		MtuSize = "1500"
		SnmpPort = "161"
		SecurityLevel = "NoAuthNoPriv"
	/>
/>
<Device
	<General
		Name = "192.168.123.57"
		MultiHome = "1"
		DHCP = "0"
		SubnetMask = "255.255.255.0"
		MacAddress = ""
		Interface = ""
		UserData = ""
		TopologyData = ""
		DisplayTag = "hkgswttkp004.var"
		ModelingFile = ""
	/>
	<Snmp
		ReadCommunity = "public"
		WriteCommunity = "private"
		MibFile = "mib2.cmf"
		AgentFile = "C:\Workspace\SNMP\Walkfiles\ForSNMPUpdateToolTest\Brocade\hkgswttkp004.var"
		TrapMgr = ""
		ResponseDelay = "0"
		SnmpStr = "V1V2V3"
		MtuSize = "1500"
		SnmpPort = "161"
		SecurityLevel = "NoAuthNoPriv"
	/>
/>
<Device
	<General
		Name = "192.168.123.58"
		MultiHome = "1"
		DHCP = "0"
		SubnetMask = "255.255.255.0"
		MacAddress = ""
		Interface = ""
		UserData = ""
		TopologyData = ""
		DisplayTag = "hkgswttkp004_Change.var"
		ModelingFile = ""
	/>
	<Snmp
		ReadCommunity = "public"
		WriteCommunity = "private"
		MibFile = "mib2.cmf"
		AgentFile = "C:\Workspace\SNMP\Walkfiles\ForSNMPUpdateToolTest\Brocade\hkgswttkp004_Change.var"
		TrapMgr = ""
		ResponseDelay = "0"
		SnmpStr = "V1V2V3"
		MtuSize = "1500"
		SnmpPort = "161"
		SecurityLevel = "NoAuthNoPriv"
	/>
/>
<Device
	<General
		Name = "192.168.123.59"
		MultiHome = "1"
		DHCP = "0"
		SubnetMask = "255.255.255.0"
		MacAddress = ""
		Interface = ""
		UserData = ""
		TopologyData = ""
		DisplayTag = "HKGSWTTKP004_error.var"
		ModelingFile = ""
	/>
	<Snmp
		ReadCommunity = "public"
		WriteCommunity = "private"
		MibFile = "mib2.cmf"
		AgentFile = "C:\Workspace\SNMP\Walkfiles\ForSNMPUpdateToolTest\Brocade\HKGSWTTKP004_error.var"
		TrapMgr = ""
		ResponseDelay = "0"
		SnmpStr = "V1V2V3"
		MtuSize = "1500"
		SnmpPort = "161"
		SecurityLevel = "NoAuthNoPriv"
	/>
/>
<Device
	<General
		Name = "192.168.123.60"
		MultiHome = "1"
		DHCP = "0"
		SubnetMask = "255.255.255.0"
		MacAddress = ""
		Interface = ""
		UserData = ""
		TopologyData = ""
		DisplayTag = "hkgswttkp005.var"
		ModelingFile = ""
	/>
	<Snmp
		ReadCommunity = "public"
		WriteCommunity = "private"
		MibFile = "mib2.cmf"
		AgentFile = "C:\Workspace\SNMP\Walkfiles\ForSNMPUpdateToolTest\Brocade\hkgswttkp005.var"
		TrapMgr = ""
		ResponseDelay = "0"
		SnmpStr = "V1V2V3"
		MtuSize = "1500"
		SnmpPort = "161"
		SecurityLevel = "NoAuthNoPriv"
	/>
/>
<Device
	<General
		Name = "192.168.123.61"
		MultiHome = "1"
		DHCP = "0"
		SubnetMask = "255.255.255.0"
		MacAddress = ""
		Interface = ""
		UserData = ""
		TopologyData = ""
		DisplayTag = "HKGSWTTKP005_error.var"
		ModelingFile = ""
	/>
	<Snmp
		ReadCommunity = "public"
		WriteCommunity = "private"
		MibFile = "mib2.cmf"
		AgentFile = "C:\Workspace\SNMP\Walkfiles\ForSNMPUpdateToolTest\Brocade\HKGSWTTKP005_error.var"
		TrapMgr = ""
		ResponseDelay = "0"
		SnmpStr = "V1V2V3"
		MtuSize = "1500"
		SnmpPort = "161"
		SecurityLevel = "NoAuthNoPriv"
	/>
/>
<Device
	<General
		Name = "192.168.123.62"
		MultiHome = "1"
		DHCP = "0"
		SubnetMask = "255.255.255.0"
		MacAddress = ""
		Interface = ""
		UserData = ""
		TopologyData = ""
		DisplayTag = "Mg09ck03-c1-43.var"
		ModelingFile = ""
	/>
	<Snmp
		ReadCommunity = "public"
		WriteCommunity = "private"
		MibFile = "mib2.cmf"
		AgentFile = "C:\Workspace\SNMP\Walkfiles\ForSNMPUpdateToolTest\Brocade\Mg09ck03-c1-43.var"
		TrapMgr = ""
		ResponseDelay = "0"
		SnmpStr = "V1V2V3"
		MtuSize = "1500"
		SnmpPort = "161"
		SecurityLevel = "NoAuthNoPriv"
	/>
/>
<Device
	<General
		Name = "192.168.123.63"
		MultiHome = "1"
		DHCP = "0"
		SubnetMask = "255.255.255.0"
		MacAddress = ""
		Interface = ""
		UserData = ""
		TopologyData = ""
		DisplayTag = "Mg09ck03-c2-44.var"
		ModelingFile = ""
	/>
	<Snmp
		ReadCommunity = "public"
		WriteCommunity = "private"
		MibFile = "mib2.cmf"
		AgentFile = "C:\Workspace\SNMP\Walkfiles\ForSNMPUpdateToolTest\Brocade\Mg09ck03-c2-44.var"
		TrapMgr = ""
		ResponseDelay = "0"
		SnmpStr = "V1V2V3"
		MtuSize = "1500"
		SnmpPort = "161"
		SecurityLevel = "NoAuthNoPriv"
	/>
/>
<Device
	<General
		Name = "192.168.123.64"
		MultiHome = "1"
		DHCP = "0"
		SubnetMask = "255.255.255.0"
		MacAddress = ""
		Interface = ""
		UserData = ""
		TopologyData = ""
		DisplayTag = "mibwalkbrocade.var"
		ModelingFile = ""
	/>
	<Snmp
		ReadCommunity = "public"
		WriteCommunity = "private"
		MibFile = "mib2.cmf"
		AgentFile = "C:\Workspace\SNMP\Walkfiles\ForSNMPUpdateToolTest\Brocade\mibwalkbrocade.var"
		TrapMgr = ""
		ResponseDelay = "0"
		SnmpStr = "V1V2V3"
		MtuSize = "1500"
		SnmpPort = "161"
		SecurityLevel = "NoAuthNoPriv"
	/>
/>
<Device
	<General
		Name = "192.168.123.65"
		MultiHome = "1"
		DHCP = "0"
		SubnetMask = "255.255.255.0"
		MacAddress = ""
		Interface = ""
		UserData = ""
		TopologyData = ""
		DisplayTag = "sanswitch_01.var"
		ModelingFile = ""
	/>
	<Snmp
		ReadCommunity = "public"
		WriteCommunity = "private"
		MibFile = "mib2.cmf"
		AgentFile = "C:\Workspace\SNMP\Walkfiles\ForSNMPUpdateToolTest\Brocade\sanswitch_01.var"
		TrapMgr = ""
		ResponseDelay = "0"
		SnmpStr = "V1V2V3"
		MtuSize = "1500"
		SnmpPort = "161"
		SecurityLevel = "NoAuthNoPriv"
	/>
/>
<Device
	<General
		Name = "192.168.123.66"
		MultiHome = "1"
		DHCP = "0"
		SubnetMask = "255.255.255.0"
		MacAddress = ""
		Interface = ""
		UserData = ""
		TopologyData = ""
		DisplayTag = "sanswitch_02.var"
		ModelingFile = ""
	/>
	<Snmp
		ReadCommunity = "public"
		WriteCommunity = "private"
		MibFile = "mib2.cmf"
		AgentFile = "C:\Workspace\SNMP\Walkfiles\ForSNMPUpdateToolTest\Brocade\sanswitch_02.var"
		TrapMgr = ""
		ResponseDelay = "0"
		SnmpStr = "V1V2V3"
		MtuSize = "1500"
		SnmpPort = "161"
		SecurityLevel = "NoAuthNoPriv"
	/>
/>
<Device
	<General
		Name = "192.168.123.67"
		MultiHome = "1"
		DHCP = "0"
		SubnetMask = "255.255.255.0"
		MacAddress = ""
		Interface = ""
		UserData = ""
		TopologyData = ""
		DisplayTag = "sap.var"
		ModelingFile = ""
	/>
	<Snmp
		ReadCommunity = "public"
		WriteCommunity = "private"
		MibFile = "mib2.cmf"
		AgentFile = "C:\Workspace\SNMP\Walkfiles\ForSNMPUpdateToolTest\Brocade\sap.var"
		TrapMgr = ""
		ResponseDelay = "0"
		SnmpStr = "V1V2V3"
		MtuSize = "1500"
		SnmpPort = "161"
		SecurityLevel = "NoAuthNoPriv"
	/>
/>
<Device
	<General
		Name = "192.168.123.68"
		MultiHome = "1"
		DHCP = "0"
		SubnetMask = "255.255.255.0"
		MacAddress = ""
		Interface = ""
		UserData = ""
		TopologyData = ""
		DisplayTag = "sapwalk139.var"
		ModelingFile = ""
	/>
	<Snmp
		ReadCommunity = "public"
		WriteCommunity = "private"
		MibFile = "mib2.cmf"
		AgentFile = "C:\Workspace\SNMP\Walkfiles\ForSNMPUpdateToolTest\Brocade\sapwalk139.var"
		TrapMgr = ""
		ResponseDelay = "0"
		SnmpStr = "V1V2V3"
		MtuSize = "1500"
		SnmpPort = "161"
		SecurityLevel = "NoAuthNoPriv"
	/>
/>
<Device
	<General
		Name = "192.168.123.69"
		MultiHome = "1"
		DHCP = "0"
		SubnetMask = "255.255.255.0"
		MacAddress = ""
		Interface = ""
		UserData = ""
		TopologyData = ""
		DisplayTag = "SapWalk2_brocade5100_Paso4.var"
		ModelingFile = ""
	/>
	<Snmp
		ReadCommunity = "public"
		WriteCommunity = "private"
		MibFile = "mib2.cmf"
		AgentFile = "C:\Workspace\SNMP\Walkfiles\ForSNMPUpdateToolTest\Brocade\SapWalk2_brocade5100_Paso4.var"
		TrapMgr = ""
		ResponseDelay = "0"
		SnmpStr = "V1V2V3"
		MtuSize = "1500"
		SnmpPort = "161"
		SecurityLevel = "NoAuthNoPriv"
	/>
/>
<Device
	<General
		Name = "192.168.123.70"
		MultiHome = "1"
		DHCP = "0"
		SubnetMask = "255.255.255.0"
		MacAddress = ""
		Interface = ""
		UserData = ""
		TopologyData = ""
		DisplayTag = "Vz06bk09-c2-102.var"
		ModelingFile = ""
	/>
	<Snmp
		ReadCommunity = "public"
		WriteCommunity = "private"
		MibFile = "mib2.cmf"
		AgentFile = "C:\Workspace\SNMP\Walkfiles\ForSNMPUpdateToolTest\Brocade\Vz06bk09-c2-102.var"
		TrapMgr = ""
		ResponseDelay = "0"
		SnmpStr = "V1V2V3"
		MtuSize = "1500"
		SnmpPort = "161"
		SecurityLevel = "NoAuthNoPriv"
	/>
/>
<Device
	<General
		Name = "192.168.123.71"
		MultiHome = "1"
		DHCP = "0"
		SubnetMask = "255.255.255.0"
		MacAddress = ""
		Interface = ""
		UserData = ""
		TopologyData = ""
		DisplayTag = "walk016228064084.var"
		ModelingFile = ""
	/>
	<Snmp
		ReadCommunity = "public"
		WriteCommunity = "private"
		MibFile = "mib2.cmf"
		AgentFile = "C:\Workspace\SNMP\Walkfiles\ForSNMPUpdateToolTest\Brocade\walk016228064084.var"
		TrapMgr = ""
		ResponseDelay = "0"
		SnmpStr = "V1V2V3"
		MtuSize = "1500"
		SnmpPort = "161"
		SecurityLevel = "NoAuthNoPriv"
	/>
/>
<Device
	<General
		Name = "192.168.123.72"
		MultiHome = "1"
		DHCP = "0"
		SubnetMask = "255.255.255.0"
		MacAddress = ""
		Interface = ""
		UserData = ""
		TopologyData = ""
		DisplayTag = "walk016228064104.var"
		ModelingFile = ""
	/>
	<Snmp
		ReadCommunity = "public"
		WriteCommunity = "private"
		MibFile = "mib2.cmf"
		AgentFile = "C:\Workspace\SNMP\Walkfiles\ForSNMPUpdateToolTest\Brocade\walk016228064104.var"
		TrapMgr = ""
		ResponseDelay = "0"
		SnmpStr = "V1V2V3"
		MtuSize = "1500"
		SnmpPort = "161"
		SecurityLevel = "NoAuthNoPriv"
	/>
/>
<Device
	<General
		Name = "192.168.123.73"
		MultiHome = "1"
		DHCP = "0"
		SubnetMask = "255.255.255.0"
		MacAddress = ""
		Interface = ""
		UserData = ""
		TopologyData = ""
		DisplayTag = "walk016228064168.var"
		ModelingFile = ""
	/>
	<Snmp
		ReadCommunity = "public"
		WriteCommunity = "private"
		MibFile = "mib2.cmf"
		AgentFile = "C:\Workspace\SNMP\Walkfiles\ForSNMPUpdateToolTest\Brocade\walk016228064168.var"
		TrapMgr = ""
		ResponseDelay = "0"
		SnmpStr = "V1V2V3"
		MtuSize = "1500"
		SnmpPort = "161"
		SecurityLevel = "NoAuthNoPriv"
	/>
/>
</DeviceMap>
