<DeviceMap
	Release = "11.0"
	Description = ""
	UserData = ""
	SetupFile = ""
	Interface = ""
	Separator = ""
	StartInterfaceNum = "0"
	Username = "">
	<Device
		<General
			Name = "192.168.39.1"
			MultiHome = "1"
			DHCP = "0"
			SubnetMask = "255.255.255.0"
			MacAddress = ""
			Interface = ""
			UserData = ""
			TopologyData = ""
			DisplayTag = "dc1nx1-data_sap"
			ModelingFile = ""
		/>
		<Snmp
			ReadCommunity = "public"
			WriteCommunity = "private"
			MibFile = "mib2.cmf"
			AgentFile = "C:\Workspace\SNMP\Walkfiles\Nocode_Walkfiles\dc1nx1-data_sap.txt.var"
			TrapMgr = ""
			ResponseDelay = "0"
			SnmpStr = "V1V2V3"
			MtuSize = "1500"
			SnmpPort = "161"
			SecurityLevel = "NoAuthNoPriv"
		/>
	/>
	<Device
		<General
			Name = "192.168.39.2"
			MultiHome = "1"
			DHCP = "0"
			SubnetMask = "255.255.255.0"
			MacAddress = ""
			Interface = ""
			UserData = ""
			TopologyData = ""
			DisplayTag = "dc1nx1-routing_sap"
			ModelingFile = ""
		/>
		<Snmp
			ReadCommunity = "public"
			WriteCommunity = "private"
			MibFile = "mib2.cmf"
			AgentFile = "C:\Workspace\SNMP\Walkfiles\Nocode_Walkfiles\dc1nx1-routing_sap.txt.var"
			TrapMgr = ""
			ResponseDelay = "0"
			SnmpStr = "V1V2V3"
			MtuSize = "1500"
			SnmpPort = "161"
			SecurityLevel = "NoAuthNoPriv"
		/>
	/>
	<Device
		<General
			Name = "192.168.39.3"
			MultiHome = "1"
			DHCP = "0"
			SubnetMask = "255.255.255.0"
			MacAddress = ""
			Interface = ""
			UserData = ""
			TopologyData = ""
			DisplayTag = "dc1nx1-dmz_sap"
			ModelingFile = ""
		/>
		<Snmp
			ReadCommunity = "public"
			WriteCommunity = "private"
			MibFile = "mib2.cmf"
			AgentFile = "C:\Workspace\SNMP\Walkfiles\Nocode_Walkfiles\dc1nx1-dmz_sap.txt.var"
			TrapMgr = ""
			ResponseDelay = "0"
			SnmpStr = "V1V2V3"
			MtuSize = "1500"
			SnmpPort = "161"
			SecurityLevel = "NoAuthNoPriv"
		/>
	/>
</DeviceMap>
