<DeviceMap
	Release = "11.0"
	Description = ""
	UserData = ""
	SetupFile = ""
	Interface = ""
	Separator = ""
	StartInterfaceNum = "0"
	Username = "">
	<Device
		<General
			Name = "192.168.29.90"
			MultiHome = "1"
			DHCP = "0"
			SubnetMask = "255.255.255.0"
			MacAddress = ""
			Interface = ""
			UserData = ""
			TopologyData = ""
			DisplayTag = "[00092435]NXDRP1"
			ModelingFile = ""
		/>
		<Snmp
			ReadCommunity = "public"
			WriteCommunity = "private"
			MibFile = "mib2.cmf"
			AgentFile = "C:\Workspace\SNMP\Walkfiles\7.1.2H&7.2D\[00092435]NXDRP1.txt.var"
			TrapMgr = ""
			ResponseDelay = "0"
			SnmpStr = "V1V2V3"
			MtuSize = "1500"
			SnmpPort = "161"
			SecurityLevel = "NoAuthNoPriv"
		/>
	/>
	<Device
		<General
			Name = "192.168.29.91"
			MultiHome = "1"
			DHCP = "0"
			SubnetMask = "255.255.255.0"
			MacAddress = ""
			Interface = ""
			UserData = ""
			TopologyData = ""
			DisplayTag = "[00092435]NXDRP1-BE"
			ModelingFile = ""
		/>
		<Snmp
			ReadCommunity = "public"
			WriteCommunity = "private"
			MibFile = "mib2.cmf"
			AgentFile = "C:\Workspace\SNMP\Walkfiles\7.1.2H&7.2D\[00092435]NXDRP1-BE.txt.var"
			TrapMgr = ""
			ResponseDelay = "0"
			SnmpStr = "V1V2V3"
			MtuSize = "1500"
			SnmpPort = "161"
			SecurityLevel = "NoAuthNoPriv"
		/>
	/>
	<Device
		<General
			Name = "192.168.29.92"
			MultiHome = "1"
			DHCP = "0"
			SubnetMask = "255.255.255.0"
			MacAddress = ""
			Interface = ""
			UserData = ""
			TopologyData = ""
			DisplayTag = "[00092435]NXDRP1-FE"
			ModelingFile = ""
		/>
		<Snmp
			ReadCommunity = "public"
			WriteCommunity = "private"
			MibFile = "mib2.cmf"
			AgentFile = "C:\Workspace\SNMP\Walkfiles\7.1.2H&7.2D\[00092435]NXDRP1-FE.txt.var"
			TrapMgr = ""
			ResponseDelay = "0"
			SnmpStr = "V1V2V3"
			MtuSize = "1500"
			SnmpPort = "161"
			SecurityLevel = "NoAuthNoPriv"
		/>
	/>
	<Device
		<General
			Name = "192.168.29.93"
			MultiHome = "1"
			DHCP = "0"
			SubnetMask = "255.255.255.0"
			MacAddress = ""
			Interface = ""
			UserData = ""
			TopologyData = ""
			DisplayTag = "[00092435]NXDRP1-INT"
			ModelingFile = ""
		/>
		<Snmp
			ReadCommunity = "public"
			WriteCommunity = "private"
			MibFile = "mib2.cmf"
			AgentFile = "C:\Workspace\SNMP\Walkfiles\7.1.2H&7.2D\[00092435]NXDRP1-INT.txt.var"
			TrapMgr = ""
			ResponseDelay = "0"
			SnmpStr = "V1V2V3"
			MtuSize = "1500"
			SnmpPort = "161"
			SecurityLevel = "NoAuthNoPriv"
		/>
	/>
	<Device
		<General
			Name = "192.168.29.94"
			MultiHome = "1"
			DHCP = "0"
			SubnetMask = "255.255.255.0"
			MacAddress = ""
			Interface = ""
			UserData = ""
			TopologyData = ""
			DisplayTag = "[00092435]NXDRP1-LAN"
			ModelingFile = ""
		/>
		<Snmp
			ReadCommunity = "public"
			WriteCommunity = "private"
			MibFile = "mib2.cmf"
			AgentFile = "C:\Workspace\SNMP\Walkfiles\7.1.2H&7.2D\[00092435]NXDRP1-LAN.txt.var"
			TrapMgr = ""
			ResponseDelay = "0"
			SnmpStr = "V1V2V3"
			MtuSize = "1500"
			SnmpPort = "161"
			SecurityLevel = "NoAuthNoPriv"
		/>
	/>
</DeviceMap>
